Component: ARM Compiler 5.06 update 5 (build 528) Tool: armlink [4d35e2]

==============================================================================

Section Cross References

    startup_stm32f103xb.o(RESET) refers to startup_stm32f103xb.o(STACK) for __initial_sp
    startup_stm32f103xb.o(RESET) refers to startup_stm32f103xb.o(.text) for Reset_Handler
    startup_stm32f103xb.o(RESET) refers to stm32f1xx_it.o(i.NMI_Handler) for NMI_Handler
    startup_stm32f103xb.o(RESET) refers to stm32f1xx_it.o(i.HardFault_Handler) for HardFault_Handler
    startup_stm32f103xb.o(RESET) refers to stm32f1xx_it.o(i.MemManage_Handler) for MemManage_Handler
    startup_stm32f103xb.o(RESET) refers to stm32f1xx_it.o(i.BusFault_Handler) for BusFault_Handler
    startup_stm32f103xb.o(RESET) refers to stm32f1xx_it.o(i.UsageFault_Handler) for UsageFault_Handler
    startup_stm32f103xb.o(RESET) refers to stm32f1xx_it.o(i.SVC_Handler) for SVC_Handler
    startup_stm32f103xb.o(RESET) refers to stm32f1xx_it.o(i.DebugMon_Handler) for DebugMon_Handler
    startup_stm32f103xb.o(RESET) refers to stm32f1xx_it.o(i.PendSV_Handler) for PendSV_Handler
    startup_stm32f103xb.o(RESET) refers to stm32f1xx_it.o(i.SysTick_Handler) for SysTick_Handler
    startup_stm32f103xb.o(RESET) refers to stm32f1xx_it.o(i.TIM2_IRQHandler) for TIM2_IRQHandler
    startup_stm32f103xb.o(RESET) refers to stm32f1xx_it.o(i.TIM3_IRQHandler) for TIM3_IRQHandler
    startup_stm32f103xb.o(RESET) refers to stm32f1xx_it.o(i.TIM4_IRQHandler) for TIM4_IRQHandler
    startup_stm32f103xb.o(RESET) refers to stm32f1xx_it.o(i.USART1_IRQHandler) for USART1_IRQHandler
    startup_stm32f103xb.o(RESET) refers to stm32f1xx_it.o(i.USART2_IRQHandler) for USART2_IRQHandler
    startup_stm32f103xb.o(.text) refers to system_stm32f1xx.o(i.SystemInit) for SystemInit
    startup_stm32f103xb.o(.text) refers to entry.o(.ARM.Collect$$$$00000000) for __main
    main.o(i.SystemClock_Config) refers to memseta.o(.text) for __aeabi_memclr4
    main.o(i.SystemClock_Config) refers to stm32f1xx_hal_rcc.o(i.HAL_RCC_OscConfig) for HAL_RCC_OscConfig
    main.o(i.SystemClock_Config) refers to stm32f1xx_hal_rcc.o(i.HAL_RCC_ClockConfig) for HAL_RCC_ClockConfig
    main.o(i.main) refers to stm32f1xx_hal.o(i.HAL_Init) for HAL_Init
    main.o(i.main) refers to main.o(i.SystemClock_Config) for SystemClock_Config
    main.o(i.main) refers to gpio.o(i.MX_GPIO_Init) for MX_GPIO_Init
    main.o(i.main) refers to tim.o(i.MX_TIM1_Init) for MX_TIM1_Init
    main.o(i.main) refers to tim.o(i.MX_TIM4_Init) for MX_TIM4_Init
    main.o(i.main) refers to tim.o(i.MX_TIM3_Init) for MX_TIM3_Init
    main.o(i.main) refers to usart.o(i.MX_USART1_UART_Init) for MX_USART1_UART_Init
    main.o(i.main) refers to usart.o(i.MX_USART2_UART_Init) for MX_USART2_UART_Init
    main.o(i.main) refers to tim.o(i.MX_TIM2_Init) for MX_TIM2_Init
    main.o(i.main) refers to stm32f1xx_hal_tim.o(i.HAL_TIM_Encoder_Start) for HAL_TIM_Encoder_Start
    main.o(i.main) refers to stm32f1xx_hal_tim.o(i.HAL_TIM_Base_Start_IT) for HAL_TIM_Base_Start_IT
    main.o(i.main) refers to motor.o(i.set_motor1_enable) for set_motor1_enable
    main.o(i.main) refers to motor.o(i.set_motor2_enable) for set_motor2_enable
    main.o(i.main) refers to stm32f1xx_hal_tim.o(i.HAL_TIM_PWM_Start) for HAL_TIM_PWM_Start
    main.o(i.main) refers to pid.o(i.pid_param_init) for pid_param_init
    main.o(i.main) refers to stm32f1xx_hal_uart.o(i.HAL_UART_Receive_IT) for HAL_UART_Receive_IT
    main.o(i.main) refers to oled.o(i.OLED_Init) for OLED_Init
    main.o(i.main) refers to oled.o(i.OLED_ColorTurn) for OLED_ColorTurn
    main.o(i.main) refers to oled.o(i.OLED_DisplayTurn) for OLED_DisplayTurn
    main.o(i.main) refers to buzz.o(i.Buzz) for Buzz
    main.o(i.main) refers to control.o(i.car_turn) for car_turn
    main.o(i.main) refers to stm32f1xx_hal.o(i.HAL_Delay) for HAL_Delay
    main.o(i.main) refers to menu.o(i.menu_start_select) for menu_start_select
    main.o(i.main) refers to key.o(i.key_scan) for key_scan
    main.o(i.main) refers to control.o(i.car_go) for car_go
    main.o(i.main) refers to control.o(i.car_spin) for car_spin
    main.o(i.main) refers to ffltui.o(.text) for __aeabi_ui2f
    main.o(i.main) refers to pid.o(i.set_pid_target) for set_pid_target
    main.o(i.main) refers to f2d.o(.text) for __aeabi_f2d
    main.o(i.main) refers to printfa.o(i.__0sprintf) for __2sprintf
    main.o(i.main) refers to oled.o(i.OLED_ShowString) for OLED_ShowString
    main.o(i.main) refers to oled.o(i.OLED_Refresh) for OLED_Refresh
    main.o(i.main) refers to tim.o(.bss) for htim2
    main.o(i.main) refers to usart.o(.bss) for huart1
    main.o(i.main) refers to stm32f1xx_it.o(.data) for g_usart2_receivedata
    main.o(i.main) refers to main.o(.data) for .data
    main.o(i.main) refers to jy61p.o(.data) for g_yaw_jy61
    main.o(i.main) refers to control.o(.data) for g_Line_Flag
    main.o(i.main) refers to pid.o(.bss) for g_pid_turn_angle
[...]
    ..\Drivers\STM32F1xx_HAL_Driver\Src\stm32f1xx_hal_dma.c 0x00000000   Number         0  stm32f1xx_hal_dma.o ABSOLUTE
    ..\Drivers\STM32F1xx_HAL_Driver\Src\stm32f1xx_hal_exti.c 0x00000000   Number         0  stm32f1xx_hal_exti.o ABSOLUTE
    ..\Drivers\STM32F1xx_HAL_Driver\Src\stm32f1xx_hal_flash.c 0x00000000   Number         0  stm32f1xx_hal_flash.o ABSOLUTE
    ..\Drivers\STM32F1xx_HAL_Driver\Src\stm32f1xx_hal_flash_ex.c 0x00000000   Number         0  stm32f1xx_hal_flash_ex.o ABSOLUTE
    ..\Drivers\STM32F1xx_HAL_Driver\Src\stm32f1xx_hal_gpio.c 0x00000000   Number         0  stm32f1xx_hal_gpio.o ABSOLUTE
    ..\Drivers\STM32F1xx_HAL_Driver\Src\stm32f1xx_hal_gpio_ex.c 0x00000000   Number         0  stm32f1xx_hal_gpio_ex.o ABSOLUTE
    ..\Drivers\STM32F1xx_HAL_Driver\Src\stm32f1xx_hal_pwr.c 0x00000000   Number         0  stm32f1xx_hal_pwr.o ABSOLUTE
    ..\Drivers\STM32F1xx_HAL_Driver\Src\stm32f1xx_hal_rcc.c 0x00000000   Number         0  stm32f1xx_hal_rcc.o ABSOLUTE
    ..\Drivers\STM32F1xx_HAL_Driver\Src\stm32f1xx_hal_rcc_ex.c 0x00000000   Number         0  stm32f1xx_hal_rcc_ex.o ABSOLUTE
    ..\Drivers\STM32F1xx_HAL_Driver\Src\stm32f1xx_hal_tim.c 0x00000000   Number         0  stm32f1xx_hal_tim.o ABSOLUTE
    ..\Drivers\STM32F1xx_HAL_Driver\Src\stm32f1xx_hal_tim_ex.c 0x00000000   Number         0  stm32f1xx_hal_tim_ex.o ABSOLUTE
    ..\Drivers\STM32F1xx_HAL_Driver\Src\stm32f1xx_hal_uart.c 0x00000000   Number         0  stm32f1xx_hal_uart.o ABSOLUTE
    ..\HARDWARE\CONTROL\control.c            0x00000000   Number         0  control.o ABSOLUTE
    ..\HARDWARE\ENCODER\encoder.c            0x00000000   Number         0  encoder.o ABSOLUTE
    ..\HARDWARE\JY61P\jy61p.c                0x00000000   Number         0  jy61p.o ABSOLUTE
    ..\HARDWARE\KEY\key.c                    0x00000000   Number         0  key.o ABSOLUTE
    ..\HARDWARE\LINE\line.c                  0x00000000   Number         0  line.o ABSOLUTE
    ..\HARDWARE\MENU\menu.c                  0x00000000   Number         0  menu.o ABSOLUTE
    ..\HARDWARE\MOTOR\motor.c                0x00000000   Number         0  motor.o ABSOLUTE
    ..\HARDWARE\OLED\oled.c                  0x00000000   Number         0  oled.o ABSOLUTE
    ..\HARDWARE\PID\pid.c                    0x00000000   Number         0  pid.o ABSOLUTE
    ..\HARDWARE\PROTOCOL\protocol.c          0x00000000   Number         0  protocol.o ABSOLUTE
    ..\\HARDWARE\\CONTROL\\control.c         0x00000000   Number         0  control.o ABSOLUTE
    ..\\HARDWARE\\ENCODER\\encoder.c         0x00000000   Number         0  encoder.o ABSOLUTE
    ..\\HARDWARE\\JY61P\\jy61p.c             0x00000000   Number         0  jy61p.o ABSOLUTE
    ..\\HARDWARE\\KEY\\key.c                 0x00000000   Number         0  key.o ABSOLUTE
    ..\\HARDWARE\\LINE\\line.c               0x00000000   Number         0  line.o ABSOLUTE
    ..\\HARDWARE\\MENU\\menu.c               0x00000000   Number         0  menu.o ABSOLUTE
    ..\\HARDWARE\\MOTOR\\motor.c             0x00000000   Number         0  motor.o ABSOLUTE
    ..\\HARDWARE\\OLED\\oled.c               0x00000000   Number         0  oled.o ABSOLUTE
    ..\\HARDWARE\\PID\\pid.c                 0x00000000   Number         0  pid.o ABSOLUTE
    ..\\HARDWARE\\PROTOCOL\\protocol.c       0x00000000   Number         0  protocol.o ABSOLUTE
    buzz.c                                   0x00000000   Number         0  buzz.o ABSOLUTE
    buzz.c                                   0x00000000   Number         0  buzz.o ABSOLUTE
    cdcmple.s                                0x00000000   Number         0  cdcmple.o ABSOLUTE
    cdrcmple.s                               0x00000000   Number         0  cdrcmple.o ABSOLUTE
    cfcmple.s                                0x00000000   Number         0  cfcmple.o ABSOLUTE
    cfrcmple.s                               0x00000000   Number         0  cfrcmple.o ABSOLUTE
    dc.s                                     0x00000000   Number         0  dc.o ABSOLUTE
    handlers.s                               0x00000000   Number         0  handlers.o ABSOLUTE
    init.s                                   0x00000000   Number         0  init.o ABSOLUTE
    startup_stm32f103xb.s                    0x00000000   Number         0  startup_stm32f103xb.o ABSOLUTE
    RESET                                    0x08000000   Section      236  startup_stm32f103xb.o(RESET)
    .ARM.Collect$$$$00000000                 0x080000ec   Section        0  entry.o(.ARM.Collect$$$$00000000)
    .ARM.Collect$$$$00000001                 0x080000ec   Section        4  entry2.o(.ARM.Collect$$$$00000001)
    .ARM.Collect$$$$00000004                 0x080000f0   Section        4  entry5.o(.ARM.Collect$$$$00000004)
    .ARM.Collect$$$$00000008                 0x080000f4   Section        0  entry7b.o(.ARM.Collect$$$$00000008)
    .ARM.Collect$$$$0000000A                 0x080000f4   Section        0  entry8b.o(.ARM.Collect$$$$0000000A)
    .ARM.Collect$$$$0000000B                 0x080000f4   Section        8  entry9a.o(.ARM.Collect$$$$0000000B)
    .ARM.Collect$$$$0000000D                 0x080000fc   Section        0  entry10a.o(.ARM.Collect$$$$0000000D)
    .ARM.Collect$$$$0000000F                 0x080000fc   Section        0  entry11a.o(.ARM.Collect$$$$0000000F)
    .ARM.Collect$$$$00002712                 0x080000fc   Section        4  entry2.o(.ARM.Collect$$$$00002712)
    __lit__00000000                          0x080000fc   Data           4  entry2.o(.ARM.Collect$$$$00002712)
    .text                                    0x08000100   Section       36  startup_stm32f103xb.o(.text)
    .text                                    0x08000124   Section        0  llushr.o(.text)
    .text                                    0x08000144   Section        0  memcpya.o(.text)
    .text                                    0x08000168   Section        0  memseta.o(.text)
    .text                                    0x0800018c   Section        0  fadd.o(.text)
    .text                                    0x0800023c   Section        0  fmul.o(.text)
    .text                                    0x080002a0   Section        0  fdiv.o(.text)
    .text                                    0x0800031c   Section        0  fscalb.o(.text)
    .text                                    0x08000334   Section        0  dadd.o(.text)
    .text                                    0x08000482   Section        0  dmul.o(.text)
    .text                                    0x08000566   Section        0  ddiv.o(.text)
    .text                                    0x08000644   Section        0  fflti.o(.text)
    .text                                    0x08000656   Section        0  ffltui.o(.text)
    .text                                    0x08000660   Section        0  dflti.o(.text)
    .text                                    0x08000682   Section        0  ffixi.o(.text)
    .text                                    0x080006b4   Section        0  dfixi.o(.text)
    .text                                    0x080006f2   Section        0  f2d.o(.text)
    .text                                    0x08000718   Section       48  cdcmple.o(.text)
    .text                                    0x08000748   Section        0  d2f.o(.text)
    .text                                    0x08000780   Section       20  cfcmple.o(.text)
    .text                                    0x08000794   Section       20  cfrcmple.o(.text)
    .text                                    0x080007a8   Section        0  uidiv.o(.text)
    .text                                    0x080007d4   Section        0  uldiv.o(.text)
    .text                                    0x08000836   Section        0  llshl.o(.text)
    .text                                    0x08000854   Section        0  llsshr.o(.text)
    .text                                    0x08000878   Section        0  iusefp.o(.text)
    .text                                    0x08000878   Section        0  fepilogue.o(.text)
    .text                                    0x080008e6   Section        0  depilogue.o(.text)
    .text                                    0x080009a0   Section        0  dfixul.o(.text)
    .text                                    0x080009d0   Section       48  cdrcmple.o(.text)
    .text                                    0x08000a00   Section       36  init.o(.text)
    i.BusFault_Handler                       0x08000a24   Section        0  stm32f1xx_it.o(i.BusFault_Handler)
    i.Buzz                                   0x08000a28   Section        0  buzz.o(i.Buzz)
    i.DebugMon_Handler                       0x08000a54   Section        0  stm32f1xx_it.o(i.DebugMon_Handler)
    i.Error_Handler                          0x08000a56   Section        0  main.o(i.Error_Handler)
    i.HAL_DMA_Abort_IT                       0x08000a5c   Section        0  stm32f1xx_hal_dma.o(i.HAL_DMA_Abort_IT)
    i.HAL_Delay                              0x08000af4   Section        0  stm32f1xx_hal.o(i.HAL_Delay)
    i.HAL_GPIO_Init                          0x08000b18   Section        0  stm32f1xx_hal_gpio.o(i.HAL_GPIO_Init)
    i.HAL_GPIO_ReadPin                       0x08000ce4   Section        0  stm32f1xx_hal_gpio.o(i.HAL_GPIO_ReadPin)
    i.HAL_GPIO_WritePin                      0x08000cee   Section        0  stm32f1xx_hal_gpio.o(i.HAL_GPIO_WritePin)
    i.HAL_GetTick                            0x08000cf8   Section        0  stm32f1xx_hal.o(i.HAL_GetTick)
    i.HAL_IncTick                            0x08000d04   Section        0  stm32f1xx_hal.o(i.HAL_IncTick)
    i.HAL_Init                               0x08000d14   Section        0  stm32f1xx_hal.o(i.HAL_Init)
    i.HAL_InitTick                           0x08000d38   Section        0  stm32f1xx_hal.o(i.HAL_InitTick)
    i.HAL_MspInit                            0x08000d78   Section        0  stm32f1xx_hal_msp.o(i.HAL_MspInit)
    i.HAL_NVIC_EnableIRQ                     0x08000dbc   Section        0  stm32f1xx_hal_cortex.o(i.HAL_NVIC_EnableIRQ)
    i.HAL_NVIC_SetPriority                   0x08000dd8   Section        0  stm32f1xx_hal_cortex.o(i.HAL_NVIC_SetPriority)
    i.HAL_NVIC_SetPriorityGrouping           0x08000e18   Section        0  stm32f1xx_hal_cortex.o(i.HAL_NVIC_SetPriorityGrouping)
    i.HAL_RCC_ClockConfig                    0x08000e3c   Section        0  stm32f1xx_hal_rcc.o(i.HAL_RCC_ClockConfig)
    i.HAL_RCC_GetPCLK1Freq                   0x08000f74   Section        0  stm32f1xx_hal_rcc.o(i.HAL_RCC_GetPCLK1Freq)
    i.HAL_RCC_GetPCLK2Freq                   0x08000f94   Section        0  stm32f1xx_hal_rcc.o(i.HAL_RCC_GetPCLK2Freq)
    i.HAL_RCC_GetSysClockFreq                0x08000fb4   Section        0  stm32f1xx_hal_rcc.o(i.HAL_RCC_GetSysClockFreq)
    i.HAL_RCC_OscConfig                      0x08001020   Section        0  stm32f1xx_hal_rcc.o(i.HAL_RCC_OscConfig)
    i.HAL_SYSTICK_Config                     0x08001338   Section        0  stm32f1xx_hal_cortex.o(i.HAL_SYSTICK_Config)
    i.HAL_TIMEx_BreakCallback                0x08001360   Section        0  stm32f1xx_hal_tim_ex.o(i.HAL_TIMEx_BreakCallback)
    i.HAL_TIMEx_CommutCallback               0x08001362   Section        0  stm32f1xx_hal_tim_ex.o(i.HAL_TIMEx_CommutCallback)
    i.HAL_TIMEx_ConfigBreakDeadTime          0x08001364   Section        0  stm32f1xx_hal_tim_ex.o(i.HAL_TIMEx_ConfigBreakDeadTime)
    i.HAL_TIMEx_MasterConfigSynchronization  0x080013b8   Section        0  stm32f1xx_hal_tim_ex.o(i.HAL_TIMEx_MasterConfigSynchronization)
    i.HAL_TIM_Base_Init                      0x08001420   Section        0  stm32f1xx_hal_tim.o(i.HAL_TIM_Base_Init)
    i.HAL_TIM_Base_MspInit                   0x0800147c   Section        0  tim.o(i.HAL_TIM_Base_MspInit)
    i.HAL_TIM_Base_Start_IT                  0x080014b8   Section        0  stm32f1xx_hal_tim.o(i.HAL_TIM_Base_Start_IT)
    i.HAL_TIM_ConfigClockSource              0x08001510   Section        0  stm32f1xx_hal_tim.o(i.HAL_TIM_ConfigClockSource)
    i.HAL_TIM_Encoder_Init                   0x080015e6   Section        0  stm32f1xx_hal_tim.o(i.HAL_TIM_Encoder_Init)
    i.HAL_TIM_Encoder_MspInit                0x0800168c   Section        0  tim.o(i.HAL_TIM_Encoder_MspInit)
    i.HAL_TIM_Encoder_Start                  0x08001734   Section        0  stm32f1xx_hal_tim.o(i.HAL_TIM_Encoder_Start)
    i.HAL_TIM_IC_CaptureCallback             0x080017c6   Section        0  stm32f1xx_hal_tim.o(i.HAL_TIM_IC_CaptureCallback)
    i.HAL_TIM_IRQHandler                     0x080017c8   Section        0  stm32f1xx_hal_tim.o(i.HAL_TIM_IRQHandler)
    i.HAL_TIM_MspPostInit                    0x08001930   Section        0  tim.o(i.HAL_TIM_MspPostInit)
    i.HAL_TIM_OC_DelayElapsedCallback        0x0800197c   Section        0  stm32f1xx_hal_tim.o(i.HAL_TIM_OC_DelayElapsedCallback)
    i.HAL_TIM_PWM_ConfigChannel              0x0800197e   Section        0  stm32f1xx_hal_tim.o(i.HAL_TIM_PWM_ConfigChannel)
    i.HAL_TIM_PWM_Init                       0x08001a44   Section        0  stm32f1xx_hal_tim.o(i.HAL_TIM_PWM_Init)
    i.HAL_TIM_PWM_MspInit                    0x08001aa0   Section        0  tim.o(i.HAL_TIM_PWM_MspInit)
    i.HAL_TIM_PWM_PulseFinishedCallback      0x08001ac8   Section        0  stm32f1xx_hal_tim.o(i.HAL_TIM_PWM_PulseFinishedCallback)
    i.HAL_TIM_PWM_Start                      0x08001acc   Section        0  stm32f1xx_hal_tim.o(i.HAL_TIM_PWM_Start)
    i.HAL_TIM_PWM_Stop                       0x08001b6c   Section        0  stm32f1xx_hal_tim.o(i.HAL_TIM_PWM_Stop)
    i.HAL_TIM_PeriodElapsedCallback          0x08001bdc   Section        0  control.o(i.HAL_TIM_PeriodElapsedCallback)
    i.HAL_TIM_TriggerCallback                0x08001e14   Section        0  stm32f1xx_hal_tim.o(i.HAL_TIM_TriggerCallback)
    i.HAL_UART_ErrorCallback                 0x08001e16   Section        0  stm32f1xx_hal_uart.o(i.HAL_UART_ErrorCallback)
    i.HAL_UART_IRQHandler                    0x08001e18   Section        0  stm32f1xx_hal_uart.o(i.HAL_UART_IRQHandler)
    i.HAL_UART_Init                          0x08001f74   Section        0  stm32f1xx_hal_uart.o(i.HAL_UART_Init)
    i.HAL_UART_MspInit                       0x08001fd8   Section        0  usart.o(i.HAL_UART_MspInit)
    i.HAL_UART_Receive_IT                    0x080020b0   Section        0  stm32f1xx_hal_uart.o(i.HAL_UART_Receive_IT)
    i.HAL_UART_RxCpltCallback                0x08002104   Section        0  stm32f1xx_it.o(i.HAL_UART_RxCpltCallback)
    i.HAL_UART_TxCpltCallback                0x08002134   Section        0  stm32f1xx_hal_uart.o(i.HAL_UART_TxCpltCallback)
    i.HardFault_Handler                      0x08002136   Section        0  stm32f1xx_it.o(i.HardFault_Handler)
    i.I2C_Start                              0x08002138   Section        0  oled.o(i.I2C_Start)
    i.I2C_Stop                               0x0800217c   Section        0  oled.o(i.I2C_Stop)
    i.I2C_WaitAck                            0x080021b0   Section        0  oled.o(i.I2C_WaitAck)
    i.IIC_delay                              0x080021e8   Section        0  oled.o(i.IIC_delay)
    i.Is_Off_Line                            0x080021f4   Section        0  line.o(i.Is_Off_Line)
    i.MX_GPIO_Init                           0x08002224   Section        0  gpio.o(i.MX_GPIO_Init)
    i.MX_TIM1_Init                           0x0800235c   Section        0  tim.o(i.MX_TIM1_Init)
    i.MX_TIM2_Init                           0x0800240c   Section        0  tim.o(i.MX_TIM2_Init)
    i.MX_TIM3_Init                           0x08002474   Section        0  tim.o(i.MX_TIM3_Init)
    i.MX_TIM4_Init                           0x080024dc   Section        0  tim.o(i.MX_TIM4_Init)
    i.MX_USART1_UART_Init                    0x08002548   Section        0  usart.o(i.MX_USART1_UART_Init)
    i.MX_USART2_UART_Init                    0x08002580   Section        0  usart.o(i.MX_USART2_UART_Init)
    i.MemManage_Handler                      0x080025b8   Section        0  stm32f1xx_it.o(i.MemManage_Handler)
    i.NMI_Handler                            0x080025ba   Section        0  stm32f1xx_it.o(i.NMI_Handler)
    i.OLED_Clear                             0x080025bc   Section        0  oled.o(i.OLED_Clear)
    i.OLED_ColorTurn                         0x080025e8   Section        0  oled.o(i.OLED_ColorTurn)
    i.OLED_DisplayTurn                       0x080025fe   Section        0  oled.o(i.OLED_DisplayTurn)
    i.OLED_DrawPoint                         0x0800262c   Section        0  oled.o(i.OLED_DrawPoint)
    i.OLED_Init                              0x08002658   Section        0  oled.o(i.OLED_Init)
    i.OLED_Refresh                           0x08002738   Section        0  oled.o(i.OLED_Refresh)
    i.OLED_ShowChar                          0x0800279c   Section        0  oled.o(i.OLED_ShowChar)
    i.OLED_ShowString                        0x08002878   Section        0  oled.o(i.OLED_ShowString)
    i.OLED_WR_Byte                           0x080028b4   Section        0  oled.o(i.OLED_WR_Byte)
    i.PendSV_Handler                         0x080028ea   Section        0  stm32f1xx_it.o(i.PendSV_Handler)
    i.SVC_Handler                            0x080028ec   Section        0  stm32f1xx_it.o(i.SVC_Handler)
    i.Send_Byte                              0x080028f0   Section        0  oled.o(i.Send_Byte)
    i.SysTick_Handler                        0x08002944   Section        0  stm32f1xx_it.o(i.SysTick_Handler)
    i.SystemClock_Config                     0x08002948   Section        0  main.o(i.SystemClock_Config)
    i.SystemInit                             0x080029a4   Section        0  system_stm32f1xx.o(i.SystemInit)
    i.TIM2_IRQHandler                        0x080029a8   Section        0  stm32f1xx_it.o(i.TIM2_IRQHandler)
    i.TIM3_IRQHandler                        0x080029b4   Section        0  stm32f1xx_it.o(i.TIM3_IRQHandler)
    i.TIM4_IRQHandler                        0x080029c0   Section        0  stm32f1xx_it.o(i.TIM4_IRQHandler)
    i.TIM_Base_SetConfig                     0x080029cc   Section        0  stm32f1xx_hal_tim.o(i.TIM_Base_SetConfig)
    i.TIM_CCxChannelCmd                      0x08002a38   Section        0  stm32f1xx_hal_tim.o(i.TIM_CCxChannelCmd)
    i.TIM_ETR_SetConfig                      0x08002a52   Section        0  stm32f1xx_hal_tim.o(i.TIM_ETR_SetConfig)
    i.TIM_ITRx_SetConfig                     0x08002a66   Section        0  stm32f1xx_hal_tim.o(i.TIM_ITRx_SetConfig)
    TIM_ITRx_SetConfig                       0x08002a67   Thumb Code    16  stm32f1xx_hal_tim.o(i.TIM_ITRx_SetConfig)
    i.TIM_OC1_SetConfig                      0x08002a78   Section        0  stm32f1xx_hal_tim.o(i.TIM_OC1_SetConfig)
    TIM_OC1_SetConfig                        0x08002a79   Thumb Code    82  stm32f1xx_hal_tim.o(i.TIM_OC1_SetConfig)
    i.TIM_OC2_SetConfig                      0x08002ad0   Section        0  stm32f1xx_hal_tim.o(i.TIM_OC2_SetConfig)
    i.TIM_OC3_SetConfig                      0x08002b2c   Section        0  stm32f1xx_hal_tim.o(i.TIM_OC3_SetConfig)
    TIM_OC3_SetConfig                        0x08002b2d   Thumb Code    84  stm32f1xx_hal_tim.o(i.TIM_OC3_SetConfig)
    i.TIM_OC4_SetConfig                      0x08002b84   Section        0  stm32f1xx_hal_tim.o(i.TIM_OC4_SetConfig)
    TIM_OC4_SetConfig                        0x08002b85   Thumb Code    64  stm32f1xx_hal_tim.o(i.TIM_OC4_SetConfig)
    i.TIM_TI1_ConfigInputStage               0x08002bc8   Section        0  stm32f1xx_hal_tim.o(i.TIM_TI1_ConfigInputStage)
    TIM_TI1_ConfigInputStage                 0x08002bc9   Thumb Code    34  stm32f1xx_hal_tim.o(i.TIM_TI1_ConfigInputStage)
    i.TIM_TI2_ConfigInputStage               0x08002bea   Section        0  stm32f1xx_hal_tim.o(i.TIM_TI2_ConfigInputStage)
    TIM_TI2_ConfigInputStage                 0x08002beb   Thumb Code    36  stm32f1xx_hal_tim.o(i.TIM_TI2_ConfigInputStage)
    i.UART_DMAAbortOnError                   0x08002c0e   Section        0  stm32f1xx_hal_uart.o(i.UART_DMAAbortOnError)
    UART_DMAAbortOnError                     0x08002c0f   Thumb Code    16  stm32f1xx_hal_uart.o(i.UART_DMAAbortOnError)
    i.UART_EndRxTransfer                     0x08002c1e   Section        0  stm32f1xx_hal_uart.o(i.UART_EndRxTransfer)
    UART_EndRxTransfer                       0x08002c1f   Thumb Code    28  stm32f1xx_hal_uart.o(i.UART_EndRxTransfer)
    i.UART_Receive_IT                        0x08002c3a   Section        0  stm32f1xx_hal_uart.o(i.UART_Receive_IT)
    UART_Receive_IT                          0x08002c3b   Thumb Code   140  stm32f1xx_hal_uart.o(i.UART_Receive_IT)
    i.UART_SetConfig                         0x08002cc8   Section        0  stm32f1xx_hal_uart.o(i.UART_SetConfig)
    UART_SetConfig                           0x08002cc9   Thumb Code   178  stm32f1xx_hal_uart.o(i.UART_SetConfig)
    i.USART1_IRQHandler                      0x08002d80   Section        0  stm32f1xx_it.o(i.USART1_IRQHandler)
    i.USART2_IRQHandler                      0x08002d8c   Section        0  stm32f1xx_it.o(i.USART2_IRQHandler)
    i.UsageFault_Handler                     0x08002d98   Section        0  stm32f1xx_it.o(i.UsageFault_Handler)
    i.__0sprintf                             0x08002d9c   Section        0  printfa.o(i.__0sprintf)
    i.__NVIC_SetPriority                     0x08002dc4   Section        0  stm32f1xx_hal_cortex.o(i.__NVIC_SetPriority)
    __NVIC_SetPriority                       0x08002dc5   Thumb Code    32  stm32f1xx_hal_cortex.o(i.__NVIC_SetPriority)
    i.__scatterload_copy                     0x08002de4   Section       14  handlers.o(i.__scatterload_copy)
    i.__scatterload_null                     0x08002df2   Section        2  handlers.o(i.__scatterload_null)
    i.__scatterload_zeroinit                 0x08002df4   Section       14  handlers.o(i.__scatterload_zeroinit)
    i._fp_digits                             0x08002e04   Section        0  printfa.o(i._fp_digits)
    _fp_digits                               0x08002e05   Thumb Code   366  printfa.o(i._fp_digits)
    i._printf_core                           0x08002f88   Section        0  printfa.o(i._printf_core)
    _printf_core                             0x08002f89   Thumb Code  1744  printfa.o(i._printf_core)
    i._printf_post_padding                   0x08003664   Section        0  printfa.o(i._printf_post_padding)
    _printf_post_padding                     0x08003665   Thumb Code    36  printfa.o(i._printf_post_padding)
    i._printf_pre_padding                    0x08003688   Section        0  printfa.o(i._printf_pre_padding)
    _printf_pre_padding                      0x08003689   Thumb Code    46  printfa.o(i._printf_pre_padding)
    i._sputc                                 0x080036b6   Section        0  printfa.o(i._sputc)
    _sputc                                   0x080036b7   Thumb Code    10  printfa.o(i._sputc)
    i.car_go                                 0x080036c0   Section        0  control.o(i.car_go)
    i.car_spin                               0x08003738   Section        0  control.o(i.car_spin)
    i.car_turn                               0x080037b4   Section        0  control.o(i.car_turn)
    i.find_abs                               0x080037e0   Section        0  motor.o(i.find_abs)
    i.jy61p_ReceiveData                      0x080037e8   Section        0  jy61p.o(i.jy61p_ReceiveData)
    i.key_scan                               0x08003868   Section        0  key.o(i.key_scan)
    i.limit_motor_pwm                        0x080038e0   Section        0  motor.o(i.limit_motor_pwm)
    i.line_err                               0x0800390c   Section        0  line.o(i.line_err)
    i.line_pid_control                       0x08003a24   Section        0  control.o(i.line_pid_control)
    i.line_pid_realize                       0x08003a34   Section        0  line.o(i.line_pid_realize)
    i.load_motor_pwm                         0x08003aa8   Section        0  motor.o(i.load_motor_pwm)
    i.location1_pid_control                  0x08003b24   Section        0  control.o(i.location1_pid_control)
    i.location2_pid_control                  0x08003b58   Section        0  control.o(i.location2_pid_control)
    i.location_pid_realize                   0x08003b8c   Section        0  pid.o(i.location_pid_realize)
    i.location_speed_control                 0x08003be0   Section        0  control.o(i.location_speed_control)
    i.main                                   0x08003c44   Section        0  main.o(i.main)
    i.menu_start_select                      0x08003e38   Section        0  menu.o(i.menu_start_select)
    i.pid_param_init                         0x08003f5c   Section        0  pid.o(i.pid_param_init)
    i.read_pluse                             0x08003ff4   Section        0  encoder.o(i.read_pluse)
    i.set_motor1_disable                     0x08004000   Section        0  motor.o(i.set_motor1_disable)
    i.set_motor1_enable                      0x08004018   Section        0  motor.o(i.set_motor1_enable)
    i.set_motor2_disable                     0x08004030   Section        0  motor.o(i.set_motor2_disable)
    i.set_motor2_enable                      0x08004048   Section        0  motor.o(i.set_motor2_enable)
    i.set_pid_relative_angle                 0x08004060   Section        0  pid.o(i.set_pid_relative_angle)
    i.set_pid_target                         0x08004094   Section        0  pid.o(i.set_pid_target)
    i.speed1_pid_control                     0x08004098   Section        0  control.o(i.speed1_pid_control)
    i.speed2_pid_control                     0x080040e4   Section        0  control.o(i.speed2_pid_control)
    i.speed_pid_realize                      0x08004130   Section        0  pid.o(i.speed_pid_realize)
    i.turn_angle_pid_control                 0x080041a8   Section        0  control.o(i.turn_angle_pid_control)
    i.turn_angle_pid_realize                 0x080041e0   Section        0  pid.o(i.turn_angle_pid_realize)
    i.turn_angle_speed_control               0x08004278   Section        0  control.o(i.turn_angle_speed_control)
    .constdata                               0x080042dc   Section       16  system_stm32f1xx.o(.constdata)
    .constdata                               0x080042ec   Section        8  system_stm32f1xx.o(.constdata)
    .constdata                               0x080042f4   Section     7696  oled.o(.constdata)
    .constdata                               0x08006104   Section       32  line.o(.constdata)
    .data                                    0x20000000   Section        1  main.o(.data)
    .data                                    0x20000001   Section        1  stm32f1xx_it.o(.data)
    .data                                    0x20000004   Section       12  stm32f1xx_hal.o(.data)
    .data                                    0x20000010   Section        4  system_stm32f1xx.o(.data)
    .data                                    0x20000014   Section        2  motor.o(.data)
    .data                                    0x20000018   Section       84  control.o(.data)
    stable_count                             0x20000021   Data           1  control.o(.data)
    .data                                    0x2000006c   Section        8  jy61p.o(.data)
    RxState                                  0x2000006c   Data           1  jy61p.o(.data)
    RxIndex                                  0x2000006d   Data           1  jy61p.o(.data)
    .data                                    0x20000074   Section        1  key.o(.data)
    key_up                                   0x20000074   Data           1  key.o(.data)
    .data                                    0x20000078   Section       12  line.o(.data)
    off_line_count                           0x20000079   Data           1  line.o(.data)
    line_pid_integral                        0x2000007c   Data           4  line.o(.data)
    line_pid_last_err                        0x20000080   Data           4  line.o(.data)
    .bss                                     0x20000084   Section       50  main.o(.bss)
    .bss                                     0x200000b8   Section      288  tim.o(.bss)
    .bss                                     0x200001d8   Section      128  usart.o(.bss)
    .bss                                     0x20000258   Section     1152  oled.o(.bss)
    .bss                                     0x200006d8   Section      192  pid.o(.bss)
    .bss                                     0x20000798   Section       11  jy61p.o(.bss)
    RxBuffer                                 0x20000798   Data          11  jy61p.o(.bss)
    STACK                                    0x200007a8   Section     1024  startup_stm32f103xb.o(STACK)

    Global Symbols

    Symbol Name                              Value     Ov Type        Size  Object(Section)

    BuildAttributes$$THM_ISAv4$P$D$K$B$S$PE$A:L22UL41UL21$X:L11$S22US41US21$IEEE1$IW$USESV6$~STKCKD$USESV7$~SHL$OTIME$ROPI$EBA8$MICROLIB$REQ8$PRES8$EABIv2 0x00000000   Number         0  anon$$obj.o ABSOLUTE
    __ARM_use_no_argv                        0x00000000   Number         0  main.o ABSOLUTE
    _printf_a                                0x00000000   Number         0  stubs.o ABSOLUTE
    _printf_c                                0x00000000   Number         0  stubs.o ABSOLUTE
    _printf_charcount                        0x00000000   Number         0  stubs.o ABSOLUTE
    _printf_d                                0x00000000   Number         0  stubs.o ABSOLUTE
    _printf_e                                0x00000000   Number         0  stubs.o ABSOLUTE
    _printf_f                                0x00000000   Number         0  stubs.o ABSOLUTE
    _printf_flags                            0x00000000   Number         0  stubs.o ABSOLUTE
    _printf_fp_dec                           0x00000000   Number         0  stubs.o ABSOLUTE
    _printf_fp_hex                           0x00000000   Number         0  stubs.o ABSOLUTE
    _printf_g                                0x00000000   Number         0  stubs.o ABSOLUTE
    _printf_i                                0x00000000   Number         0  stubs.o ABSOLUTE
    _printf_int_dec                          0x00000000   Number         0  stubs.o ABSOLUTE
    _printf_l                                0x00000000   Number         0  stubs.o ABSOLUTE
    _printf_lc                               0x00000000   Number         0  stubs.o ABSOLUTE
    _printf_ll                               0x00000000   Number         0  stubs.o ABSOLUTE
    _printf_lld                              0x00000000   Number         0  stubs.o ABSOLUTE
    _printf_lli                              0x00000000   Number         0  stubs.o ABSOLUTE
    _printf_llo                              0x00000000   Number         0  stubs.o ABSOLUTE
    _printf_llu                              0x00000000   Number         0  stubs.o ABSOLUTE
    _printf_llx                              0x00000000   Number         0  stubs.o ABSOLUTE
    _printf_longlong_dec                     0x00000000   Number         0  stubs.o ABSOLUTE
    _printf_longlong_hex                     0x00000000   Number         0  stubs.o ABSOLUTE
    _printf_longlong_oct                     0x00000000   Number         0  stubs.o ABSOLUTE
    _printf_ls                               0x00000000   Number         0  stubs.o ABSOLUTE
    _printf_mbtowc                           0x00000000   Number         0  stubs.o ABSOLUTE
    _printf_n                                0x00000000   Number         0  stubs.o ABSOLUTE
    _printf_o                                0x00000000   Number         0  stubs.o ABSOLUTE
    _printf_p                                0x00000000   Number         0  stubs.o ABSOLUTE
    _printf_percent                          0x00000000   Number         0  stubs.o ABSOLUTE
    _printf_pre_padding                      0x00000000   Number         0  stubs.o ABSOLUTE
    _printf_return_value                     0x00000000   Number         0  stubs.o ABSOLUTE
    _printf_s                                0x00000000   Number         0  stubs.o ABSOLUTE
    _printf_sizespec                         0x00000000   Number         0  stubs.o ABSOLUTE
    _printf_str                              0x00000000   Number         0  stubs.o ABSOLUTE
    _printf_truncate_signed                  0x00000000   Number         0  stubs.o ABSOLUTE
    _printf_truncate_unsigned                0x00000000   Number         0  stubs.o ABSOLUTE
    _printf_u                                0x00000000   Number         0  stubs.o ABSOLUTE
    _printf_wc                               0x00000000   Number         0  stubs.o ABSOLUTE
    _printf_wctomb                           0x00000000   Number         0  stubs.o ABSOLUTE
    _printf_widthprec                        0x00000000   Number         0  stubs.o ABSOLUTE
    _printf_x                                0x00000000   Number         0  stubs.o ABSOLUTE
    __cpp_initialize__aeabi_                  - Undefined Weak Reference
    __cxa_finalize                            - Undefined Weak Reference
    __decompress                              - Undefined Weak Reference
    _clock_init                               - Undefined Weak Reference
    _microlib_exit                            - Undefined Weak Reference
    __Vectors_Size                           0x000000ec   Number         0  startup_stm32f103xb.o ABSOLUTE
    __Vectors                                0x08000000   Data           4  startup_stm32f103xb.o(RESET)
    __Vectors_End                            0x080000ec   Data           0  startup_stm32f103xb.o(RESET)
    __main                                   0x080000ed   Thumb Code     0  entry.o(.ARM.Collect$$$$00000000)
    _main_stk                                0x080000ed   Thumb Code     0  entry2.o(.ARM.Collect$$$$00000001)
    _main_scatterload                        0x080000f1   Thumb Code     0  entry5.o(.ARM.Collect$$$$00000004)
    __main_after_scatterload                 0x080000f5   Thumb Code     0  entry5.o(.ARM.Collect$$$$00000004)
    _main_clock                              0x080000f5   Thumb Code     0  entry7b.o(.ARM.Collect$$$$00000008)
    _main_cpp_init                           0x080000f5   Thumb Code     0  entry8b.o(.ARM.Collect$$$$0000000A)
    _main_init                               0x080000f5   Thumb Code     0  entry9a.o(.ARM.Collect$$$$0000000B)
    __rt_final_cpp                           0x080000fd   Thumb Code     0  entry10a.o(.ARM.Collect$$$$0000000D)
    __rt_final_exit                          0x080000fd   Thumb Code     0  entry11a.o(.ARM.Collect$$$$0000000F)
    Reset_Handler                            0x08000101   Thumb Code     8  startup_stm32f103xb.o(.text)
    ADC1_2_IRQHandler                        0x0800011b   Thumb Code     0  startup_stm32f103xb.o(.text)
    CAN1_RX1_IRQHandler                      0x0800011b   Thumb Code     0  startup_stm32f103xb.o(.text)
    CAN1_SCE_IRQHandler                      0x0800011b   Thumb Code     0  startup_stm32f103xb.o(.text)
    DMA1_Channel1_IRQHandler                 0x0800011b   Thumb Code     0  startup_stm32f103xb.o(.text)
    DMA1_Channel2_IRQHandler                 0x0800011b   Thumb Code     0  startup_stm32f103xb.o(.text)
    DMA1_Channel3_IRQHandler                 0x0800011b   Thumb Code     0  startup_stm32f103xb.o(.text)
    DMA1_Channel4_IRQHandler                 0x0800011b   Thumb Code     0  startup_stm32f103xb.o(.text)
    DMA1_Channel5_IRQHandler                 0x0800011b   Thumb Code     0  startup_stm32f103xb.o(.text)
    DMA1_Channel6_IRQHandler                 0x0800011b   Thumb Code     0  startup_stm32f103xb.o(.text)
    DMA1_Channel7_IRQHandler                 0x0800011b   Thumb Code     0  startup_stm32f103xb.o(.text)
    EXTI0_IRQHandler                         0x0800011b   Thumb Code     0  startup_stm32f103xb.o(.text)
    EXTI15_10_IRQHandler                     0x0800011b   Thumb Code     0  startup_stm32f103xb.o(.text)
    EXTI1_IRQHandler                         0x0800011b   Thumb Code     0  startup_stm32f103xb.o(.text)
    EXTI2_IRQHandler                         0x0800011b   Thumb Code     0  startup_stm32f103xb.o(.text)
    EXTI3_IRQHandler                         0x0800011b   Thumb Code     0  startup_stm32f103xb.o(.text)
    EXTI4_IRQHandler                         0x0800011b   Thumb Code     0  startup_stm32f103xb.o(.text)
    EXTI9_5_IRQHandler                       0x0800011b   Thumb Code     0  startup_stm32f103xb.o(.text)
    FLASH_IRQHandler                         0x0800011b   Thumb Code     0  startup_stm32f103xb.o(.text)
    I2C1_ER_IRQHandler                       0x0800011b   Thumb Code     0  startup_stm32f103xb.o(.text)
    I2C1_EV_IRQHandler                       0x0800011b   Thumb Code     0  startup_stm32f103xb.o(.text)
    I2C2_ER_IRQHandler                       0x0800011b   Thumb Code     0  startup_stm32f103xb.o(.text)
    I2C2_EV_IRQHandler                       0x0800011b   Thumb Code     0  startup_stm32f103xb.o(.text)
    PVD_IRQHandler                           0x0800011b   Thumb Code     0  startup_stm32f103xb.o(.text)
    RCC_IRQHandler                           0x0800011b   Thumb Code     0  startup_stm32f103xb.o(.text)
    RTC_Alarm_IRQHandler                     0x0800011b   Thumb Code     0  startup_stm32f103xb.o(.text)
    RTC_IRQHandler                           0x0800011b   Thumb Code     0  startup_stm32f103xb.o(.text)
    SPI1_IRQHandler                          0x0800011b   Thumb Code     0  startup_stm32f103xb.o(.text)
    SPI2_IRQHandler                          0x0800011b   Thumb Code     0  startup_stm32f103xb.o(.text)
    TAMPER_IRQHandler                        0x0800011b   Thumb Code     0  startup_stm32f103xb.o(.text)
    TIM1_BRK_IRQHandler                      0x0800011b   Thumb Code     0  startup_stm32f103xb.o(.text)
    TIM1_CC_IRQHandler                       0x0800011b   Thumb Code     0  startup_stm32f103xb.o(.text)
    TIM1_TRG_COM_IRQHandler                  0x0800011b   Thumb Code     0  startup_stm32f103xb.o(.text)
    TIM1_UP_IRQHandler                       0x0800011b   Thumb Code     0  startup_stm32f103xb.o(.text)
    USART3_IRQHandler                        0x0800011b   Thumb Code     0  startup_stm32f103xb.o(.text)
    USBWakeUp_IRQHandler                     0x0800011b   Thumb Code     0  startup_stm32f103xb.o(.text)
    USB_HP_CAN1_TX_IRQHandler                0x0800011b   Thumb Code     0  startup_stm32f103xb.o(.text)
    USB_LP_CAN1_RX0_IRQHandler               0x0800011b   Thumb Code     0  startup_stm32f103xb.o(.text)
    WWDG_IRQHandler                          0x0800011b   Thumb Code     0  startup_stm32f103xb.o(.text)
    __aeabi_llsr                             0x08000125   Thumb Code    32  llushr.o(.text)
    _ll_ushift_r                             0x08000125   Thumb Code     0  llushr.o(.text)
    __aeabi_memcpy                           0x08000145   Thumb Code    36  memcpya.o(.text)
    __aeabi_memcpy4                          0x08000145   Thumb Code     0  memcpya.o(.text)
    __aeabi_memcpy8                          0x08000145   Thumb Code     0  memcpya.o(.text)
    __aeabi_memset                           0x08000169   Thumb Code    14  memseta.o(.text)
    __aeabi_memset4                          0x08000169   Thumb Code     0  memseta.o(.text)
    __aeabi_memset8                          0x08000169   Thumb Code     0  memseta.o(.text)
    __aeabi_memclr                           0x08000177   Thumb Code     4  memseta.o(.text)
    __aeabi_memclr4                          0x08000177   Thumb Code     0  memseta.o(.text)
    __aeabi_memclr8                          0x08000177   Thumb Code     0  memseta.o(.text)
    _memset$wrapper                          0x0800017b   Thumb Code    18  memseta.o(.text)
    __aeabi_fadd                             0x0800018d   Thumb Code   164  fadd.o(.text)
    __aeabi_fsub                             0x08000231   Thumb Code     6  fadd.o(.text)
    __aeabi_frsub                            0x08000237   Thumb Code     6  fadd.o(.text)
    __aeabi_fmul                             0x0800023d   Thumb Code   100  fmul.o(.text)
    __aeabi_fdiv                             0x080002a1   Thumb Code   124  fdiv.o(.text)
    __ARM_scalbnf                            0x0800031d   Thumb Code    24  fscalb.o(.text)
    scalbnf                                  0x0800031d   Thumb Code     0  fscalb.o(.text)
    __aeabi_dadd                             0x08000335   Thumb Code   322  dadd.o(.text)
    __aeabi_dsub                             0x08000477   Thumb Code     6  dadd.o(.text)
    __aeabi_drsub                            0x0800047d   Thumb Code     6  dadd.o(.text)
    __aeabi_dmul                             0x08000483   Thumb Code   228  dmul.o(.text)
    __aeabi_ddiv                             0x08000567   Thumb Code   222  ddiv.o(.text)
    __aeabi_i2f                              0x08000645   Thumb Code    18  fflti.o(.text)
    __aeabi_ui2f                             0x08000657   Thumb Code    10  ffltui.o(.text)
    __aeabi_i2d                              0x08000661   Thumb Code    34  dflti.o(.text)
    __aeabi_f2iz                             0x08000683   Thumb Code    50  ffixi.o(.text)
    __aeabi_d2iz                             0x080006b5   Thumb Code    62  dfixi.o(.text)
    __aeabi_f2d                              0x080006f3   Thumb Code    38  f2d.o(.text)
    __aeabi_cdcmpeq                          0x08000719   Thumb Code     0  cdcmple.o(.text)
    __aeabi_cdcmple                          0x08000719   Thumb Code    48  cdcmple.o(.text)
    __aeabi_d2f                              0x08000749   Thumb Code    56  d2f.o(.text)
    __aeabi_cfcmpeq                          0x08000781   Thumb Code     0  cfcmple.o(.text)
    __aeabi_cfcmple                          0x08000781   Thumb Code    20  cfcmple.o(.text)
    __aeabi_cfrcmple                         0x08000795   Thumb Code    20  cfrcmple.o(.text)
    __aeabi_uidiv                            0x080007a9   Thumb Code     0  uidiv.o(.text)
    __aeabi_uidivmod                         0x080007a9   Thumb Code    44  uidiv.o(.text)
    __aeabi_uldivmod                         0x080007d5   Thumb Code    98  uldiv.o(.text)
    __aeabi_llsl                             0x08000837   Thumb Code    30  llshl.o(.text)
    _ll_shift_l                              0x08000837   Thumb Code     0  llshl.o(.text)
    __aeabi_lasr                             0x08000855   Thumb Code    36  llsshr.o(.text)
    _ll_sshift_r                             0x08000855   Thumb Code     0  llsshr.o(.text)
    __I$use$fp                               0x08000879   Thumb Code     0  iusefp.o(.text)
    _float_round                             0x08000879   Thumb Code    18  fepilogue.o(.text)
    _float_epilogue                          0x0800088b   Thumb Code    92  fepilogue.o(.text)
    _double_round                            0x080008e7   Thumb Code    30  depilogue.o(.text)
    _double_epilogue                         0x08000905   Thumb Code   156  depilogue.o(.text)
    __aeabi_d2ulz                            0x080009a1   Thumb Code    48  dfixul.o(.text)
    __aeabi_cdrcmple                         0x080009d1   Thumb Code    48  cdrcmple.o(.text)
    __scatterload                            0x08000a01   Thumb Code    28  init.o(.text)
    __scatterload_rt2                        0x08000a01   Thumb Code     0  init.o(.text)
    BusFault_Handler                         0x08000a25   Thumb Code     2  stm32f1xx_it.o(i.BusFault_Handler)
    Buzz                                     0x08000a29   Thumb Code    38  buzz.o(i.Buzz)
    DebugMon_Handler                         0x08000a55   Thumb Code     2  stm32f1xx_it.o(i.DebugMon_Handler)
    Error_Handler                            0x08000a57   Thumb Code     4  main.o(i.Error_Handler)
    HAL_DMA_Abort_IT                         0x08000a5d   Thumb Code   148  stm32f1xx_hal_dma.o(i.HAL_DMA_Abort_IT)
    HAL_Delay                                0x08000af5   Thumb Code    32  stm32f1xx_hal.o(i.HAL_Delay)
    HAL_GPIO_Init                            0x08000b19   Thumb Code   426  stm32f1xx_hal_gpio.o(i.HAL_GPIO_Init)
    HAL_GPIO_ReadPin                         0x08000ce5   Thumb Code    10  stm32f1xx_hal_gpio.o(i.HAL_GPIO_ReadPin)
    HAL_GPIO_WritePin                        0x08000cef   Thumb Code    10  stm32f1xx_hal_gpio.o(i.HAL_GPIO_WritePin)
    HAL_GetTick                              0x08000cf9   Thumb Code     6  stm32f1xx_hal.o(i.HAL_GetTick)
    HAL_IncTick                              0x08000d05   Thumb Code    12  stm32f1xx_hal.o(i.HAL_IncTick)
    HAL_Init                                 0x08000d15   Thumb Code    32  stm32f1xx_hal.o(i.HAL_Init)
    HAL_InitTick                             0x08000d39   Thumb Code    54  stm32f1xx_hal.o(i.HAL_InitTick)
    HAL_MspInit                              0x08000d79   Thumb Code    58  stm32f1xx_hal_msp.o(i.HAL_MspInit)
    HAL_NVIC_EnableIRQ                       0x08000dbd   Thumb Code    26  stm32f1xx_hal_cortex.o(i.HAL_NVIC_EnableIRQ)
    HAL_NVIC_SetPriority                     0x08000dd9   Thumb Code    60  stm32f1xx_hal_cortex.o(i.HAL_NVIC_SetPriority)
    HAL_NVIC_SetPriorityGrouping             0x08000e19   Thumb Code    26  stm32f1xx_hal_cortex.o(i.HAL_NVIC_SetPriorityGrouping)
    HAL_RCC_ClockConfig                      0x08000e3d   Thumb Code   292  stm32f1xx_hal_rcc.o(i.HAL_RCC_ClockConfig)
    HAL_RCC_GetPCLK1Freq                     0x08000f75   Thumb Code    20  stm32f1xx_hal_rcc.o(i.HAL_RCC_GetPCLK1Freq)
    HAL_RCC_GetPCLK2Freq                     0x08000f95   Thumb Code    20  stm32f1xx_hal_rcc.o(i.HAL_RCC_GetPCLK2Freq)
    HAL_RCC_GetSysClockFreq                  0x08000fb5   Thumb Code    74  stm32f1xx_hal_rcc.o(i.HAL_RCC_GetSysClockFreq)
    HAL_RCC_OscConfig                        0x08001021   Thumb Code   770  stm32f1xx_hal_rcc.o(i.HAL_RCC_OscConfig)
    HAL_SYSTICK_Config                       0x08001339   Thumb Code    40  stm32f1xx_hal_cortex.o(i.HAL_SYSTICK_Config)
    HAL_TIMEx_BreakCallback                  0x08001361   Thumb Code     2  stm32f1xx_hal_tim_ex.o(i.HAL_TIMEx_BreakCallback)
    HAL_TIMEx_CommutCallback                 0x08001363   Thumb Code     2  stm32f1xx_hal_tim_ex.o(i.HAL_TIMEx_CommutCallback)
    HAL_TIMEx_ConfigBreakDeadTime            0x08001365   Thumb Code    84  stm32f1xx_hal_tim_ex.o(i.HAL_TIMEx_ConfigBreakDeadTime)
    HAL_TIMEx_MasterConfigSynchronization    0x080013b9   Thumb Code    92  stm32f1xx_hal_tim_ex.o(i.HAL_TIMEx_MasterConfigSynchronization)
    HAL_TIM_Base_Init                        0x08001421   Thumb Code    90  stm32f1xx_hal_tim.o(i.HAL_TIM_Base_Init)
    HAL_TIM_Base_MspInit                     0x0800147d   Thumb Code    50  tim.o(i.HAL_TIM_Base_MspInit)
    HAL_TIM_Base_Start_IT                    0x080014b9   Thumb Code    76  stm32f1xx_hal_tim.o(i.HAL_TIM_Base_Start_IT)
    HAL_TIM_ConfigClockSource                0x08001511   Thumb Code   214  stm32f1xx_hal_tim.o(i.HAL_TIM_ConfigClockSource)
    HAL_TIM_Encoder_Init                     0x080015e7   Thumb Code   164  stm32f1xx_hal_tim.o(i.HAL_TIM_Encoder_Init)
    HAL_TIM_Encoder_MspInit                  0x0800168d   Thumb Code   152  tim.o(i.HAL_TIM_Encoder_MspInit)
    HAL_TIM_Encoder_Start                    0x08001735   Thumb Code   146  stm32f1xx_hal_tim.o(i.HAL_TIM_Encoder_Start)
    HAL_TIM_IC_CaptureCallback               0x080017c7   Thumb Code     2  stm32f1xx_hal_tim.o(i.HAL_TIM_IC_CaptureCallback)
    HAL_TIM_IRQHandler                       0x080017c9   Thumb Code   358  stm32f1xx_hal_tim.o(i.HAL_TIM_IRQHandler)
    HAL_TIM_MspPostInit                      0x08001931   Thumb Code    64  tim.o(i.HAL_TIM_MspPostInit)
    HAL_TIM_OC_DelayElapsedCallback          0x0800197d   Thumb Code     2  stm32f1xx_hal_tim.o(i.HAL_TIM_OC_DelayElapsedCallback)
    HAL_TIM_PWM_ConfigChannel                0x0800197f   Thumb Code   198  stm32f1xx_hal_tim.o(i.HAL_TIM_PWM_ConfigChannel)
    HAL_TIM_PWM_Init                         0x08001a45   Thumb Code    90  stm32f1xx_hal_tim.o(i.HAL_TIM_PWM_Init)
    HAL_TIM_PWM_MspInit                      0x08001aa1   Thumb Code    30  tim.o(i.HAL_TIM_PWM_MspInit)
    HAL_TIM_PWM_PulseFinishedCallback        0x08001ac9   Thumb Code     2  stm32f1xx_hal_tim.o(i.HAL_TIM_PWM_PulseFinishedCallback)
    HAL_TIM_PWM_Start                        0x08001acd   Thumb Code   148  stm32f1xx_hal_tim.o(i.HAL_TIM_PWM_Start)
    HAL_TIM_PWM_Stop                         0x08001b6d   Thumb Code   108  stm32f1xx_hal_tim.o(i.HAL_TIM_PWM_Stop)
    HAL_TIM_PeriodElapsedCallback            0x08001bdd   Thumb Code   514  control.o(i.HAL_TIM_PeriodElapsedCallback)
    HAL_TIM_TriggerCallback                  0x08001e15   Thumb Code     2  stm32f1xx_hal_tim.o(i.HAL_TIM_TriggerCallback)
    HAL_UART_ErrorCallback                   0x08001e17   Thumb Code     2  stm32f1xx_hal_uart.o(i.HAL_UART_ErrorCallback)
    HAL_UART_IRQHandler                      0x08001e19   Thumb Code   344  stm32f1xx_hal_uart.o(i.HAL_UART_IRQHandler)
    HAL_UART_Init                            0x08001f75   Thumb Code    98  stm32f1xx_hal_uart.o(i.HAL_UART_Init)
    HAL_UART_MspInit                         0x08001fd9   Thumb Code   198  usart.o(i.HAL_UART_MspInit)
    HAL_UART_Receive_IT                      0x080020b1   Thumb Code    82  stm32f1xx_hal_uart.o(i.HAL_UART_Receive_IT)
    HAL_UART_RxCpltCallback                  0x08002105   Thumb Code    34  stm32f1xx_it.o(i.HAL_UART_RxCpltCallback)
    HAL_UART_TxCpltCallback                  0x08002135   Thumb Code     2  stm32f1xx_hal_uart.o(i.HAL_UART_TxCpltCallback)
    HardFault_Handler                        0x08002137   Thumb Code     2  stm32f1xx_it.o(i.HardFault_Handler)
    I2C_Start                                0x08002139   Thumb Code    64  oled.o(i.I2C_Start)
    I2C_Stop                                 0x0800217d   Thumb Code    46  oled.o(i.I2C_Stop)
    I2C_WaitAck                              0x080021b1   Thumb Code    52  oled.o(i.I2C_WaitAck)
    IIC_delay                                0x080021e9   Thumb Code    10  oled.o(i.IIC_delay)
    Is_Off_Line                              0x080021f5   Thumb Code    42  line.o(i.Is_Off_Line)
    MX_GPIO_Init                             0x08002225   Thumb Code   294  gpio.o(i.MX_GPIO_Init)
    MX_TIM1_Init                             0x0800235d   Thumb Code   168  tim.o(i.MX_TIM1_Init)
    MX_TIM2_Init                             0x0800240d   Thumb Code   100  tim.o(i.MX_TIM2_Init)
    MX_TIM3_Init                             0x08002475   Thumb Code    94  tim.o(i.MX_TIM3_Init)
    MX_TIM4_Init                             0x080024dd   Thumb Code    98  tim.o(i.MX_TIM4_Init)
    MX_USART1_UART_Init                      0x08002549   Thumb Code    48  usart.o(i.MX_USART1_UART_Init)
    MX_USART2_UART_Init                      0x08002581   Thumb Code    48  usart.o(i.MX_USART2_UART_Init)
    MemManage_Handler                        0x080025b9   Thumb Code     2  stm32f1xx_it.o(i.MemManage_Handler)
    NMI_Handler                              0x080025bb   Thumb Code     2  stm32f1xx_it.o(i.NMI_Handler)
    OLED_Clear                               0x080025bd   Thumb Code    38  oled.o(i.OLED_Clear)
    OLED_ColorTurn                           0x080025e9   Thumb Code    22  oled.o(i.OLED_ColorTurn)
    OLED_DisplayTurn                         0x080025ff   Thumb Code    44  oled.o(i.OLED_DisplayTurn)
    OLED_DrawPoint                           0x0800262d   Thumb Code    40  oled.o(i.OLED_DrawPoint)
    OLED_Init                                0x08002659   Thumb Code   224  oled.o(i.OLED_Init)
    OLED_Refresh                             0x08002739   Thumb Code    96  oled.o(i.OLED_Refresh)
    OLED_ShowChar                            0x0800279d   Thumb Code   202  oled.o(i.OLED_ShowChar)
    OLED_ShowString                          0x08002879   Thumb Code    60  oled.o(i.OLED_ShowString)
    OLED_WR_Byte                             0x080028b5   Thumb Code    54  oled.o(i.OLED_WR_Byte)
    PendSV_Handler                           0x080028eb   Thumb Code     2  stm32f1xx_it.o(i.PendSV_Handler)
    SVC_Handler                              0x080028ed   Thumb Code     2  stm32f1xx_it.o(i.SVC_Handler)
    Send_Byte                                0x080028f1   Thumb Code    78  oled.o(i.Send_Byte)
    SysTick_Handler                          0x08002945   Thumb Code     4  stm32f1xx_it.o(i.SysTick_Handler)
    SystemClock_Config                       0x08002949   Thumb Code    92  main.o(i.SystemClock_Config)
    SystemInit                               0x080029a5   Thumb Code     2  system_stm32f1xx.o(i.SystemInit)
    TIM2_IRQHandler                          0x080029a9   Thumb Code     6  stm32f1xx_it.o(i.TIM2_IRQHandler)
    TIM3_IRQHandler                          0x080029b5   Thumb Code     6  stm32f1xx_it.o(i.TIM3_IRQHandler)
    TIM4_IRQHandler                          0x080029c1   Thumb Code     6  stm32f1xx_it.o(i.TIM4_IRQHandler)
    TIM_Base_SetConfig                       0x080029cd   Thumb Code    94  stm32f1xx_hal_tim.o(i.TIM_Base_SetConfig)
    TIM_CCxChannelCmd                        0x08002a39   Thumb Code    26  stm32f1xx_hal_tim.o(i.TIM_CCxChannelCmd)
    TIM_ETR_SetConfig                        0x08002a53   Thumb Code    20  stm32f1xx_hal_tim.o(i.TIM_ETR_SetConfig)
    TIM_OC2_SetConfig                        0x08002ad1   Thumb Code    86  stm32f1xx_hal_tim.o(i.TIM_OC2_SetConfig)
    USART1_IRQHandler                        0x08002d81   Thumb Code     6  stm32f1xx_it.o(i.USART1_IRQHandler)
    USART2_IRQHandler                        0x08002d8d   Thumb Code     6  stm32f1xx_it.o(i.USART2_IRQHandler)
    UsageFault_Handler                       0x08002d99   Thumb Code     2  stm32f1xx_it.o(i.UsageFault_Handler)
    __0sprintf                               0x08002d9d   Thumb Code    34  printfa.o(i.__0sprintf)
    __1sprintf                               0x08002d9d   Thumb Code     0  printfa.o(i.__0sprintf)
    __2sprintf                               0x08002d9d   Thumb Code     0  printfa.o(i.__0sprintf)
    __c89sprintf                             0x08002d9d   Thumb Code     0  printfa.o(i.__0sprintf)
    sprintf                                  0x08002d9d   Thumb Code     0  printfa.o(i.__0sprintf)
    __scatterload_copy                       0x08002de5   Thumb Code    14  handlers.o(i.__scatterload_copy)
    __scatterload_null                       0x08002df3   Thumb Code     2  handlers.o(i.__scatterload_null)
    __scatterload_zeroinit                   0x08002df5   Thumb Code    14  handlers.o(i.__scatterload_zeroinit)
    car_go                                   0x080036c1   Thumb Code    90  control.o(i.car_go)
    car_spin                                 0x08003739   Thumb Code    92  control.o(i.car_spin)
    car_turn                                 0x080037b5   Thumb Code    32  control.o(i.car_turn)
    find_abs                                 0x080037e1   Thumb Code     8  motor.o(i.find_abs)
    jy61p_ReceiveData                        0x080037e9   Thumb Code   116  jy61p.o(i.jy61p_ReceiveData)
    key_scan                                 0x08003869   Thumb Code   112  key.o(i.key_scan)
    limit_motor_pwm                          0x080038e1   Thumb Code    42  motor.o(i.limit_motor_pwm)
    line_err                                 0x0800390d   Thumb Code   256  line.o(i.line_err)
    line_pid_control                         0x08003a25   Thumb Code    16  control.o(i.line_pid_control)
    line_pid_realize                         0x08003a35   Thumb Code    96  line.o(i.line_pid_realize)
    load_motor_pwm                           0x08003aa9   Thumb Code   116  motor.o(i.load_motor_pwm)
    location1_pid_control                    0x08003b25   Thumb Code    34  control.o(i.location1_pid_control)
    location2_pid_control                    0x08003b59   Thumb Code    34  control.o(i.location2_pid_control)
    location_pid_realize                     0x08003b8d   Thumb Code    82  pid.o(i.location_pid_realize)
    location_speed_control                   0x08003be1   Thumb Code    78  control.o(i.location_speed_control)
    main                                     0x08003c45   Thumb Code   426  main.o(i.main)
    menu_start_select                        0x08003e39   Thumb Code   180  menu.o(i.menu_start_select)
    pid_param_init                           0x08003f5d   Thumb Code   130  pid.o(i.pid_param_init)
    read_pluse                               0x08003ff5   Thumb Code    12  encoder.o(i.read_pluse)
    set_motor1_disable                       0x08004001   Thumb Code    14  motor.o(i.set_motor1_disable)
    set_motor1_enable                        0x08004019   Thumb Code    14  motor.o(i.set_motor1_enable)
    set_motor2_disable                       0x08004031   Thumb Code    14  motor.o(i.set_motor2_disable)
    set_motor2_enable                        0x08004049   Thumb Code    14  motor.o(i.set_motor2_enable)
    set_pid_relative_angle                   0x08004061   Thumb Code    44  pid.o(i.set_pid_relative_angle)
    set_pid_target                           0x08004095   Thumb Code     4  pid.o(i.set_pid_target)
    speed1_pid_control                       0x08004099   Thumb Code    56  control.o(i.speed1_pid_control)
    speed2_pid_control                       0x080040e5   Thumb Code    56  control.o(i.speed2_pid_control)
    speed_pid_realize                        0x08004131   Thumb Code   112  pid.o(i.speed_pid_realize)
    turn_angle_pid_control                   0x080041a9   Thumb Code    38  control.o(i.turn_angle_pid_control)
    turn_angle_pid_realize                   0x080041e1   Thumb Code   134  pid.o(i.turn_angle_pid_realize)
    turn_angle_speed_control                 0x08004279   Thumb Code    78  control.o(i.turn_angle_speed_control)
    AHBPrescTable                            0x080042dc   Data          16  system_stm32f1xx.o(.constdata)
    APBPrescTable                            0x080042ec   Data           8  system_stm32f1xx.o(.constdata)
    asc2_0806                                0x080042f4   Data         552  oled.o(.constdata)
    asc2_1206                                0x0800451c   Data        1140  oled.o(.constdata)
    asc2_1608                                0x08004990   Data        1520  oled.o(.constdata)
    asc2_2412                                0x08004f80   Data        3420  oled.o(.constdata)
    Hzk1                                     0x08005cdc   Data         352  oled.o(.constdata)
    Hzk2                                     0x08005e3c   Data          72  oled.o(.constdata)
    Hzk3                                     0x08005e84   Data         128  oled.o(.constdata)
    Hzk4                                     0x08005f04   Data         512  oled.o(.constdata)
    Region$$Table$$Base                      0x08006124   Number         0  anon$$obj.o(Region$$Table)
    Region$$Table$$Limit                     0x08006144   Number         0  anon$$obj.o(Region$$Table)
    g_mode                                   0x20000000   Data           1  main.o(.data)
    g_usart2_receivedata                     0x20000001   Data           1  stm32f1xx_it.o(.data)
    uwTickFreq                               0x20000004   Data           1  stm32f1xx_hal.o(.data)
    uwTickPrio                               0x20000008   Data           4  stm32f1xx_hal.o(.data)
    uwTick                                   0x2000000c   Data           4  stm32f1xx_hal.o(.data)
    SystemCoreClock                          0x20000010   Data           4  system_stm32f1xx.o(.data)
    g_is_motor1_en                           0x20000014   Data           1  motor.o(.data)
    g_is_motor2_en                           0x20000015   Data           1  motor.o(.data)
    g_stop_count                             0x20000018   Data           1  control.o(.data)
    g_location_control_count                 0x20000019   Data           1  control.o(.data)
    g_turn_angle_control_count               0x2000001a   Data           1  control.o(.data)
    g_line_speed_control_count               0x2000001b   Data           1  control.o(.data)
    g_Line_Flag                              0x2000001c   Data           1  control.o(.data)
    g_Stop_Flag                              0x2000001d   Data           1  control.o(.data)
    g_Spin_Start_Flag                        0x2000001e   Data           1  control.o(.data)
    g_Spin_Succeed_Flag                      0x2000001f   Data           1  control.o(.data)
    g_Angle_Flag                             0x20000020   Data           1  control.o(.data)
    g_unittime_motor1pluse                   0x20000022   Data           2  control.o(.data)
    g_unittime_motor2pluse                   0x20000024   Data           2  control.o(.data)
    g_sigma_motor1pluse                      0x20000028   Data           4  control.o(.data)
    g_sigma_motor2pluse                      0x2000002c   Data           4  control.o(.data)
    g_motor1_journey_cm                      0x20000030   Data           4  control.o(.data)
    g_motor2_journey_cm                      0x20000034   Data           4  control.o(.data)
    g_ftarget_journey                        0x20000038   Data           4  control.o(.data)
    g_speed1_outval                          0x2000003c   Data           4  control.o(.data)
    g_location1_outval                       0x20000040   Data           4  control.o(.data)
    g_speed2_outval                          0x20000044   Data           4  control.o(.data)
    g_location2_outval                       0x20000048   Data           4  control.o(.data)
    g_turn_outval                            0x2000004c   Data           4  control.o(.data)
    g_speed3_outval                          0x20000050   Data           4  control.o(.data)
    g_speed4_outval                          0x20000054   Data           4  control.o(.data)
    g_motor1_pwm                             0x20000058   Data           4  control.o(.data)
    g_motor2_pwm                             0x2000005c   Data           4  control.o(.data)
    g_line_num                               0x20000060   Data           4  control.o(.data)
    g_line_outval                            0x20000064   Data           4  control.o(.data)
    spin90_cm                                0x20000068   Data           4  control.o(.data)
    g_yaw_jy61                               0x20000070   Data           4  jy61p.o(.data)
    g_Line_On_Flag                           0x20000078   Data           1  line.o(.data)
    g_oledstring                             0x20000084   Data          50  main.o(.bss)
    htim1                                    0x200000b8   Data          72  tim.o(.bss)
    htim2                                    0x20000100   Data          72  tim.o(.bss)
    htim3                                    0x20000148   Data          72  tim.o(.bss)
    htim4                                    0x20000190   Data          72  tim.o(.bss)
    huart1                                   0x200001d8   Data          64  usart.o(.bss)
    huart2                                   0x20000218   Data          64  usart.o(.bss)
    OLED_GRAM                                0x20000258   Data        1152  oled.o(.bss)
    g_pid_speed1                             0x200006d8   Data          32  pid.o(.bss)
    g_pid_speed2                             0x200006f8   Data          32  pid.o(.bss)
    g_pid_location1                          0x20000718   Data          32  pid.o(.bss)
    g_pid_location2                          0x20000738   Data          32  pid.o(.bss)
    g_pid_turn_angle                         0x20000758   Data          32  pid.o(.bss)
    g_pid_line                               0x20000778   Data          32  pid.o(.bss)
    __initial_sp                             0x20000ba8   Data           0  startup_stm32f103xb.o(STACK)



==============================================================================

Memory Map of the image

  Image Entry point : 0x080000ed

  Load Region LR_IROM1 (Base: 0x08000000, Size: 0x000061c8, Max: 0x00010000, ABSOLUTE)

    Execution Region ER_IROM1 (Exec base: 0x08000000, Load base: 0x08000000, Size: 0x00006144, Max: 0x00010000, ABSOLUTE)

    Exec Addr    Load Addr    Size         Type   Attr      Idx    E Section Name        Object

    0x08000000   0x08000000   0x000000ec   Data   RO            3    RESET               startup_stm32f103xb.o
    0x080000ec   0x080000ec   0x00000000   Code   RO         3547  * .ARM.Collect$$$$00000000  mc_w.l(entry.o)
    0x080000ec   0x080000ec   0x00000004   Code   RO         3853    .ARM.Collect$$$$00000001  mc_w.l(entry2.o)
    0x080000f0   0x080000f0   0x00000004   Code   RO         3856    .ARM.Collect$$$$00000004  mc_w.l(entry5.o)
    0x080000f4   0x080000f4   0x00000000   Code   RO         3858    .ARM.Collect$$$$00000008  mc_w.l(entry7b.o)
    0x080000f4   0x080000f4   0x00000000   Code   RO         3860    .ARM.Collect$$$$0000000A  mc_w.l(entry8b.o)
    0x080000f4   0x080000f4   0x00000008   Code   RO         3861    .ARM.Collect$$$$0000000B  mc_w.l(entry9a.o)
    0x080000fc   0x080000fc   0x00000000   Code   RO         3863    .ARM.Collect$$$$0000000D  mc_w.l(entry10a.o)
    0x080000fc   0x080000fc   0x00000000   Code   RO         3865    .ARM.Collect$$$$0000000F  mc_w.l(entry11a.o)
    0x080000fc   0x080000fc   0x00000004   Code   RO         3854    .ARM.Collect$$$$00002712  mc_w.l(entry2.o)
    0x08000100   0x08000100   0x00000024   Code   RO            4    .text               startup_stm32f103xb.o
    0x08000124   0x08000124   0x00000020   Code   RO         3550    .text               mc_w.l(llushr.o)
    0x08000144   0x08000144   0x00000024   Code   RO         3552    .text               mc_w.l(memcpya.o)
    0x08000168   0x08000168   0x00000024   Code   RO         3554    .text               mc_w.l(memseta.o)
    0x0800018c   0x0800018c   0x000000b0   Code   RO         3819    .text               mf_w.l(fadd.o)
    0x0800023c   0x0800023c   0x00000064   Code   RO         3821    .text               mf_w.l(fmul.o)
    0x080002a0   0x080002a0   0x0000007c   Code   RO         3823    .text               mf_w.l(fdiv.o)
    0x0800031c   0x0800031c   0x00000018   Code   RO         3825    .text               mf_w.l(fscalb.o)
    0x08000334   0x08000334   0x0000014e   Code   RO         3827    .text               mf_w.l(dadd.o)
    0x08000482   0x08000482   0x000000e4   Code   RO         3829    .text               mf_w.l(dmul.o)
    0x08000566   0x08000566   0x000000de   Code   RO         3831    .text               mf_w.l(ddiv.o)
    0x08000644   0x08000644   0x00000012   Code   RO         3833    .text               mf_w.l(fflti.o)
    0x08000656   0x08000656   0x0000000a   Code   RO         3835    .text               mf_w.l(ffltui.o)
    0x08000660   0x08000660   0x00000022   Code   RO         3837    .text               mf_w.l(dflti.o)
    0x08000682   0x08000682   0x00000032   Code   RO         3839    .text               mf_w.l(ffixi.o)
    0x080006b4   0x080006b4   0x0000003e   Code   RO         3841    .text               mf_w.l(dfixi.o)
    0x080006f2   0x080006f2   0x00000026   Code   RO         3843    .text               mf_w.l(f2d.o)
    0x08000718   0x08000718   0x00000030   Code   RO         3845    .text               mf_w.l(cdcmple.o)
    0x08000748   0x08000748   0x00000038   Code   RO         3847    .text               mf_w.l(d2f.o)
    0x08000780   0x08000780   0x00000014   Code   RO         3849    .text               mf_w.l(cfcmple.o)
    0x08000794   0x08000794   0x00000014   Code   RO         3851    .text               mf_w.l(cfrcmple.o)
    0x080007a8   0x080007a8   0x0000002c   Code   RO         3870    .text               mc_w.l(uidiv.o)
    0x080007d4   0x080007d4   0x00000062   Code   RO         3872    .text               mc_w.l(uldiv.o)
    0x08000836   0x08000836   0x0000001e   Code   RO         3874    .text               mc_w.l(llshl.o)
    0x08000854   0x08000854   0x00000024   Code   RO         3876    .text               mc_w.l(llsshr.o)
    0x08000878   0x08000878   0x00000000   Code   RO         3878    .text               mc_w.l(iusefp.o)
    0x08000878   0x08000878   0x0000006e   Code   RO         3879    .text               mf_w.l(fepilogue.o)
    0x080008e6   0x080008e6   0x000000ba   Code   RO         3881    .text               mf_w.l(depilogue.o)
    0x080009a0   0x080009a0   0x00000030   Code   RO         3883    .text               mf_w.l(dfixul.o)
    0x080009d0   0x080009d0   0x00000030   Code   RO         3885    .text               mf_w.l(cdrcmple.o)
    0x08000a00   0x08000a00   0x00000024   Code   RO         3887    .text               mc_w.l(init.o)
    0x08000a24   0x08000a24   0x00000002   Code   RO          372    i.BusFault_Handler  stm32f1xx_it.o
    0x08000a26   0x08000a26   0x00000002   PAD
    0x08000a28   0x08000a28   0x0000002c   Code   RO         3523    i.Buzz              buzz.o
    0x08000a54   0x08000a54   0x00000002   Code   RO          373    i.DebugMon_Handler  stm32f1xx_it.o
    0x08000a56   0x08000a56   0x00000004   Code   RO           13    i.Error_Handler     main.o
    0x08000a5a   0x08000a5a   0x00000002   PAD
    0x08000a5c   0x08000a5c   0x00000098   Code   RO         1902    i.HAL_DMA_Abort_IT  stm32f1xx_hal_dma.o
    0x08000af4   0x08000af4   0x00000024   Code   RO         1529    i.HAL_Delay         stm32f1xx_hal.o
    0x08000b18   0x08000b18   0x000001cc   Code   RO         1837    i.HAL_GPIO_Init     stm32f1xx_hal_gpio.o
    0x08000ce4   0x08000ce4   0x0000000a   Code   RO         1839    i.HAL_GPIO_ReadPin  stm32f1xx_hal_gpio.o
    0x08000cee   0x08000cee   0x0000000a   Code   RO         1841    i.HAL_GPIO_WritePin  stm32f1xx_hal_gpio.o
    0x08000cf8   0x08000cf8   0x0000000c   Code   RO         1533    i.HAL_GetTick       stm32f1xx_hal.o
    0x08000d04   0x08000d04   0x00000010   Code   RO         1539    i.HAL_IncTick       stm32f1xx_hal.o
    0x08000d14   0x08000d14   0x00000024   Code   RO         1540    i.HAL_Init          stm32f1xx_hal.o
    0x08000d38   0x08000d38   0x00000040   Code   RO         1541    i.HAL_InitTick      stm32f1xx_hal.o
    0x08000d78   0x08000d78   0x00000044   Code   RO          489    i.HAL_MspInit       stm32f1xx_hal_msp.o
    0x08000dbc   0x08000dbc   0x0000001a   Code   RO         1997    i.HAL_NVIC_EnableIRQ  stm32f1xx_hal_cortex.o
    0x08000dd6   0x08000dd6   0x00000002   PAD
    0x08000dd8   0x08000dd8   0x00000040   Code   RO         2003    i.HAL_NVIC_SetPriority  stm32f1xx_hal_cortex.o
    0x08000e18   0x08000e18   0x00000024   Code   RO         2004    i.HAL_NVIC_SetPriorityGrouping  stm32f1xx_hal_cortex.o
    0x08000e3c   0x08000e3c   0x00000138   Code   RO         1697    i.HAL_RCC_ClockConfig  stm32f1xx_hal_rcc.o
    0x08000f74   0x08000f74   0x00000020   Code   RO         1704    i.HAL_RCC_GetPCLK1Freq  stm32f1xx_hal_rcc.o
    0x08000f94   0x08000f94   0x00000020   Code   RO         1705    i.HAL_RCC_GetPCLK2Freq  stm32f1xx_hal_rcc.o
    0x08000fb4   0x08000fb4   0x0000006c   Code   RO         1706    i.HAL_RCC_GetSysClockFreq  stm32f1xx_hal_rcc.o
    0x08001020   0x08001020   0x00000318   Code   RO         1709    i.HAL_RCC_OscConfig  stm32f1xx_hal_rcc.o
    0x08001338   0x08001338   0x00000028   Code   RO         2008    i.HAL_SYSTICK_Config  stm32f1xx_hal_cortex.o
    0x08001360   0x08001360   0x00000002   Code   RO         1255    i.HAL_TIMEx_BreakCallback  stm32f1xx_hal_tim_ex.o
    0x08001362   0x08001362   0x00000002   Code   RO         1256    i.HAL_TIMEx_CommutCallback  stm32f1xx_hal_tim_ex.o
    0x08001364   0x08001364   0x00000054   Code   RO         1258    i.HAL_TIMEx_ConfigBreakDeadTime  stm32f1xx_hal_tim_ex.o
    0x080013b8   0x080013b8   0x00000068   Code   RO         1274    i.HAL_TIMEx_MasterConfigSynchronization  stm32f1xx_hal_tim_ex.o
    0x08001420   0x08001420   0x0000005a   Code   RO          551    i.HAL_TIM_Base_Init  stm32f1xx_hal_tim.o
    0x0800147a   0x0800147a   0x00000002   PAD
    0x0800147c   0x0800147c   0x0000003c   Code   RO          235    i.HAL_TIM_Base_MspInit  tim.o
    0x080014b8   0x080014b8   0x00000058   Code   RO          556    i.HAL_TIM_Base_Start_IT  stm32f1xx_hal_tim.o
    0x08001510   0x08001510   0x000000d6   Code   RO          560    i.HAL_TIM_ConfigClockSource  stm32f1xx_hal_tim.o
    0x080015e6   0x080015e6   0x000000a4   Code   RO          572    i.HAL_TIM_Encoder_Init  stm32f1xx_hal_tim.o
    0x0800168a   0x0800168a   0x00000002   PAD
    0x0800168c   0x0800168c   0x000000a8   Code   RO          237    i.HAL_TIM_Encoder_MspInit  tim.o
    0x08001734   0x08001734   0x00000092   Code   RO          575    i.HAL_TIM_Encoder_Start  stm32f1xx_hal_tim.o
    0x080017c6   0x080017c6   0x00000002   Code   RO          585    i.HAL_TIM_IC_CaptureCallback  stm32f1xx_hal_tim.o
    0x080017c8   0x080017c8   0x00000166   Code   RO          599    i.HAL_TIM_IRQHandler  stm32f1xx_hal_tim.o
    0x0800192e   0x0800192e   0x00000002   PAD
    0x08001930   0x08001930   0x0000004c   Code   RO          238    i.HAL_TIM_MspPostInit  tim.o
    0x0800197c   0x0800197c   0x00000002   Code   RO          602    i.HAL_TIM_OC_DelayElapsedCallback  stm32f1xx_hal_tim.o
    0x0800197e   0x0800197e   0x000000c6   Code   RO          623    i.HAL_TIM_PWM_ConfigChannel  stm32f1xx_hal_tim.o
    0x08001a44   0x08001a44   0x0000005a   Code   RO          626    i.HAL_TIM_PWM_Init  stm32f1xx_hal_tim.o
    0x08001a9e   0x08001a9e   0x00000002   PAD
    0x08001aa0   0x08001aa0   0x00000028   Code   RO          240    i.HAL_TIM_PWM_MspInit  tim.o
    0x08001ac8   0x08001ac8   0x00000002   Code   RO          629    i.HAL_TIM_PWM_PulseFinishedCallback  stm32f1xx_hal_tim.o
    0x08001aca   0x08001aca   0x00000002   PAD
    0x08001acc   0x08001acc   0x000000a0   Code   RO          631    i.HAL_TIM_PWM_Start  stm32f1xx_hal_tim.o
    0x08001b6c   0x08001b6c   0x00000070   Code   RO          634    i.HAL_TIM_PWM_Stop  stm32f1xx_hal_tim.o
    0x08001bdc   0x08001bdc   0x00000238   Code   RO         3194    i.HAL_TIM_PeriodElapsedCallback  control.o
    0x08001e14   0x08001e14   0x00000002   Code   RO          642    i.HAL_TIM_TriggerCallback  stm32f1xx_hal_tim.o
    0x08001e16   0x08001e16   0x00000002   Code   RO         2518    i.HAL_UART_ErrorCallback  stm32f1xx_hal_uart.o
    0x08001e18   0x08001e18   0x0000015c   Code   RO         2521    i.HAL_UART_IRQHandler  stm32f1xx_hal_uart.o
    0x08001f74   0x08001f74   0x00000062   Code   RO         2522    i.HAL_UART_Init     stm32f1xx_hal_uart.o
    0x08001fd6   0x08001fd6   0x00000002   PAD
    0x08001fd8   0x08001fd8   0x000000d8   Code   RO          325    i.HAL_UART_MspInit  usart.o
    0x080020b0   0x080020b0   0x00000052   Code   RO         2527    i.HAL_UART_Receive_IT  stm32f1xx_hal_uart.o
    0x08002102   0x08002102   0x00000002   PAD
    0x08002104   0x08002104   0x00000030   Code   RO          374    i.HAL_UART_RxCpltCallback  stm32f1xx_it.o
    0x08002134   0x08002134   0x00000002   Code   RO         2533    i.HAL_UART_TxCpltCallback  stm32f1xx_hal_uart.o
    0x08002136   0x08002136   0x00000002   Code   RO          375    i.HardFault_Handler  stm32f1xx_it.o
    0x08002138   0x08002138   0x00000044   Code   RO         2856    i.I2C_Start         oled.o
    0x0800217c   0x0800217c   0x00000034   Code   RO         2857    i.I2C_Stop          oled.o
    0x080021b0   0x080021b0   0x00000038   Code   RO         2858    i.I2C_WaitAck       oled.o
    0x080021e8   0x080021e8   0x0000000a   Code   RO         2859    i.IIC_delay         oled.o
    0x080021f2   0x080021f2   0x00000002   PAD
    0x080021f4   0x080021f4   0x00000030   Code   RO         3468    i.Is_Off_Line       line.o
    0x08002224   0x08002224   0x00000138   Code   RO          210    i.MX_GPIO_Init      gpio.o
    0x0800235c   0x0800235c   0x000000b0   Code   RO          241    i.MX_TIM1_Init      tim.o
    0x0800240c   0x0800240c   0x00000068   Code   RO          242    i.MX_TIM2_Init      tim.o
    0x08002474   0x08002474   0x00000068   Code   RO          243    i.MX_TIM3_Init      tim.o
    0x080024dc   0x080024dc   0x0000006c   Code   RO          244    i.MX_TIM4_Init      tim.o
    0x08002548   0x08002548   0x00000038   Code   RO          326    i.MX_USART1_UART_Init  usart.o
    0x08002580   0x08002580   0x00000038   Code   RO          327    i.MX_USART2_UART_Init  usart.o
    0x080025b8   0x080025b8   0x00000002   Code   RO          376    i.MemManage_Handler  stm32f1xx_it.o
    0x080025ba   0x080025ba   0x00000002   Code   RO          377    i.NMI_Handler       stm32f1xx_it.o
    0x080025bc   0x080025bc   0x0000002c   Code   RO         2860    i.OLED_Clear        oled.o
    0x080025e8   0x080025e8   0x00000016   Code   RO         2861    i.OLED_ColorTurn    oled.o
    0x080025fe   0x080025fe   0x0000002c   Code   RO         2864    i.OLED_DisplayTurn  oled.o
    0x0800262a   0x0800262a   0x00000002   PAD
    0x0800262c   0x0800262c   0x0000002c   Code   RO         2867    i.OLED_DrawPoint    oled.o
    0x08002658   0x08002658   0x000000e0   Code   RO         2868    i.OLED_Init         oled.o
    0x08002738   0x08002738   0x00000064   Code   RO         2870    i.OLED_Refresh      oled.o
    0x0800279c   0x0800279c   0x000000dc   Code   RO         2872    i.OLED_ShowChar     oled.o
    0x08002878   0x08002878   0x0000003c   Code   RO         2876    i.OLED_ShowString   oled.o
    0x080028b4   0x080028b4   0x00000036   Code   RO         2877    i.OLED_WR_Byte      oled.o
    0x080028ea   0x080028ea   0x00000002   Code   RO          378    i.PendSV_Handler    stm32f1xx_it.o
    0x080028ec   0x080028ec   0x00000002   Code   RO          379    i.SVC_Handler       stm32f1xx_it.o
    0x080028ee   0x080028ee   0x00000002   PAD
    0x080028f0   0x080028f0   0x00000054   Code   RO         2878    i.Send_Byte         oled.o
    0x08002944   0x08002944   0x00000004   Code   RO          380    i.SysTick_Handler   stm32f1xx_it.o
    0x08002948   0x08002948   0x0000005c   Code   RO           14    i.SystemClock_Config  main.o
    0x080029a4   0x080029a4   0x00000002   Code   RO         2819    i.SystemInit        system_stm32f1xx.o
    0x080029a6   0x080029a6   0x00000002   PAD
    0x080029a8   0x080029a8   0x0000000c   Code   RO          381    i.TIM2_IRQHandler   stm32f1xx_it.o
    0x080029b4   0x080029b4   0x0000000c   Code   RO          382    i.TIM3_IRQHandler   stm32f1xx_it.o
    0x080029c0   0x080029c0   0x0000000c   Code   RO          383    i.TIM4_IRQHandler   stm32f1xx_it.o
    0x080029cc   0x080029cc   0x0000006c   Code   RO          644    i.TIM_Base_SetConfig  stm32f1xx_hal_tim.o
    0x08002a38   0x08002a38   0x0000001a   Code   RO          645    i.TIM_CCxChannelCmd  stm32f1xx_hal_tim.o
    0x08002a52   0x08002a52   0x00000014   Code   RO          655    i.TIM_ETR_SetConfig  stm32f1xx_hal_tim.o
    0x08002a66   0x08002a66   0x00000010   Code   RO          656    i.TIM_ITRx_SetConfig  stm32f1xx_hal_tim.o
    0x08002a76   0x08002a76   0x00000002   PAD
    0x08002a78   0x08002a78   0x00000058   Code   RO          657    i.TIM_OC1_SetConfig  stm32f1xx_hal_tim.o
    0x08002ad0   0x08002ad0   0x0000005c   Code   RO          658    i.TIM_OC2_SetConfig  stm32f1xx_hal_tim.o
    0x08002b2c   0x08002b2c   0x00000058   Code   RO          659    i.TIM_OC3_SetConfig  stm32f1xx_hal_tim.o
    0x08002b84   0x08002b84   0x00000044   Code   RO          660    i.TIM_OC4_SetConfig  stm32f1xx_hal_tim.o
    0x08002bc8   0x08002bc8   0x00000022   Code   RO          662    i.TIM_TI1_ConfigInputStage  stm32f1xx_hal_tim.o
    0x08002bea   0x08002bea   0x00000024   Code   RO          664    i.TIM_TI2_ConfigInputStage  stm32f1xx_hal_tim.o
    0x08002c0e   0x08002c0e   0x00000010   Code   RO         2535    i.UART_DMAAbortOnError  stm32f1xx_hal_uart.o
    0x08002c1e   0x08002c1e   0x0000001c   Code   RO         2545    i.UART_EndRxTransfer  stm32f1xx_hal_uart.o
    0x08002c3a   0x08002c3a   0x0000008c   Code   RO         2547    i.UART_Receive_IT   stm32f1xx_hal_uart.o
    0x08002cc6   0x08002cc6   0x00000002   PAD
    0x08002cc8   0x08002cc8   0x000000b8   Code   RO         2548    i.UART_SetConfig    stm32f1xx_hal_uart.o
    0x08002d80   0x08002d80   0x0000000c   Code   RO          384    i.USART1_IRQHandler  stm32f1xx_it.o
    0x08002d8c   0x08002d8c   0x0000000c   Code   RO          385    i.USART2_IRQHandler  stm32f1xx_it.o
    0x08002d98   0x08002d98   0x00000002   Code   RO          386    i.UsageFault_Handler  stm32f1xx_it.o
    0x08002d9a   0x08002d9a   0x00000002   PAD
    0x08002d9c   0x08002d9c   0x00000028   Code   RO         3793    i.__0sprintf        mc_w.l(printfa.o)
    0x08002dc4   0x08002dc4   0x00000020   Code   RO         2010    i.__NVIC_SetPriority  stm32f1xx_hal_cortex.o
    0x08002de4   0x08002de4   0x0000000e   Code   RO         3893    i.__scatterload_copy  mc_w.l(handlers.o)
    0x08002df2   0x08002df2   0x00000002   Code   RO         3894    i.__scatterload_null  mc_w.l(handlers.o)
    0x08002df4   0x08002df4   0x0000000e   Code   RO         3895    i.__scatterload_zeroinit  mc_w.l(handlers.o)
    0x08002e02   0x08002e02   0x00000002   PAD
    0x08002e04   0x08002e04   0x00000184   Code   RO         3798    i._fp_digits        mc_w.l(printfa.o)
    0x08002f88   0x08002f88   0x000006dc   Code   RO         3799    i._printf_core      mc_w.l(printfa.o)
    0x08003664   0x08003664   0x00000024   Code   RO         3800    i._printf_post_padding  mc_w.l(printfa.o)
    0x08003688   0x08003688   0x0000002e   Code   RO         3801    i._printf_pre_padding  mc_w.l(printfa.o)
    0x080036b6   0x080036b6   0x0000000a   Code   RO         3803    i._sputc            mc_w.l(printfa.o)
    0x080036c0   0x080036c0   0x00000078   Code   RO         3196    i.car_go            control.o
    0x08003738   0x08003738   0x0000007c   Code   RO         3197    i.car_spin          control.o
    0x080037b4   0x080037b4   0x0000002c   Code   RO         3199    i.car_turn          control.o
    0x080037e0   0x080037e0   0x00000008   Code   RO         3029    i.find_abs          motor.o
    0x080037e8   0x080037e8   0x00000080   Code   RO         3379    i.jy61p_ReceiveData  jy61p.o
    0x08003868   0x08003868   0x00000078   Code   RO         3412    i.key_scan          key.o
    0x080038e0   0x080038e0   0x0000002a   Code   RO         3030    i.limit_motor_pwm   motor.o
    0x0800390a   0x0800390a   0x00000002   PAD
    0x0800390c   0x0800390c   0x00000118   Code   RO         3469    i.line_err          line.o
    0x08003a24   0x08003a24   0x00000010   Code   RO         3200    i.line_pid_control  control.o
    0x08003a34   0x08003a34   0x00000074   Code   RO         3470    i.line_pid_realize  line.o
    0x08003aa8   0x08003aa8   0x0000007c   Code   RO         3031    i.load_motor_pwm    motor.o
    0x08003b24   0x08003b24   0x00000034   Code   RO         3202    i.location1_pid_control  control.o
    0x08003b58   0x08003b58   0x00000034   Code   RO         3203    i.location2_pid_control  control.o
    0x08003b8c   0x08003b8c   0x00000052   Code   RO         3123    i.location_pid_realize  pid.o
    0x08003bde   0x08003bde   0x00000002   PAD
    0x08003be0   0x08003be0   0x00000064   Code   RO         3204    i.location_speed_control  control.o
    0x08003c44   0x08003c44   0x000001f4   Code   RO           15    i.main              main.o
    0x08003e38   0x08003e38   0x00000124   Code   RO         3440    i.menu_start_select  menu.o
    0x08003f5c   0x08003f5c   0x00000098   Code   RO         3124    i.pid_param_init    pid.o
    0x08003ff4   0x08003ff4   0x0000000c   Code   RO         3095    i.read_pluse        encoder.o
    0x08004000   0x08004000   0x00000018   Code   RO         3032    i.set_motor1_disable  motor.o
    0x08004018   0x08004018   0x00000018   Code   RO         3033    i.set_motor1_enable  motor.o
    0x08004030   0x08004030   0x00000018   Code   RO         3034    i.set_motor2_disable  motor.o
    0x08004048   0x08004048   0x00000018   Code   RO         3035    i.set_motor2_enable  motor.o
    0x08004060   0x08004060   0x00000034   Code   RO         3126    i.set_pid_relative_angle  pid.o
    0x08004094   0x08004094   0x00000004   Code   RO         3127    i.set_pid_target    pid.o
    0x08004098   0x08004098   0x0000004c   Code   RO         3205    i.speed1_pid_control  control.o
    0x080040e4   0x080040e4   0x0000004c   Code   RO         3206    i.speed2_pid_control  control.o
    0x08004130   0x08004130   0x00000078   Code   RO         3128    i.speed_pid_realize  pid.o
    0x080041a8   0x080041a8   0x00000038   Code   RO         3207    i.turn_angle_pid_control  control.o
    0x080041e0   0x080041e0   0x00000098   Code   RO         3129    i.turn_angle_pid_realize  pid.o
    0x08004278   0x08004278   0x00000064   Code   RO         3208    i.turn_angle_speed_control  control.o
    0x080042dc   0x080042dc   0x00000010   Data   RO         2820    .constdata          system_stm32f1xx.o
    0x080042ec   0x080042ec   0x00000008   Data   RO         2821    .constdata          system_stm32f1xx.o
    0x080042f4   0x080042f4   0x00001e10   Data   RO         2880    .constdata          oled.o
    0x08006104   0x08006104   0x00000020   Data   RO         3473    .constdata          line.o
    0x08006124   0x08006124   0x00000020   Data   RO         3891    Region$$Table       anon$$obj.o


    Execution Region RW_IRAM1 (Exec base: 0x20000000, Load base: 0x08006144, Size: 0x00000ba8, Max: 0x00005000, ABSOLUTE)

    Exec Addr    Load Addr    Size         Type   Attr      Idx    E Section Name        Object

    0x20000000   0x08006144   0x00000001   Data   RW           19    .data               main.o
    0x20000001   0x08006145   0x00000001   Data   RW          387    .data               stm32f1xx_it.o
    0x20000002   0x08006146   0x00000002   PAD
    0x20000004   0x08006148   0x0000000c   Data   RW         1547    .data               stm32f1xx_hal.o
    0x20000010   0x08006154   0x00000004   Data   RW         2822    .data               system_stm32f1xx.o
    0x20000014   0x08006158   0x00000002   Data   RW         3036    .data               motor.o
    0x20000016   0x0800615a   0x00000002   PAD
    0x20000018   0x0800615c   0x00000054   Data   RW         3209    .data               control.o
    0x2000006c   0x080061b0   0x00000008   Data   RW         3381    .data               jy61p.o
    0x20000074   0x080061b8   0x00000001   Data   RW         3413    .data               key.o
    0x20000075   0x080061b9   0x00000003   PAD
    0x20000078   0x080061bc   0x0000000c   Data   RW         3474    .data               line.o
    0x20000084        -       0x00000032   Zero   RW           16    .bss                main.o
    0x200000b6   0x080061c8   0x00000002   PAD
    0x200000b8        -       0x00000120   Zero   RW          245    .bss                tim.o
    0x200001d8        -       0x00000080   Zero   RW          328    .bss                usart.o
    0x20000258        -       0x00000480   Zero   RW         2879    .bss                oled.o
    0x200006d8        -       0x000000c0   Zero   RW         3130    .bss                pid.o
    0x20000798        -       0x0000000b   Zero   RW         3380    .bss                jy61p.o
    0x200007a3   0x080061c8   0x00000005   PAD
    0x200007a8        -       0x00000400   Zero   RW            1    STACK               startup_stm32f103xb.o


==============================================================================

Image component sizes


      Code (inc. data)   RO Data    RW Data    ZI Data      Debug   Object Name

        44          6          0          0          0        487   buzz.o
      1384        266          0         84          0      10580   control.o
        12          0          0          0          0        837   encoder.o
       312         18          0          0          0       1007   gpio.o
       128         12          0          8         11       1370   jy61p.o
       120          8          0          1          0        623   key.o
       444         50         32         12          0       2353   line.o
       596         74          0          1         50     427177   main.o
       292        118          0          0          0        736   menu.o
       270         48          0          2          0       4048   motor.o
      1082         52       7696          0       1152       9656   oled.o
       562         56          0          0        192       4819   pid.o
        36          8        236          0       1024        792   startup_stm32f103xb.o
       164         28          0         12          0       5825   stm32f1xx_hal.o
       198         14          0          0          0      28851   stm32f1xx_hal_cortex.o
       152          4          0          0          0       1083   stm32f1xx_hal_dma.o
       480         34          0          0          0       3435   stm32f1xx_hal_gpio.o
        68         10          0          0          0        854   stm32f1xx_hal_msp.o
      1276        100          0          0          0       5288   stm32f1xx_hal_rcc.o
      2204         62          0          0          0      18394   stm32f1xx_hal_tim.o
       192         12          0          0          0       3201   stm32f1xx_hal_tim_ex.o
       900         10          0          0          0       6839   stm32f1xx_hal_uart.o
       128         44          0          1          0       7234   stm32f1xx_it.o
         2          0         24          4          0       1091   system_stm32f1xx.o
       836         80          0          0        288       5419   tim.o
       328         34          0          0        128       2315   usart.o

    ----------------------------------------------------------------------
     12248       1148       8020        132       2852     554314   Object Totals
         0          0         32          0          0          0   (incl. Generated)
        38          0          0          7          7          0   (incl. Padding)

    ----------------------------------------------------------------------

      Code (inc. data)   RO Data    RW Data    ZI Data      Debug   Library Member Name

         0          0          0          0          0          0   entry.o
         0          0          0          0          0          0   entry10a.o
         0          0          0          0          0          0   entry11a.o
         8          4          0          0          0          0   entry2.o
         4          0          0          0          0          0   entry5.o
         0          0          0          0          0          0   entry7b.o
         0          0          0          0          0          0   entry8b.o
         8          4          0          0          0          0   entry9a.o
        30          0          0          0          0          0   handlers.o
        36          8          0          0          0         68   init.o
         0          0          0          0          0          0   iusefp.o
        30          0          0          0          0         68   llshl.o
        36          0          0          0          0         68   llsshr.o
        32          0          0          0          0         68   llushr.o
        36          0          0          0          0         68   memcpya.o
        36          0          0          0          0        108   memseta.o
      2276         86          0          0          0        520   printfa.o
        44          0          0          0          0         80   uidiv.o
        98          0          0          0          0         92   uldiv.o
        48          0          0          0          0         68   cdcmple.o
        48          0          0          0          0         68   cdrcmple.o
        20          0          0          0          0         68   cfcmple.o
        20          0          0          0          0         68   cfrcmple.o
        56          0          0          0          0         88   d2f.o
       334          0          0          0          0        148   dadd.o
       222          0          0          0          0        100   ddiv.o
       186          0          0          0          0        176   depilogue.o
        62          0          0          0          0         80   dfixi.o
        48          0          0          0          0         68   dfixul.o
        34          0          0          0          0         76   dflti.o
       228          0          0          0          0         96   dmul.o
        38          0          0          0          0         68   f2d.o
       176          0          0          0          0        140   fadd.o
       124          0          0          0          0         88   fdiv.o
       110          0          0          0          0        168   fepilogue.o
        50          0          0          0          0         68   ffixi.o
        18          0          0          0          0         68   fflti.o
        10          0          0          0          0         68   ffltui.o
       100          0          0          0          0         76   fmul.o
        24          0          0          0          0         68   fscalb.o

    ----------------------------------------------------------------------
      4632        102          0          0          0       3056   Library Totals
         2          0          0          0          0          0   (incl. Padding)

    ----------------------------------------------------------------------

      Code (inc. data)   RO Data    RW Data    ZI Data      Debug   Library Name

      2674        102          0          0          0       1140   mc_w.l
      1956          0          0          0          0       1916   mf_w.l

    ----------------------------------------------------------------------
      4632        102          0          0          0       3056   Library Totals

    ----------------------------------------------------------------------

==============================================================================


      Code (inc. data)   RO Data    RW Data    ZI Data      Debug   

     16880       1250       8020        132       2852     548994   Grand Totals
     16880       1250       8020        132       2852     548994   ELF Image Totals
     16880       1250       8020        132          0          0   ROM Totals

==============================================================================

    Total RO  Size (Code + RO Data)                24900 (  24.32kB)
    Total RW  Size (RW Data + ZI Data)              2984 (   2.91kB)
    Total ROM Size (Code + RO Data + RW Data)      25032 (  24.45kB)

==============================================================================

