Component: ARM Compiler 5.06 update 5 (build 528) Tool: armlink [4d35e2]

==============================================================================

Section Cross References

    startup_stm32f103xb.o(RESET) refers to startup_stm32f103xb.o(STACK) for __initial_sp
    startup_stm32f103xb.o(RESET) refers to startup_stm32f103xb.o(.text) for Reset_Handler
    startup_stm32f103xb.o(RESET) refers to stm32f1xx_it.o(i.NMI_Handler) for NMI_Handler
    startup_stm32f103xb.o(RESET) refers to stm32f1xx_it.o(i.HardFault_Handler) for HardFault_Handler
    startup_stm32f103xb.o(RESET) refers to stm32f1xx_it.o(i.MemManage_Handler) for MemManage_Handler
    startup_stm32f103xb.o(RESET) refers to stm32f1xx_it.o(i.BusFault_Handler) for BusFault_Handler
    startup_stm32f103xb.o(RESET) refers to stm32f1xx_it.o(i.UsageFault_Handler) for UsageFault_Handler
    startup_stm32f103xb.o(RESET) refers to stm32f1xx_it.o(i.SVC_Handler) for SVC_Handler
    startup_stm32f103xb.o(RESET) refers to stm32f1xx_it.o(i.DebugMon_Handler) for DebugMon_Handler
    startup_stm32f103xb.o(RESET) refers to stm32f1xx_it.o(i.PendSV_Handler) for PendSV_Handler
    startup_stm32f103xb.o(RESET) refers to stm32f1xx_it.o(i.SysTick_Handler) for SysTick_Handler
    startup_stm32f103xb.o(RESET) refers to stm32f1xx_it.o(i.TIM2_IRQHandler) for TIM2_IRQHandler
    startup_stm32f103xb.o(RESET) refers to stm32f1xx_it.o(i.TIM3_IRQHandler) for TIM3_IRQHandler
    startup_stm32f103xb.o(RESET) refers to stm32f1xx_it.o(i.TIM4_IRQHandler) for TIM4_IRQHandler
    startup_stm32f103xb.o(RESET) refers to stm32f1xx_it.o(i.USART1_IRQHandler) for USART1_IRQHandler
    startup_stm32f103xb.o(RESET) refers to stm32f1xx_it.o(i.USART2_IRQHandler) for USART2_IRQHandler
    startup_stm32f103xb.o(.text) refers to system_stm32f1xx.o(i.SystemInit) for SystemInit
    startup_stm32f103xb.o(.text) refers to entry.o(.ARM.Collect$$$$00000000) for __main
    main.o(i.SystemClock_Config) refers to memseta.o(.text) for __aeabi_memclr4
    main.o(i.SystemClock_Config) refers to stm32f1xx_hal_rcc.o(i.HAL_RCC_OscConfig) for HAL_RCC_OscConfig
    main.o(i.SystemClock_Config) refers to stm32f1xx_hal_rcc.o(i.HAL_RCC_ClockConfig) for HAL_RCC_ClockConfig
    main.o(i.main) refers to stm32f1xx_hal.o(i.HAL_Init) for HAL_Init
    main.o(i.main) refers to main.o(i.SystemClock_Config) for SystemClock_Config
    main.o(i.main) refers to gpio.o(i.MX_GPIO_Init) for MX_GPIO_Init
    main.o(i.main) refers to tim.o(i.MX_TIM1_Init) for MX_TIM1_Init
    main.o(i.main) refers to tim.o(i.MX_TIM4_Init) for MX_TIM4_Init
    main.o(i.main) refers to tim.o(i.MX_TIM3_Init) for MX_TIM3_Init
    main.o(i.main) refers to usart.o(i.MX_USART1_UART_Init) for MX_USART1_UART_Init
    main.o(i.main) refers to usart.o(i.MX_USART2_UART_Init) for MX_USART2_UART_Init
    main.o(i.main) refers to tim.o(i.MX_TIM2_Init) for MX_TIM2_Init
    main.o(i.main) refers to stm32f1xx_hal_tim.o(i.HAL_TIM_Encoder_Start) for HAL_TIM_Encoder_Start
    main.o(i.main) refers to stm32f1xx_hal_tim.o(i.HAL_TIM_Base_Start_IT) for HAL_TIM_Base_Start_IT
    main.o(i.main) refers to motor.o(i.set_motor1_enable) for set_motor1_enable
    main.o(i.main) refers to motor.o(i.set_motor2_enable) for set_motor2_enable
    main.o(i.main) refers to stm32f1xx_hal_tim.o(i.HAL_TIM_PWM_Start) for HAL_TIM_PWM_Start
    main.o(i.main) refers to pid.o(i.pid_param_init) for pid_param_init
    main.o(i.main) refers to stm32f1xx_hal_uart.o(i.HAL_UART_Receive_IT) for HAL_UART_Receive_IT
    main.o(i.main) refers to oled.o(i.OLED_Init) for OLED_Init
    main.o(i.main) refers to oled.o(i.OLED_ColorTurn) for OLED_ColorTurn
    main.o(i.main) refers to oled.o(i.OLED_DisplayTurn) for OLED_DisplayTurn
    main.o(i.main) refers to buzz.o(i.Buzz_Init) for Buzz_Init
    main.o(i.main) refers to control.o(i.car_go) for car_go
    main.o(i.main) refers to key.o(i.key_scan) for key_scan
    main.o(i.main) refers to stm32f1xx_hal.o(i.HAL_Delay) for HAL_Delay
    main.o(i.main) refers to control.o(i.car_spin) for car_spin
    main.o(i.main) refers to ffltui.o(.text) for __aeabi_ui2f
    main.o(i.main) refers to pid.o(i.set_pid_target) for set_pid_target
    main.o(i.main) refers to f2d.o(.text) for __aeabi_f2d
    main.o(i.main) refers to printfa.o(i.__0sprintf) for __2sprintf
    main.o(i.main) refers to oled.o(i.OLED_ShowString) for OLED_ShowString
    main.o(i.main) refers to oled.o(i.OLED_Refresh) for OLED_Refresh
    main.o(i.main) refers to tim.o(.bss) for htim2
    main.o(i.main) refers to usart.o(.bss) for huart1
    main.o(i.main) refers to stm32f1xx_it.o(.data) for g_usart2_receivedata
    main.o(i.main) refers to main.o(.data) for .data
    main.o(i.main) refers to jy61p.o(.data) for g_yaw_jy61
    main.o(i.main) refers to control.o(.data) for g_Line_Flag
    main.o(i.main) refers to pid.o(.bss) for g_pid_turn_angle
    main.o(i.main) refers to main.o(.bss) for .bss
    gpio.o(i.MX_GPIO_Init) refers to stm32f1xx_hal_gpio.o(i.HAL_GPIO_WritePin) for HAL_GPIO_WritePin
[...]
    ..\Drivers\STM32F1xx_HAL_Driver\Src\stm32f1xx_hal_flash.c 0x00000000   Number         0  stm32f1xx_hal_flash.o ABSOLUTE
    ..\Drivers\STM32F1xx_HAL_Driver\Src\stm32f1xx_hal_flash_ex.c 0x00000000   Number         0  stm32f1xx_hal_flash_ex.o ABSOLUTE
    ..\Drivers\STM32F1xx_HAL_Driver\Src\stm32f1xx_hal_gpio.c 0x00000000   Number         0  stm32f1xx_hal_gpio.o ABSOLUTE
    ..\Drivers\STM32F1xx_HAL_Driver\Src\stm32f1xx_hal_gpio_ex.c 0x00000000   Number         0  stm32f1xx_hal_gpio_ex.o ABSOLUTE
    ..\Drivers\STM32F1xx_HAL_Driver\Src\stm32f1xx_hal_pwr.c 0x00000000   Number         0  stm32f1xx_hal_pwr.o ABSOLUTE
    ..\Drivers\STM32F1xx_HAL_Driver\Src\stm32f1xx_hal_rcc.c 0x00000000   Number         0  stm32f1xx_hal_rcc.o ABSOLUTE
    ..\Drivers\STM32F1xx_HAL_Driver\Src\stm32f1xx_hal_rcc_ex.c 0x00000000   Number         0  stm32f1xx_hal_rcc_ex.o ABSOLUTE
    ..\Drivers\STM32F1xx_HAL_Driver\Src\stm32f1xx_hal_tim.c 0x00000000   Number         0  stm32f1xx_hal_tim.o ABSOLUTE
    ..\Drivers\STM32F1xx_HAL_Driver\Src\stm32f1xx_hal_tim_ex.c 0x00000000   Number         0  stm32f1xx_hal_tim_ex.o ABSOLUTE
    ..\Drivers\STM32F1xx_HAL_Driver\Src\stm32f1xx_hal_uart.c 0x00000000   Number         0  stm32f1xx_hal_uart.o ABSOLUTE
    ..\HARDWARE\CONTROL\control.c            0x00000000   Number         0  control.o ABSOLUTE
    ..\HARDWARE\ENCODER\encoder.c            0x00000000   Number         0  encoder.o ABSOLUTE
    ..\HARDWARE\JY61P\jy61p.c                0x00000000   Number         0  jy61p.o ABSOLUTE
    ..\HARDWARE\KEY\key.c                    0x00000000   Number         0  key.o ABSOLUTE
    ..\HARDWARE\LINE\line.c                  0x00000000   Number         0  line.o ABSOLUTE
    ..\HARDWARE\MENU\menu.c                  0x00000000   Number         0  menu.o ABSOLUTE
    ..\HARDWARE\MOTOR\motor.c                0x00000000   Number         0  motor.o ABSOLUTE
    ..\HARDWARE\OLED\oled.c                  0x00000000   Number         0  oled.o ABSOLUTE
    ..\HARDWARE\PID\pid.c                    0x00000000   Number         0  pid.o ABSOLUTE
    ..\HARDWARE\PROTOCOL\protocol.c          0x00000000   Number         0  protocol.o ABSOLUTE
    ..\\HARDWARE\\CONTROL\\control.c         0x00000000   Number         0  control.o ABSOLUTE
    ..\\HARDWARE\\ENCODER\\encoder.c         0x00000000   Number         0  encoder.o ABSOLUTE
    ..\\HARDWARE\\JY61P\\jy61p.c             0x00000000   Number         0  jy61p.o ABSOLUTE
    ..\\HARDWARE\\KEY\\key.c                 0x00000000   Number         0  key.o ABSOLUTE
    ..\\HARDWARE\\LINE\\line.c               0x00000000   Number         0  line.o ABSOLUTE
    ..\\HARDWARE\\MENU\\menu.c               0x00000000   Number         0  menu.o ABSOLUTE
    ..\\HARDWARE\\MOTOR\\motor.c             0x00000000   Number         0  motor.o ABSOLUTE
    ..\\HARDWARE\\OLED\\oled.c               0x00000000   Number         0  oled.o ABSOLUTE
    ..\\HARDWARE\\PID\\pid.c                 0x00000000   Number         0  pid.o ABSOLUTE
    ..\\HARDWARE\\PROTOCOL\\protocol.c       0x00000000   Number         0  protocol.o ABSOLUTE
    buzz.c                                   0x00000000   Number         0  buzz.o ABSOLUTE
    buzz.c                                   0x00000000   Number         0  buzz.o ABSOLUTE
    cdcmple.s                                0x00000000   Number         0  cdcmple.o ABSOLUTE
    cdrcmple.s                               0x00000000   Number         0  cdrcmple.o ABSOLUTE
    cfcmple.s                                0x00000000   Number         0  cfcmple.o ABSOLUTE
    cfrcmple.s                               0x00000000   Number         0  cfrcmple.o ABSOLUTE
    dc.s                                     0x00000000   Number         0  dc.o ABSOLUTE
    handlers.s                               0x00000000   Number         0  handlers.o ABSOLUTE
    init.s                                   0x00000000   Number         0  init.o ABSOLUTE
    startup_stm32f103xb.s                    0x00000000   Number         0  startup_stm32f103xb.o ABSOLUTE
    RESET                                    0x08000000   Section      236  startup_stm32f103xb.o(RESET)
    .ARM.Collect$$$$00000000                 0x080000ec   Section        0  entry.o(.ARM.Collect$$$$00000000)
    .ARM.Collect$$$$00000001                 0x080000ec   Section        4  entry2.o(.ARM.Collect$$$$00000001)
    .ARM.Collect$$$$00000004                 0x080000f0   Section        4  entry5.o(.ARM.Collect$$$$00000004)
    .ARM.Collect$$$$00000008                 0x080000f4   Section        0  entry7b.o(.ARM.Collect$$$$00000008)
    .ARM.Collect$$$$0000000A                 0x080000f4   Section        0  entry8b.o(.ARM.Collect$$$$0000000A)
    .ARM.Collect$$$$0000000B                 0x080000f4   Section        8  entry9a.o(.ARM.Collect$$$$0000000B)
    .ARM.Collect$$$$0000000D                 0x080000fc   Section        0  entry10a.o(.ARM.Collect$$$$0000000D)
    .ARM.Collect$$$$0000000F                 0x080000fc   Section        0  entry11a.o(.ARM.Collect$$$$0000000F)
    .ARM.Collect$$$$00002712                 0x080000fc   Section        4  entry2.o(.ARM.Collect$$$$00002712)
    __lit__00000000                          0x080000fc   Data           4  entry2.o(.ARM.Collect$$$$00002712)
    .text                                    0x08000100   Section       36  startup_stm32f103xb.o(.text)
    .text                                    0x08000124   Section        0  llushr.o(.text)
    .text                                    0x08000144   Section        0  memcpya.o(.text)
    .text                                    0x08000168   Section        0  memseta.o(.text)
    .text                                    0x0800018c   Section        0  fadd.o(.text)
    .text                                    0x0800023c   Section        0  fmul.o(.text)
    .text                                    0x080002a0   Section        0  fdiv.o(.text)
    .text                                    0x0800031c   Section        0  fscalb.o(.text)
    .text                                    0x08000334   Section        0  dadd.o(.text)
    .text                                    0x08000482   Section        0  dmul.o(.text)
    .text                                    0x08000566   Section        0  ddiv.o(.text)
    .text                                    0x08000644   Section        0  fflti.o(.text)
    .text                                    0x08000656   Section        0  ffltui.o(.text)
    .text                                    0x08000660   Section        0  dflti.o(.text)
    .text                                    0x08000682   Section        0  ffixi.o(.text)
    .text                                    0x080006b4   Section        0  dfixi.o(.text)
    .text                                    0x080006f2   Section        0  f2d.o(.text)
    .text                                    0x08000718   Section       48  cdcmple.o(.text)
    .text                                    0x08000748   Section        0  d2f.o(.text)
    .text                                    0x08000780   Section       20  cfcmple.o(.text)
    .text                                    0x08000794   Section       20  cfrcmple.o(.text)
    .text                                    0x080007a8   Section        0  uidiv.o(.text)
    .text                                    0x080007d4   Section        0  uldiv.o(.text)
    .text                                    0x08000836   Section        0  llshl.o(.text)
    .text                                    0x08000854   Section        0  llsshr.o(.text)
    .text                                    0x08000878   Section        0  iusefp.o(.text)
    .text                                    0x08000878   Section        0  fepilogue.o(.text)
    .text                                    0x080008e6   Section        0  depilogue.o(.text)
    .text                                    0x080009a0   Section        0  dfixul.o(.text)
    .text                                    0x080009d0   Section       48  cdrcmple.o(.text)
    .text                                    0x08000a00   Section       36  init.o(.text)
    i.BusFault_Handler                       0x08000a24   Section        0  stm32f1xx_it.o(i.BusFault_Handler)
    i.Buzz_Init                              0x08000a28   Section        0  buzz.o(i.Buzz_Init)
    i.DebugMon_Handler                       0x08000a38   Section        0  stm32f1xx_it.o(i.DebugMon_Handler)
    i.Error_Handler                          0x08000a3a   Section        0  main.o(i.Error_Handler)
    i.HAL_DMA_Abort_IT                       0x08000a40   Section        0  stm32f1xx_hal_dma.o(i.HAL_DMA_Abort_IT)
    i.HAL_Delay                              0x08000ad8   Section        0  stm32f1xx_hal.o(i.HAL_Delay)
    i.HAL_GPIO_Init                          0x08000afc   Section        0  stm32f1xx_hal_gpio.o(i.HAL_GPIO_Init)
    i.HAL_GPIO_ReadPin                       0x08000cc8   Section        0  stm32f1xx_hal_gpio.o(i.HAL_GPIO_ReadPin)
    i.HAL_GPIO_WritePin                      0x08000cd2   Section        0  stm32f1xx_hal_gpio.o(i.HAL_GPIO_WritePin)
    i.HAL_GetTick                            0x08000cdc   Section        0  stm32f1xx_hal.o(i.HAL_GetTick)
    i.HAL_IncTick                            0x08000ce8   Section        0  stm32f1xx_hal.o(i.HAL_IncTick)
    i.HAL_Init                               0x08000cf8   Section        0  stm32f1xx_hal.o(i.HAL_Init)
    i.HAL_InitTick                           0x08000d1c   Section        0  stm32f1xx_hal.o(i.HAL_InitTick)
    i.HAL_MspInit                            0x08000d5c   Section        0  stm32f1xx_hal_msp.o(i.HAL_MspInit)
    i.HAL_NVIC_EnableIRQ                     0x08000da0   Section        0  stm32f1xx_hal_cortex.o(i.HAL_NVIC_EnableIRQ)
    i.HAL_NVIC_SetPriority                   0x08000dbc   Section        0  stm32f1xx_hal_cortex.o(i.HAL_NVIC_SetPriority)
    i.HAL_NVIC_SetPriorityGrouping           0x08000dfc   Section        0  stm32f1xx_hal_cortex.o(i.HAL_NVIC_SetPriorityGrouping)
    i.HAL_RCC_ClockConfig                    0x08000e20   Section        0  stm32f1xx_hal_rcc.o(i.HAL_RCC_ClockConfig)
    i.HAL_RCC_GetPCLK1Freq                   0x08000f58   Section        0  stm32f1xx_hal_rcc.o(i.HAL_RCC_GetPCLK1Freq)
    i.HAL_RCC_GetPCLK2Freq                   0x08000f78   Section        0  stm32f1xx_hal_rcc.o(i.HAL_RCC_GetPCLK2Freq)
    i.HAL_RCC_GetSysClockFreq                0x08000f98   Section        0  stm32f1xx_hal_rcc.o(i.HAL_RCC_GetSysClockFreq)
    i.HAL_RCC_OscConfig                      0x08001004   Section        0  stm32f1xx_hal_rcc.o(i.HAL_RCC_OscConfig)
    i.HAL_SYSTICK_Config                     0x0800131c   Section        0  stm32f1xx_hal_cortex.o(i.HAL_SYSTICK_Config)
    i.HAL_TIMEx_BreakCallback                0x08001344   Section        0  stm32f1xx_hal_tim_ex.o(i.HAL_TIMEx_BreakCallback)
    i.HAL_TIMEx_CommutCallback               0x08001346   Section        0  stm32f1xx_hal_tim_ex.o(i.HAL_TIMEx_CommutCallback)
    i.HAL_TIMEx_ConfigBreakDeadTime          0x08001348   Section        0  stm32f1xx_hal_tim_ex.o(i.HAL_TIMEx_ConfigBreakDeadTime)
    i.HAL_TIMEx_MasterConfigSynchronization  0x0800139c   Section        0  stm32f1xx_hal_tim_ex.o(i.HAL_TIMEx_MasterConfigSynchronization)
    i.HAL_TIM_Base_Init                      0x08001404   Section        0  stm32f1xx_hal_tim.o(i.HAL_TIM_Base_Init)
    i.HAL_TIM_Base_MspInit                   0x08001460   Section        0  tim.o(i.HAL_TIM_Base_MspInit)
    i.HAL_TIM_Base_Start_IT                  0x0800149c   Section        0  stm32f1xx_hal_tim.o(i.HAL_TIM_Base_Start_IT)
    i.HAL_TIM_ConfigClockSource              0x080014f4   Section        0  stm32f1xx_hal_tim.o(i.HAL_TIM_ConfigClockSource)
    i.HAL_TIM_Encoder_Init                   0x080015ca   Section        0  stm32f1xx_hal_tim.o(i.HAL_TIM_Encoder_Init)
    i.HAL_TIM_Encoder_MspInit                0x08001670   Section        0  tim.o(i.HAL_TIM_Encoder_MspInit)
    i.HAL_TIM_Encoder_Start                  0x08001718   Section        0  stm32f1xx_hal_tim.o(i.HAL_TIM_Encoder_Start)
    i.HAL_TIM_IC_CaptureCallback             0x080017aa   Section        0  stm32f1xx_hal_tim.o(i.HAL_TIM_IC_CaptureCallback)
    i.HAL_TIM_IRQHandler                     0x080017ac   Section        0  stm32f1xx_hal_tim.o(i.HAL_TIM_IRQHandler)
    i.HAL_TIM_MspPostInit                    0x08001914   Section        0  tim.o(i.HAL_TIM_MspPostInit)
    i.HAL_TIM_OC_DelayElapsedCallback        0x08001960   Section        0  stm32f1xx_hal_tim.o(i.HAL_TIM_OC_DelayElapsedCallback)
    i.HAL_TIM_PWM_ConfigChannel              0x08001962   Section        0  stm32f1xx_hal_tim.o(i.HAL_TIM_PWM_ConfigChannel)
    i.HAL_TIM_PWM_Init                       0x08001a28   Section        0  stm32f1xx_hal_tim.o(i.HAL_TIM_PWM_Init)
    i.HAL_TIM_PWM_MspInit                    0x08001a84   Section        0  tim.o(i.HAL_TIM_PWM_MspInit)
    i.HAL_TIM_PWM_PulseFinishedCallback      0x08001aac   Section        0  stm32f1xx_hal_tim.o(i.HAL_TIM_PWM_PulseFinishedCallback)
    i.HAL_TIM_PWM_Start                      0x08001ab0   Section        0  stm32f1xx_hal_tim.o(i.HAL_TIM_PWM_Start)
    i.HAL_TIM_PWM_Stop                       0x08001b50   Section        0  stm32f1xx_hal_tim.o(i.HAL_TIM_PWM_Stop)
    i.HAL_TIM_PeriodElapsedCallback          0x08001bc0   Section        0  control.o(i.HAL_TIM_PeriodElapsedCallback)
    i.HAL_TIM_TriggerCallback                0x08001f68   Section        0  stm32f1xx_hal_tim.o(i.HAL_TIM_TriggerCallback)
    i.HAL_UART_ErrorCallback                 0x08001f6a   Section        0  stm32f1xx_hal_uart.o(i.HAL_UART_ErrorCallback)
    i.HAL_UART_IRQHandler                    0x08001f6c   Section        0  stm32f1xx_hal_uart.o(i.HAL_UART_IRQHandler)
    i.HAL_UART_Init                          0x080020c8   Section        0  stm32f1xx_hal_uart.o(i.HAL_UART_Init)
    i.HAL_UART_MspInit                       0x0800212c   Section        0  usart.o(i.HAL_UART_MspInit)
    i.HAL_UART_Receive_IT                    0x08002204   Section        0  stm32f1xx_hal_uart.o(i.HAL_UART_Receive_IT)
    i.HAL_UART_RxCpltCallback                0x08002258   Section        0  stm32f1xx_it.o(i.HAL_UART_RxCpltCallback)
    i.HAL_UART_TxCpltCallback                0x08002288   Section        0  stm32f1xx_hal_uart.o(i.HAL_UART_TxCpltCallback)
    i.HardFault_Handler                      0x0800228a   Section        0  stm32f1xx_it.o(i.HardFault_Handler)
    i.I2C_Start                              0x0800228c   Section        0  oled.o(i.I2C_Start)
    i.I2C_Stop                               0x080022d0   Section        0  oled.o(i.I2C_Stop)
    i.I2C_WaitAck                            0x08002304   Section        0  oled.o(i.I2C_WaitAck)
    i.IIC_delay                              0x0800233c   Section        0  oled.o(i.IIC_delay)
    i.MX_GPIO_Init                           0x08002348   Section        0  gpio.o(i.MX_GPIO_Init)
    i.MX_TIM1_Init                           0x08002480   Section        0  tim.o(i.MX_TIM1_Init)
    i.MX_TIM2_Init                           0x08002530   Section        0  tim.o(i.MX_TIM2_Init)
    i.MX_TIM3_Init                           0x08002598   Section        0  tim.o(i.MX_TIM3_Init)
    i.MX_TIM4_Init                           0x08002600   Section        0  tim.o(i.MX_TIM4_Init)
    i.MX_USART1_UART_Init                    0x0800266c   Section        0  usart.o(i.MX_USART1_UART_Init)
    i.MX_USART2_UART_Init                    0x080026a4   Section        0  usart.o(i.MX_USART2_UART_Init)
    i.MemManage_Handler                      0x080026dc   Section        0  stm32f1xx_it.o(i.MemManage_Handler)
    i.NMI_Handler                            0x080026de   Section        0  stm32f1xx_it.o(i.NMI_Handler)
    i.OLED_Clear                             0x080026e0   Section        0  oled.o(i.OLED_Clear)
    i.OLED_ColorTurn                         0x0800270c   Section        0  oled.o(i.OLED_ColorTurn)
    i.OLED_DisplayTurn                       0x08002722   Section        0  oled.o(i.OLED_DisplayTurn)
    i.OLED_DrawPoint                         0x08002750   Section        0  oled.o(i.OLED_DrawPoint)
    i.OLED_Init                              0x0800277c   Section        0  oled.o(i.OLED_Init)
    i.OLED_Refresh                           0x0800285c   Section        0  oled.o(i.OLED_Refresh)
    i.OLED_ShowChar                          0x080028c0   Section        0  oled.o(i.OLED_ShowChar)
    i.OLED_ShowString                        0x0800299c   Section        0  oled.o(i.OLED_ShowString)
    i.OLED_WR_Byte                           0x080029d8   Section        0  oled.o(i.OLED_WR_Byte)
    i.PendSV_Handler                         0x08002a0e   Section        0  stm32f1xx_it.o(i.PendSV_Handler)
    i.SVC_Handler                            0x08002a10   Section        0  stm32f1xx_it.o(i.SVC_Handler)
    i.Send_Byte                              0x08002a14   Section        0  oled.o(i.Send_Byte)
    i.SysTick_Handler                        0x08002a68   Section        0  stm32f1xx_it.o(i.SysTick_Handler)
    i.SystemClock_Config                     0x08002a6c   Section        0  main.o(i.SystemClock_Config)
    i.SystemInit                             0x08002ac8   Section        0  system_stm32f1xx.o(i.SystemInit)
    i.TIM2_IRQHandler                        0x08002acc   Section        0  stm32f1xx_it.o(i.TIM2_IRQHandler)
    i.TIM3_IRQHandler                        0x08002ad8   Section        0  stm32f1xx_it.o(i.TIM3_IRQHandler)
    i.TIM4_IRQHandler                        0x08002ae4   Section        0  stm32f1xx_it.o(i.TIM4_IRQHandler)
    i.TIM_Base_SetConfig                     0x08002af0   Section        0  stm32f1xx_hal_tim.o(i.TIM_Base_SetConfig)
    i.TIM_CCxChannelCmd                      0x08002b5c   Section        0  stm32f1xx_hal_tim.o(i.TIM_CCxChannelCmd)
    i.TIM_ETR_SetConfig                      0x08002b76   Section        0  stm32f1xx_hal_tim.o(i.TIM_ETR_SetConfig)
    i.TIM_ITRx_SetConfig                     0x08002b8a   Section        0  stm32f1xx_hal_tim.o(i.TIM_ITRx_SetConfig)
    TIM_ITRx_SetConfig                       0x08002b8b   Thumb Code    16  stm32f1xx_hal_tim.o(i.TIM_ITRx_SetConfig)
    i.TIM_OC1_SetConfig                      0x08002b9c   Section        0  stm32f1xx_hal_tim.o(i.TIM_OC1_SetConfig)
    TIM_OC1_SetConfig                        0x08002b9d   Thumb Code    82  stm32f1xx_hal_tim.o(i.TIM_OC1_SetConfig)
    i.TIM_OC2_SetConfig                      0x08002bf4   Section        0  stm32f1xx_hal_tim.o(i.TIM_OC2_SetConfig)
    i.TIM_OC3_SetConfig                      0x08002c50   Section        0  stm32f1xx_hal_tim.o(i.TIM_OC3_SetConfig)
    TIM_OC3_SetConfig                        0x08002c51   Thumb Code    84  stm32f1xx_hal_tim.o(i.TIM_OC3_SetConfig)
    i.TIM_OC4_SetConfig                      0x08002ca8   Section        0  stm32f1xx_hal_tim.o(i.TIM_OC4_SetConfig)
    TIM_OC4_SetConfig                        0x08002ca9   Thumb Code    64  stm32f1xx_hal_tim.o(i.TIM_OC4_SetConfig)
    i.TIM_TI1_ConfigInputStage               0x08002cec   Section        0  stm32f1xx_hal_tim.o(i.TIM_TI1_ConfigInputStage)
    TIM_TI1_ConfigInputStage                 0x08002ced   Thumb Code    34  stm32f1xx_hal_tim.o(i.TIM_TI1_ConfigInputStage)
    i.TIM_TI2_ConfigInputStage               0x08002d0e   Section        0  stm32f1xx_hal_tim.o(i.TIM_TI2_ConfigInputStage)
    TIM_TI2_ConfigInputStage                 0x08002d0f   Thumb Code    36  stm32f1xx_hal_tim.o(i.TIM_TI2_ConfigInputStage)
    i.UART_DMAAbortOnError                   0x08002d32   Section        0  stm32f1xx_hal_uart.o(i.UART_DMAAbortOnError)
    UART_DMAAbortOnError                     0x08002d33   Thumb Code    16  stm32f1xx_hal_uart.o(i.UART_DMAAbortOnError)
    i.UART_EndRxTransfer                     0x08002d42   Section        0  stm32f1xx_hal_uart.o(i.UART_EndRxTransfer)
    UART_EndRxTransfer                       0x08002d43   Thumb Code    28  stm32f1xx_hal_uart.o(i.UART_EndRxTransfer)
    i.UART_Receive_IT                        0x08002d5e   Section        0  stm32f1xx_hal_uart.o(i.UART_Receive_IT)
    UART_Receive_IT                          0x08002d5f   Thumb Code   140  stm32f1xx_hal_uart.o(i.UART_Receive_IT)
    i.UART_SetConfig                         0x08002dec   Section        0  stm32f1xx_hal_uart.o(i.UART_SetConfig)
    UART_SetConfig                           0x08002ded   Thumb Code   178  stm32f1xx_hal_uart.o(i.UART_SetConfig)
    i.USART1_IRQHandler                      0x08002ea4   Section        0  stm32f1xx_it.o(i.USART1_IRQHandler)
    i.USART2_IRQHandler                      0x08002eb0   Section        0  stm32f1xx_it.o(i.USART2_IRQHandler)
    i.UsageFault_Handler                     0x08002ebc   Section        0  stm32f1xx_it.o(i.UsageFault_Handler)
    i.__0sprintf                             0x08002ec0   Section        0  printfa.o(i.__0sprintf)
    i.__NVIC_SetPriority                     0x08002ee8   Section        0  stm32f1xx_hal_cortex.o(i.__NVIC_SetPriority)
    __NVIC_SetPriority                       0x08002ee9   Thumb Code    32  stm32f1xx_hal_cortex.o(i.__NVIC_SetPriority)
    i.__scatterload_copy                     0x08002f08   Section       14  handlers.o(i.__scatterload_copy)
    i.__scatterload_null                     0x08002f16   Section        2  handlers.o(i.__scatterload_null)
    i.__scatterload_zeroinit                 0x08002f18   Section       14  handlers.o(i.__scatterload_zeroinit)
    i._fp_digits                             0x08002f28   Section        0  printfa.o(i._fp_digits)
    _fp_digits                               0x08002f29   Thumb Code   366  printfa.o(i._fp_digits)
    i._printf_core                           0x080030ac   Section        0  printfa.o(i._printf_core)
    _printf_core                             0x080030ad   Thumb Code  1744  printfa.o(i._printf_core)
    i._printf_post_padding                   0x08003788   Section        0  printfa.o(i._printf_post_padding)
    _printf_post_padding                     0x08003789   Thumb Code    36  printfa.o(i._printf_post_padding)
    i._printf_pre_padding                    0x080037ac   Section        0  printfa.o(i._printf_pre_padding)
    _printf_pre_padding                      0x080037ad   Thumb Code    46  printfa.o(i._printf_pre_padding)
    i._sputc                                 0x080037da   Section        0  printfa.o(i._sputc)
    _sputc                                   0x080037db   Thumb Code    10  printfa.o(i._sputc)
    i.car_go                                 0x080037e4   Section        0  control.o(i.car_go)
    i.car_spin                               0x08003864   Section        0  control.o(i.car_spin)
    i.car_stop                               0x080038e0   Section        0  control.o(i.car_stop)
    i.detect_line                            0x080038f0   Section        0  line.o(i.detect_line)
    i.find_abs                               0x08003970   Section        0  motor.o(i.find_abs)
    i.jy61p_ReceiveData                      0x08003978   Section        0  jy61p.o(i.jy61p_ReceiveData)
    i.key_scan                               0x080039f8   Section        0  key.o(i.key_scan)
    i.limit_motor_pwm                        0x08003a70   Section        0  motor.o(i.limit_motor_pwm)
    i.line_err                               0x08003a9c   Section        0  line.o(i.line_err)
    i.line_pid_control                       0x08003ba4   Section        0  control.o(i.line_pid_control)
    i.line_pid_realize                       0x08003bb4   Section        0  line.o(i.line_pid_realize)
    i.load_motor_pwm                         0x08003c28   Section        0  motor.o(i.load_motor_pwm)
    i.location1_pid_control                  0x08003ca4   Section        0  control.o(i.location1_pid_control)
    i.location2_pid_control                  0x08003cd8   Section        0  control.o(i.location2_pid_control)
    i.location_pid_realize                   0x08003d0c   Section        0  pid.o(i.location_pid_realize)
    i.location_speed_control                 0x08003d60   Section        0  control.o(i.location_speed_control)
    i.main                                   0x08003dc4   Section        0  main.o(i.main)
    i.pid_param_init                         0x08003f78   Section        0  pid.o(i.pid_param_init)
    i.read_pluse                             0x08004034   Section        0  encoder.o(i.read_pluse)
    i.set_motor1_disable                     0x08004040   Section        0  motor.o(i.set_motor1_disable)
    i.set_motor1_enable                      0x08004058   Section        0  motor.o(i.set_motor1_enable)
    i.set_motor2_disable                     0x08004070   Section        0  motor.o(i.set_motor2_disable)
    i.set_motor2_enable                      0x08004088   Section        0  motor.o(i.set_motor2_enable)
    i.set_pid_target                         0x080040a0   Section        0  pid.o(i.set_pid_target)
    i.speed1_pid_control                     0x080040a4   Section        0  control.o(i.speed1_pid_control)
    i.speed2_pid_control                     0x080040f0   Section        0  control.o(i.speed2_pid_control)
    i.speed_pid_realize                      0x0800413c   Section        0  pid.o(i.speed_pid_realize)
    i.straight_pid_realize                   0x080041b4   Section        0  pid.o(i.straight_pid_realize)
    i.turn_angle_pid_control                 0x08004264   Section        0  control.o(i.turn_angle_pid_control)
    i.turn_angle_pid_realize                 0x0800429c   Section        0  pid.o(i.turn_angle_pid_realize)
    i.turn_angle_speed_control               0x08004334   Section        0  control.o(i.turn_angle_speed_control)
    .constdata                               0x08004398   Section       16  system_stm32f1xx.o(.constdata)
    .constdata                               0x080043a8   Section        8  system_stm32f1xx.o(.constdata)
    .constdata                               0x080043b0   Section     7696  oled.o(.constdata)
    .constdata                               0x080061c0   Section       32  line.o(.constdata)
    .data                                    0x20000000   Section        1  main.o(.data)
    .data                                    0x20000004   Section        4  main.o(.data)
    .data                                    0x20000008   Section        1  stm32f1xx_it.o(.data)
    .data                                    0x2000000c   Section       12  stm32f1xx_hal.o(.data)
    .data                                    0x20000018   Section        4  system_stm32f1xx.o(.data)
    .data                                    0x2000001c   Section        2  motor.o(.data)
    .data                                    0x20000020   Section       92  control.o(.data)
    .data                                    0x2000007c   Section        8  jy61p.o(.data)
    RxState                                  0x2000007c   Data           1  jy61p.o(.data)
    RxIndex                                  0x2000007d   Data           1  jy61p.o(.data)
    .data                                    0x20000084   Section        1  key.o(.data)
    key_up                                   0x20000084   Data           1  key.o(.data)
    .data                                    0x20000088   Section        8  line.o(.data)
    line_pid_integral                        0x20000088   Data           4  line.o(.data)
    line_pid_last_err                        0x2000008c   Data           4  line.o(.data)
    .bss                                     0x20000090   Section       50  main.o(.bss)
    .bss                                     0x200000c4   Section      288  tim.o(.bss)
    .bss                                     0x200001e4   Section      128  usart.o(.bss)
    .bss                                     0x20000264   Section     1152  oled.o(.bss)
    .bss                                     0x200006e4   Section      224  pid.o(.bss)
    .bss                                     0x200007c4   Section       11  jy61p.o(.bss)
    RxBuffer                                 0x200007c4   Data          11  jy61p.o(.bss)
    STACK                                    0x200007d0   Section     1024  startup_stm32f103xb.o(STACK)

    Global Symbols

    Symbol Name                              Value     Ov Type        Size  Object(Section)

    BuildAttributes$$THM_ISAv4$P$D$K$B$S$PE$A:L22UL41UL21$X:L11$S22US41US21$IEEE1$IW$USESV6$~STKCKD$USESV7$~SHL$OTIME$ROPI$EBA8$MICROLIB$REQ8$PRES8$EABIv2 0x00000000   Number         0  anon$$obj.o ABSOLUTE
    __ARM_use_no_argv                        0x00000000   Number         0  main.o ABSOLUTE
    _printf_a                                0x00000000   Number         0  stubs.o ABSOLUTE
    _printf_c                                0x00000000   Number         0  stubs.o ABSOLUTE
    _printf_charcount                        0x00000000   Number         0  stubs.o ABSOLUTE
    _printf_d                                0x00000000   Number         0  stubs.o ABSOLUTE
    _printf_e                                0x00000000   Number         0  stubs.o ABSOLUTE
    _printf_f                                0x00000000   Number         0  stubs.o ABSOLUTE
    _printf_flags                            0x00000000   Number         0  stubs.o ABSOLUTE
    _printf_fp_dec                           0x00000000   Number         0  stubs.o ABSOLUTE
    _printf_fp_hex                           0x00000000   Number         0  stubs.o ABSOLUTE
    _printf_g                                0x00000000   Number         0  stubs.o ABSOLUTE
    _printf_i                                0x00000000   Number         0  stubs.o ABSOLUTE
    _printf_int_dec                          0x00000000   Number         0  stubs.o ABSOLUTE
    _printf_l                                0x00000000   Number         0  stubs.o ABSOLUTE
    _printf_lc                               0x00000000   Number         0  stubs.o ABSOLUTE
    _printf_ll                               0x00000000   Number         0  stubs.o ABSOLUTE
    _printf_lld                              0x00000000   Number         0  stubs.o ABSOLUTE
    _printf_lli                              0x00000000   Number         0  stubs.o ABSOLUTE
    _printf_llo                              0x00000000   Number         0  stubs.o ABSOLUTE
    _printf_llu                              0x00000000   Number         0  stubs.o ABSOLUTE
    _printf_llx                              0x00000000   Number         0  stubs.o ABSOLUTE
    _printf_longlong_dec                     0x00000000   Number         0  stubs.o ABSOLUTE
    _printf_longlong_hex                     0x00000000   Number         0  stubs.o ABSOLUTE
    _printf_longlong_oct                     0x00000000   Number         0  stubs.o ABSOLUTE
    _printf_ls                               0x00000000   Number         0  stubs.o ABSOLUTE
    _printf_mbtowc                           0x00000000   Number         0  stubs.o ABSOLUTE
    _printf_n                                0x00000000   Number         0  stubs.o ABSOLUTE
    _printf_o                                0x00000000   Number         0  stubs.o ABSOLUTE
    _printf_p                                0x00000000   Number         0  stubs.o ABSOLUTE
    _printf_percent                          0x00000000   Number         0  stubs.o ABSOLUTE
    _printf_pre_padding                      0x00000000   Number         0  stubs.o ABSOLUTE
    _printf_return_value                     0x00000000   Number         0  stubs.o ABSOLUTE
    _printf_s                                0x00000000   Number         0  stubs.o ABSOLUTE
    _printf_sizespec                         0x00000000   Number         0  stubs.o ABSOLUTE
    _printf_str                              0x00000000   Number         0  stubs.o ABSOLUTE
    _printf_truncate_signed                  0x00000000   Number         0  stubs.o ABSOLUTE
    _printf_truncate_unsigned                0x00000000   Number         0  stubs.o ABSOLUTE
    _printf_u                                0x00000000   Number         0  stubs.o ABSOLUTE
    _printf_wc                               0x00000000   Number         0  stubs.o ABSOLUTE
    _printf_wctomb                           0x00000000   Number         0  stubs.o ABSOLUTE
    _printf_widthprec                        0x00000000   Number         0  stubs.o ABSOLUTE
    _printf_x                                0x00000000   Number         0  stubs.o ABSOLUTE
    __cpp_initialize__aeabi_                  - Undefined Weak Reference
    __cxa_finalize                            - Undefined Weak Reference
    __decompress                              - Undefined Weak Reference
    _clock_init                               - Undefined Weak Reference
    _microlib_exit                            - Undefined Weak Reference
    __Vectors_Size                           0x000000ec   Number         0  startup_stm32f103xb.o ABSOLUTE
    __Vectors                                0x08000000   Data           4  startup_stm32f103xb.o(RESET)
    __Vectors_End                            0x080000ec   Data           0  startup_stm32f103xb.o(RESET)
    __main                                   0x080000ed   Thumb Code     0  entry.o(.ARM.Collect$$$$00000000)
    _main_stk                                0x080000ed   Thumb Code     0  entry2.o(.ARM.Collect$$$$00000001)
    _main_scatterload                        0x080000f1   Thumb Code     0  entry5.o(.ARM.Collect$$$$00000004)
    __main_after_scatterload                 0x080000f5   Thumb Code     0  entry5.o(.ARM.Collect$$$$00000004)
    _main_clock                              0x080000f5   Thumb Code     0  entry7b.o(.ARM.Collect$$$$00000008)
    _main_cpp_init                           0x080000f5   Thumb Code     0  entry8b.o(.ARM.Collect$$$$0000000A)
    _main_init                               0x080000f5   Thumb Code     0  entry9a.o(.ARM.Collect$$$$0000000B)
    __rt_final_cpp                           0x080000fd   Thumb Code     0  entry10a.o(.ARM.Collect$$$$0000000D)
    __rt_final_exit                          0x080000fd   Thumb Code     0  entry11a.o(.ARM.Collect$$$$0000000F)
    Reset_Handler                            0x08000101   Thumb Code     8  startup_stm32f103xb.o(.text)
    ADC1_2_IRQHandler                        0x0800011b   Thumb Code     0  startup_stm32f103xb.o(.text)
    CAN1_RX1_IRQHandler                      0x0800011b   Thumb Code     0  startup_stm32f103xb.o(.text)
    CAN1_SCE_IRQHandler                      0x0800011b   Thumb Code     0  startup_stm32f103xb.o(.text)
    DMA1_Channel1_IRQHandler                 0x0800011b   Thumb Code     0  startup_stm32f103xb.o(.text)
    DMA1_Channel2_IRQHandler                 0x0800011b   Thumb Code     0  startup_stm32f103xb.o(.text)
    DMA1_Channel3_IRQHandler                 0x0800011b   Thumb Code     0  startup_stm32f103xb.o(.text)
    DMA1_Channel4_IRQHandler                 0x0800011b   Thumb Code     0  startup_stm32f103xb.o(.text)
    DMA1_Channel5_IRQHandler                 0x0800011b   Thumb Code     0  startup_stm32f103xb.o(.text)
    DMA1_Channel6_IRQHandler                 0x0800011b   Thumb Code     0  startup_stm32f103xb.o(.text)
    DMA1_Channel7_IRQHandler                 0x0800011b   Thumb Code     0  startup_stm32f103xb.o(.text)
    EXTI0_IRQHandler                         0x0800011b   Thumb Code     0  startup_stm32f103xb.o(.text)
    EXTI15_10_IRQHandler                     0x0800011b   Thumb Code     0  startup_stm32f103xb.o(.text)
    EXTI1_IRQHandler                         0x0800011b   Thumb Code     0  startup_stm32f103xb.o(.text)
    EXTI2_IRQHandler                         0x0800011b   Thumb Code     0  startup_stm32f103xb.o(.text)
    EXTI3_IRQHandler                         0x0800011b   Thumb Code     0  startup_stm32f103xb.o(.text)
    EXTI4_IRQHandler                         0x0800011b   Thumb Code     0  startup_stm32f103xb.o(.text)
    EXTI9_5_IRQHandler                       0x0800011b   Thumb Code     0  startup_stm32f103xb.o(.text)
    FLASH_IRQHandler                         0x0800011b   Thumb Code     0  startup_stm32f103xb.o(.text)
    I2C1_ER_IRQHandler                       0x0800011b   Thumb Code     0  startup_stm32f103xb.o(.text)
    I2C1_EV_IRQHandler                       0x0800011b   Thumb Code     0  startup_stm32f103xb.o(.text)
    I2C2_ER_IRQHandler                       0x0800011b   Thumb Code     0  startup_stm32f103xb.o(.text)
    I2C2_EV_IRQHandler                       0x0800011b   Thumb Code     0  startup_stm32f103xb.o(.text)
    PVD_IRQHandler                           0x0800011b   Thumb Code     0  startup_stm32f103xb.o(.text)
    RCC_IRQHandler                           0x0800011b   Thumb Code     0  startup_stm32f103xb.o(.text)
    RTC_Alarm_IRQHandler                     0x0800011b   Thumb Code     0  startup_stm32f103xb.o(.text)
    RTC_IRQHandler                           0x0800011b   Thumb Code     0  startup_stm32f103xb.o(.text)
    SPI1_IRQHandler                          0x0800011b   Thumb Code     0  startup_stm32f103xb.o(.text)
    SPI2_IRQHandler                          0x0800011b   Thumb Code     0  startup_stm32f103xb.o(.text)
    TAMPER_IRQHandler                        0x0800011b   Thumb Code     0  startup_stm32f103xb.o(.text)
    TIM1_BRK_IRQHandler                      0x0800011b   Thumb Code     0  startup_stm32f103xb.o(.text)
    TIM1_CC_IRQHandler                       0x0800011b   Thumb Code     0  startup_stm32f103xb.o(.text)
    TIM1_TRG_COM_IRQHandler                  0x0800011b   Thumb Code     0  startup_stm32f103xb.o(.text)
    TIM1_UP_IRQHandler                       0x0800011b   Thumb Code     0  startup_stm32f103xb.o(.text)
    USART3_IRQHandler                        0x0800011b   Thumb Code     0  startup_stm32f103xb.o(.text)
    USBWakeUp_IRQHandler                     0x0800011b   Thumb Code     0  startup_stm32f103xb.o(.text)
    USB_HP_CAN1_TX_IRQHandler                0x0800011b   Thumb Code     0  startup_stm32f103xb.o(.text)
    USB_LP_CAN1_RX0_IRQHandler               0x0800011b   Thumb Code     0  startup_stm32f103xb.o(.text)
    WWDG_IRQHandler                          0x0800011b   Thumb Code     0  startup_stm32f103xb.o(.text)
    __aeabi_llsr                             0x08000125   Thumb Code    32  llushr.o(.text)
    _ll_ushift_r                             0x08000125   Thumb Code     0  llushr.o(.text)
    __aeabi_memcpy                           0x08000145   Thumb Code    36  memcpya.o(.text)
    __aeabi_memcpy4                          0x08000145   Thumb Code     0  memcpya.o(.text)
    __aeabi_memcpy8                          0x08000145   Thumb Code     0  memcpya.o(.text)
    __aeabi_memset                           0x08000169   Thumb Code    14  memseta.o(.text)
    __aeabi_memset4                          0x08000169   Thumb Code     0  memseta.o(.text)
    __aeabi_memset8                          0x08000169   Thumb Code     0  memseta.o(.text)
    __aeabi_memclr                           0x08000177   Thumb Code     4  memseta.o(.text)
    __aeabi_memclr4                          0x08000177   Thumb Code     0  memseta.o(.text)
    __aeabi_memclr8                          0x08000177   Thumb Code     0  memseta.o(.text)
    _memset$wrapper                          0x0800017b   Thumb Code    18  memseta.o(.text)
    __aeabi_fadd                             0x0800018d   Thumb Code   164  fadd.o(.text)
    __aeabi_fsub                             0x08000231   Thumb Code     6  fadd.o(.text)
    __aeabi_frsub                            0x08000237   Thumb Code     6  fadd.o(.text)
    __aeabi_fmul                             0x0800023d   Thumb Code   100  fmul.o(.text)
    __aeabi_fdiv                             0x080002a1   Thumb Code   124  fdiv.o(.text)
    __ARM_scalbnf                            0x0800031d   Thumb Code    24  fscalb.o(.text)
    scalbnf                                  0x0800031d   Thumb Code     0  fscalb.o(.text)
    __aeabi_dadd                             0x08000335   Thumb Code   322  dadd.o(.text)
    __aeabi_dsub                             0x08000477   Thumb Code     6  dadd.o(.text)
    __aeabi_drsub                            0x0800047d   Thumb Code     6  dadd.o(.text)
    __aeabi_dmul                             0x08000483   Thumb Code   228  dmul.o(.text)
    __aeabi_ddiv                             0x08000567   Thumb Code   222  ddiv.o(.text)
    __aeabi_i2f                              0x08000645   Thumb Code    18  fflti.o(.text)
    __aeabi_ui2f                             0x08000657   Thumb Code    10  ffltui.o(.text)
    __aeabi_i2d                              0x08000661   Thumb Code    34  dflti.o(.text)
    __aeabi_f2iz                             0x08000683   Thumb Code    50  ffixi.o(.text)
    __aeabi_d2iz                             0x080006b5   Thumb Code    62  dfixi.o(.text)
    __aeabi_f2d                              0x080006f3   Thumb Code    38  f2d.o(.text)
    __aeabi_cdcmpeq                          0x08000719   Thumb Code     0  cdcmple.o(.text)
    __aeabi_cdcmple                          0x08000719   Thumb Code    48  cdcmple.o(.text)
    __aeabi_d2f                              0x08000749   Thumb Code    56  d2f.o(.text)
    __aeabi_cfcmpeq                          0x08000781   Thumb Code     0  cfcmple.o(.text)
    __aeabi_cfcmple                          0x08000781   Thumb Code    20  cfcmple.o(.text)
    __aeabi_cfrcmple                         0x08000795   Thumb Code    20  cfrcmple.o(.text)
    __aeabi_uidiv                            0x080007a9   Thumb Code     0  uidiv.o(.text)
    __aeabi_uidivmod                         0x080007a9   Thumb Code    44  uidiv.o(.text)
    __aeabi_uldivmod                         0x080007d5   Thumb Code    98  uldiv.o(.text)
    __aeabi_llsl                             0x08000837   Thumb Code    30  llshl.o(.text)
    _ll_shift_l                              0x08000837   Thumb Code     0  llshl.o(.text)
    __aeabi_lasr                             0x08000855   Thumb Code    36  llsshr.o(.text)
    _ll_sshift_r                             0x08000855   Thumb Code     0  llsshr.o(.text)
    __I$use$fp                               0x08000879   Thumb Code     0  iusefp.o(.text)
    _float_round                             0x08000879   Thumb Code    18  fepilogue.o(.text)
    _float_epilogue                          0x0800088b   Thumb Code    92  fepilogue.o(.text)
    _double_round                            0x080008e7   Thumb Code    30  depilogue.o(.text)
    _double_epilogue                         0x08000905   Thumb Code   156  depilogue.o(.text)
    __aeabi_d2ulz                            0x080009a1   Thumb Code    48  dfixul.o(.text)
    __aeabi_cdrcmple                         0x080009d1   Thumb Code    48  cdrcmple.o(.text)
    __scatterload                            0x08000a01   Thumb Code    28  init.o(.text)
    __scatterload_rt2                        0x08000a01   Thumb Code     0  init.o(.text)
    BusFault_Handler                         0x08000a25   Thumb Code     2  stm32f1xx_it.o(i.BusFault_Handler)
    Buzz_Init                                0x08000a29   Thumb Code    10  buzz.o(i.Buzz_Init)
    DebugMon_Handler                         0x08000a39   Thumb Code     2  stm32f1xx_it.o(i.DebugMon_Handler)
    Error_Handler                            0x08000a3b   Thumb Code     4  main.o(i.Error_Handler)
    HAL_DMA_Abort_IT                         0x08000a41   Thumb Code   148  stm32f1xx_hal_dma.o(i.HAL_DMA_Abort_IT)
    HAL_Delay                                0x08000ad9   Thumb Code    32  stm32f1xx_hal.o(i.HAL_Delay)
    HAL_GPIO_Init                            0x08000afd   Thumb Code   426  stm32f1xx_hal_gpio.o(i.HAL_GPIO_Init)
    HAL_GPIO_ReadPin                         0x08000cc9   Thumb Code    10  stm32f1xx_hal_gpio.o(i.HAL_GPIO_ReadPin)
    HAL_GPIO_WritePin                        0x08000cd3   Thumb Code    10  stm32f1xx_hal_gpio.o(i.HAL_GPIO_WritePin)
    HAL_GetTick                              0x08000cdd   Thumb Code     6  stm32f1xx_hal.o(i.HAL_GetTick)
    HAL_IncTick                              0x08000ce9   Thumb Code    12  stm32f1xx_hal.o(i.HAL_IncTick)
    HAL_Init                                 0x08000cf9   Thumb Code    32  stm32f1xx_hal.o(i.HAL_Init)
    HAL_InitTick                             0x08000d1d   Thumb Code    54  stm32f1xx_hal.o(i.HAL_InitTick)
    HAL_MspInit                              0x08000d5d   Thumb Code    58  stm32f1xx_hal_msp.o(i.HAL_MspInit)
    HAL_NVIC_EnableIRQ                       0x08000da1   Thumb Code    26  stm32f1xx_hal_cortex.o(i.HAL_NVIC_EnableIRQ)
    HAL_NVIC_SetPriority                     0x08000dbd   Thumb Code    60  stm32f1xx_hal_cortex.o(i.HAL_NVIC_SetPriority)
    HAL_NVIC_SetPriorityGrouping             0x08000dfd   Thumb Code    26  stm32f1xx_hal_cortex.o(i.HAL_NVIC_SetPriorityGrouping)
    HAL_RCC_ClockConfig                      0x08000e21   Thumb Code   292  stm32f1xx_hal_rcc.o(i.HAL_RCC_ClockConfig)
    HAL_RCC_GetPCLK1Freq                     0x08000f59   Thumb Code    20  stm32f1xx_hal_rcc.o(i.HAL_RCC_GetPCLK1Freq)
    HAL_RCC_GetPCLK2Freq                     0x08000f79   Thumb Code    20  stm32f1xx_hal_rcc.o(i.HAL_RCC_GetPCLK2Freq)
    HAL_RCC_GetSysClockFreq                  0x08000f99   Thumb Code    74  stm32f1xx_hal_rcc.o(i.HAL_RCC_GetSysClockFreq)
    HAL_RCC_OscConfig                        0x08001005   Thumb Code   770  stm32f1xx_hal_rcc.o(i.HAL_RCC_OscConfig)
    HAL_SYSTICK_Config                       0x0800131d   Thumb Code    40  stm32f1xx_hal_cortex.o(i.HAL_SYSTICK_Config)
    HAL_TIMEx_BreakCallback                  0x08001345   Thumb Code     2  stm32f1xx_hal_tim_ex.o(i.HAL_TIMEx_BreakCallback)
    HAL_TIMEx_CommutCallback                 0x08001347   Thumb Code     2  stm32f1xx_hal_tim_ex.o(i.HAL_TIMEx_CommutCallback)
    HAL_TIMEx_ConfigBreakDeadTime            0x08001349   Thumb Code    84  stm32f1xx_hal_tim_ex.o(i.HAL_TIMEx_ConfigBreakDeadTime)
    HAL_TIMEx_MasterConfigSynchronization    0x0800139d   Thumb Code    92  stm32f1xx_hal_tim_ex.o(i.HAL_TIMEx_MasterConfigSynchronization)
    HAL_TIM_Base_Init                        0x08001405   Thumb Code    90  stm32f1xx_hal_tim.o(i.HAL_TIM_Base_Init)
    HAL_TIM_Base_MspInit                     0x08001461   Thumb Code    50  tim.o(i.HAL_TIM_Base_MspInit)
    HAL_TIM_Base_Start_IT                    0x0800149d   Thumb Code    76  stm32f1xx_hal_tim.o(i.HAL_TIM_Base_Start_IT)
    HAL_TIM_ConfigClockSource                0x080014f5   Thumb Code   214  stm32f1xx_hal_tim.o(i.HAL_TIM_ConfigClockSource)
    HAL_TIM_Encoder_Init                     0x080015cb   Thumb Code   164  stm32f1xx_hal_tim.o(i.HAL_TIM_Encoder_Init)
    HAL_TIM_Encoder_MspInit                  0x08001671   Thumb Code   152  tim.o(i.HAL_TIM_Encoder_MspInit)
    HAL_TIM_Encoder_Start                    0x08001719   Thumb Code   146  stm32f1xx_hal_tim.o(i.HAL_TIM_Encoder_Start)
    HAL_TIM_IC_CaptureCallback               0x080017ab   Thumb Code     2  stm32f1xx_hal_tim.o(i.HAL_TIM_IC_CaptureCallback)
    HAL_TIM_IRQHandler                       0x080017ad   Thumb Code   358  stm32f1xx_hal_tim.o(i.HAL_TIM_IRQHandler)
    HAL_TIM_MspPostInit                      0x08001915   Thumb Code    64  tim.o(i.HAL_TIM_MspPostInit)
    HAL_TIM_OC_DelayElapsedCallback          0x08001961   Thumb Code     2  stm32f1xx_hal_tim.o(i.HAL_TIM_OC_DelayElapsedCallback)
    HAL_TIM_PWM_ConfigChannel                0x08001963   Thumb Code   198  stm32f1xx_hal_tim.o(i.HAL_TIM_PWM_ConfigChannel)
    HAL_TIM_PWM_Init                         0x08001a29   Thumb Code    90  stm32f1xx_hal_tim.o(i.HAL_TIM_PWM_Init)
    HAL_TIM_PWM_MspInit                      0x08001a85   Thumb Code    30  tim.o(i.HAL_TIM_PWM_MspInit)
    HAL_TIM_PWM_PulseFinishedCallback        0x08001aad   Thumb Code     2  stm32f1xx_hal_tim.o(i.HAL_TIM_PWM_PulseFinishedCallback)
    HAL_TIM_PWM_Start                        0x08001ab1   Thumb Code   148  stm32f1xx_hal_tim.o(i.HAL_TIM_PWM_Start)
    HAL_TIM_PWM_Stop                         0x08001b51   Thumb Code   108  stm32f1xx_hal_tim.o(i.HAL_TIM_PWM_Stop)
    HAL_TIM_PeriodElapsedCallback            0x08001bc1   Thumb Code   864  control.o(i.HAL_TIM_PeriodElapsedCallback)
    HAL_TIM_TriggerCallback                  0x08001f69   Thumb Code     2  stm32f1xx_hal_tim.o(i.HAL_TIM_TriggerCallback)
    HAL_UART_ErrorCallback                   0x08001f6b   Thumb Code     2  stm32f1xx_hal_uart.o(i.HAL_UART_ErrorCallback)
    HAL_UART_IRQHandler                      0x08001f6d   Thumb Code   344  stm32f1xx_hal_uart.o(i.HAL_UART_IRQHandler)
    HAL_UART_Init                            0x080020c9   Thumb Code    98  stm32f1xx_hal_uart.o(i.HAL_UART_Init)
    HAL_UART_MspInit                         0x0800212d   Thumb Code   198  usart.o(i.HAL_UART_MspInit)
    HAL_UART_Receive_IT                      0x08002205   Thumb Code    82  stm32f1xx_hal_uart.o(i.HAL_UART_Receive_IT)
    HAL_UART_RxCpltCallback                  0x08002259   Thumb Code    34  stm32f1xx_it.o(i.HAL_UART_RxCpltCallback)
    HAL_UART_TxCpltCallback                  0x08002289   Thumb Code     2  stm32f1xx_hal_uart.o(i.HAL_UART_TxCpltCallback)
    HardFault_Handler                        0x0800228b   Thumb Code     2  stm32f1xx_it.o(i.HardFault_Handler)
    I2C_Start                                0x0800228d   Thumb Code    64  oled.o(i.I2C_Start)
    I2C_Stop                                 0x080022d1   Thumb Code    46  oled.o(i.I2C_Stop)
    I2C_WaitAck                              0x08002305   Thumb Code    52  oled.o(i.I2C_WaitAck)
    IIC_delay                                0x0800233d   Thumb Code    10  oled.o(i.IIC_delay)
    MX_GPIO_Init                             0x08002349   Thumb Code   294  gpio.o(i.MX_GPIO_Init)
    MX_TIM1_Init                             0x08002481   Thumb Code   168  tim.o(i.MX_TIM1_Init)
    MX_TIM2_Init                             0x08002531   Thumb Code   100  tim.o(i.MX_TIM2_Init)
    MX_TIM3_Init                             0x08002599   Thumb Code    94  tim.o(i.MX_TIM3_Init)
    MX_TIM4_Init                             0x08002601   Thumb Code    98  tim.o(i.MX_TIM4_Init)
    MX_USART1_UART_Init                      0x0800266d   Thumb Code    48  usart.o(i.MX_USART1_UART_Init)
    MX_USART2_UART_Init                      0x080026a5   Thumb Code    48  usart.o(i.MX_USART2_UART_Init)
    MemManage_Handler                        0x080026dd   Thumb Code     2  stm32f1xx_it.o(i.MemManage_Handler)
    NMI_Handler                              0x080026df   Thumb Code     2  stm32f1xx_it.o(i.NMI_Handler)
    OLED_Clear                               0x080026e1   Thumb Code    38  oled.o(i.OLED_Clear)
    OLED_ColorTurn                           0x0800270d   Thumb Code    22  oled.o(i.OLED_ColorTurn)
    OLED_DisplayTurn                         0x08002723   Thumb Code    44  oled.o(i.OLED_DisplayTurn)
    OLED_DrawPoint                           0x08002751   Thumb Code    40  oled.o(i.OLED_DrawPoint)
    OLED_Init                                0x0800277d   Thumb Code   224  oled.o(i.OLED_Init)
    OLED_Refresh                             0x0800285d   Thumb Code    96  oled.o(i.OLED_Refresh)
    OLED_ShowChar                            0x080028c1   Thumb Code   202  oled.o(i.OLED_ShowChar)
    OLED_ShowString                          0x0800299d   Thumb Code    60  oled.o(i.OLED_ShowString)
    OLED_WR_Byte                             0x080029d9   Thumb Code    54  oled.o(i.OLED_WR_Byte)
    PendSV_Handler                           0x08002a0f   Thumb Code     2  stm32f1xx_it.o(i.PendSV_Handler)
    SVC_Handler                              0x08002a11   Thumb Code     2  stm32f1xx_it.o(i.SVC_Handler)
    Send_Byte                                0x08002a15   Thumb Code    78  oled.o(i.Send_Byte)
    SysTick_Handler                          0x08002a69   Thumb Code     4  stm32f1xx_it.o(i.SysTick_Handler)
    SystemClock_Config                       0x08002a6d   Thumb Code    92  main.o(i.SystemClock_Config)
    SystemInit                               0x08002ac9   Thumb Code     2  system_stm32f1xx.o(i.SystemInit)
    TIM2_IRQHandler                          0x08002acd   Thumb Code     6  stm32f1xx_it.o(i.TIM2_IRQHandler)
    TIM3_IRQHandler                          0x08002ad9   Thumb Code     6  stm32f1xx_it.o(i.TIM3_IRQHandler)
    TIM4_IRQHandler                          0x08002ae5   Thumb Code     6  stm32f1xx_it.o(i.TIM4_IRQHandler)
    TIM_Base_SetConfig                       0x08002af1   Thumb Code    94  stm32f1xx_hal_tim.o(i.TIM_Base_SetConfig)
    TIM_CCxChannelCmd                        0x08002b5d   Thumb Code    26  stm32f1xx_hal_tim.o(i.TIM_CCxChannelCmd)
    TIM_ETR_SetConfig                        0x08002b77   Thumb Code    20  stm32f1xx_hal_tim.o(i.TIM_ETR_SetConfig)
    TIM_OC2_SetConfig                        0x08002bf5   Thumb Code    86  stm32f1xx_hal_tim.o(i.TIM_OC2_SetConfig)
    USART1_IRQHandler                        0x08002ea5   Thumb Code     6  stm32f1xx_it.o(i.USART1_IRQHandler)
    USART2_IRQHandler                        0x08002eb1   Thumb Code     6  stm32f1xx_it.o(i.USART2_IRQHandler)
    UsageFault_Handler                       0x08002ebd   Thumb Code     2  stm32f1xx_it.o(i.UsageFault_Handler)
    __0sprintf                               0x08002ec1   Thumb Code    34  printfa.o(i.__0sprintf)
    __1sprintf                               0x08002ec1   Thumb Code     0  printfa.o(i.__0sprintf)
    __2sprintf                               0x08002ec1   Thumb Code     0  printfa.o(i.__0sprintf)
    __c89sprintf                             0x08002ec1   Thumb Code     0  printfa.o(i.__0sprintf)
    sprintf                                  0x08002ec1   Thumb Code     0  printfa.o(i.__0sprintf)
    __scatterload_copy                       0x08002f09   Thumb Code    14  handlers.o(i.__scatterload_copy)
    __scatterload_null                       0x08002f17   Thumb Code     2  handlers.o(i.__scatterload_null)
    __scatterload_zeroinit                   0x08002f19   Thumb Code    14  handlers.o(i.__scatterload_zeroinit)
    car_go                                   0x080037e5   Thumb Code    94  control.o(i.car_go)
    car_spin                                 0x08003865   Thumb Code    92  control.o(i.car_spin)
    car_stop                                 0x080038e1   Thumb Code    14  control.o(i.car_stop)
    detect_line                              0x080038f1   Thumb Code   110  line.o(i.detect_line)
    find_abs                                 0x08003971   Thumb Code     8  motor.o(i.find_abs)
    jy61p_ReceiveData                        0x08003979   Thumb Code   116  jy61p.o(i.jy61p_ReceiveData)
    key_scan                                 0x080039f9   Thumb Code   112  key.o(i.key_scan)
    limit_motor_pwm                          0x08003a71   Thumb Code    42  motor.o(i.limit_motor_pwm)
    line_err                                 0x08003a9d   Thumb Code   244  line.o(i.line_err)
    line_pid_control                         0x08003ba5   Thumb Code    16  control.o(i.line_pid_control)
    line_pid_realize                         0x08003bb5   Thumb Code    98  line.o(i.line_pid_realize)
    load_motor_pwm                           0x08003c29   Thumb Code   116  motor.o(i.load_motor_pwm)
    location1_pid_control                    0x08003ca5   Thumb Code    34  control.o(i.location1_pid_control)
    location2_pid_control                    0x08003cd9   Thumb Code    34  control.o(i.location2_pid_control)
    location_pid_realize                     0x08003d0d   Thumb Code    82  pid.o(i.location_pid_realize)
    location_speed_control                   0x08003d61   Thumb Code    78  control.o(i.location_speed_control)
    main                                     0x08003dc5   Thumb Code   370  main.o(i.main)
    pid_param_init                           0x08003f79   Thumb Code   154  pid.o(i.pid_param_init)
    read_pluse                               0x08004035   Thumb Code    12  encoder.o(i.read_pluse)
    set_motor1_disable                       0x08004041   Thumb Code    14  motor.o(i.set_motor1_disable)
    set_motor1_enable                        0x08004059   Thumb Code    14  motor.o(i.set_motor1_enable)
    set_motor2_disable                       0x08004071   Thumb Code    14  motor.o(i.set_motor2_disable)
    set_motor2_enable                        0x08004089   Thumb Code    14  motor.o(i.set_motor2_enable)
    set_pid_target                           0x080040a1   Thumb Code     4  pid.o(i.set_pid_target)
    speed1_pid_control                       0x080040a5   Thumb Code    56  control.o(i.speed1_pid_control)
    speed2_pid_control                       0x080040f1   Thumb Code    56  control.o(i.speed2_pid_control)
    speed_pid_realize                        0x0800413d   Thumb Code   112  pid.o(i.speed_pid_realize)
    straight_pid_realize                     0x080041b5   Thumb Code   146  pid.o(i.straight_pid_realize)
    turn_angle_pid_control                   0x08004265   Thumb Code    38  control.o(i.turn_angle_pid_control)
    turn_angle_pid_realize                   0x0800429d   Thumb Code   134  pid.o(i.turn_angle_pid_realize)
    turn_angle_speed_control                 0x08004335   Thumb Code    78  control.o(i.turn_angle_speed_control)
    AHBPrescTable                            0x08004398   Data          16  system_stm32f1xx.o(.constdata)
    APBPrescTable                            0x080043a8   Data           8  system_stm32f1xx.o(.constdata)
    asc2_0806                                0x080043b0   Data         552  oled.o(.constdata)
    asc2_1206                                0x080045d8   Data        1140  oled.o(.constdata)
    asc2_1608                                0x08004a4c   Data        1520  oled.o(.constdata)
    asc2_2412                                0x0800503c   Data        3420  oled.o(.constdata)
    Hzk1                                     0x08005d98   Data         352  oled.o(.constdata)
    Hzk2                                     0x08005ef8   Data          72  oled.o(.constdata)
    Hzk3                                     0x08005f40   Data         128  oled.o(.constdata)
    Hzk4                                     0x08005fc0   Data         512  oled.o(.constdata)
    Region$$Table$$Base                      0x080061e0   Number         0  anon$$obj.o(Region$$Table)
    Region$$Table$$Limit                     0x08006200   Number         0  anon$$obj.o(Region$$Table)
    g_mode                                   0x20000000   Data           1  main.o(.data)
    count                                    0x20000004   Data           4  main.o(.data)
    g_usart2_receivedata                     0x20000008   Data           1  stm32f1xx_it.o(.data)
    uwTickFreq                               0x2000000c   Data           1  stm32f1xx_hal.o(.data)
    uwTickPrio                               0x20000010   Data           4  stm32f1xx_hal.o(.data)
    uwTick                                   0x20000014   Data           4  stm32f1xx_hal.o(.data)
    SystemCoreClock                          0x20000018   Data           4  system_stm32f1xx.o(.data)
    g_is_motor1_en                           0x2000001c   Data           1  motor.o(.data)
    g_is_motor2_en                           0x2000001d   Data           1  motor.o(.data)
    g_stop_count                             0x20000020   Data           1  control.o(.data)
    g_location_control_count                 0x20000021   Data           1  control.o(.data)
    g_turn_angle_control_count               0x20000022   Data           1  control.o(.data)
    g_line_speed_control_count               0x20000023   Data           1  control.o(.data)
    g_Line_Flag                              0x20000024   Data           1  control.o(.data)
    g_Stop_Flag                              0x20000025   Data           1  control.o(.data)
    g_Spin_Start_Flag                        0x20000026   Data           1  control.o(.data)
    g_Spin_Succeed_Flag                      0x20000027   Data           1  control.o(.data)
    g_Angle_Flag                             0x20000028   Data           1  control.o(.data)
    g_Gostraght                              0x20000029   Data           1  control.o(.data)
    g_Straight_Flag                          0x2000002a   Data           1  control.o(.data)
    g_unittime_motor1pluse                   0x2000002c   Data           2  control.o(.data)
    g_unittime_motor2pluse                   0x2000002e   Data           2  control.o(.data)
    g_sigma_motor1pluse                      0x20000030   Data           4  control.o(.data)
    g_sigma_motor2pluse                      0x20000034   Data           4  control.o(.data)
    g_motor1_journey_cm                      0x20000038   Data           4  control.o(.data)
    g_motor2_journey_cm                      0x2000003c   Data           4  control.o(.data)
    g_ftarget_journey                        0x20000040   Data           4  control.o(.data)
    g_speed1_outval                          0x20000044   Data           4  control.o(.data)
    g_location1_outval                       0x20000048   Data           4  control.o(.data)
    g_speed2_outval                          0x2000004c   Data           4  control.o(.data)
    g_location2_outval                       0x20000050   Data           4  control.o(.data)
    g_turn_outval                            0x20000054   Data           4  control.o(.data)
    g_speed3_outval                          0x20000058   Data           4  control.o(.data)
    g_speed4_outval                          0x2000005c   Data           4  control.o(.data)
    g_motor1_pwm                             0x20000060   Data           4  control.o(.data)
    g_motor2_pwm                             0x20000064   Data           4  control.o(.data)
    g_line_num                               0x20000068   Data           4  control.o(.data)
    g_line_outval                            0x2000006c   Data           4  control.o(.data)
    spin90_cm                                0x20000070   Data           4  control.o(.data)
    count2                                   0x20000074   Data           4  control.o(.data)
    count3                                   0x20000078   Data           4  control.o(.data)
    g_yaw_jy61                               0x20000080   Data           4  jy61p.o(.data)
    g_oledstring                             0x20000090   Data          50  main.o(.bss)
    htim1                                    0x200000c4   Data          72  tim.o(.bss)
    htim2                                    0x2000010c   Data          72  tim.o(.bss)
    htim3                                    0x20000154   Data          72  tim.o(.bss)
    htim4                                    0x2000019c   Data          72  tim.o(.bss)
    huart1                                   0x200001e4   Data          64  usart.o(.bss)
    huart2                                   0x20000224   Data          64  usart.o(.bss)
    OLED_GRAM                                0x20000264   Data        1152  oled.o(.bss)
    g_pid_speed1                             0x200006e4   Data          32  pid.o(.bss)
    g_pid_speed2                             0x20000704   Data          32  pid.o(.bss)
    g_pid_location1                          0x20000724   Data          32  pid.o(.bss)
    g_pid_location2                          0x20000744   Data          32  pid.o(.bss)
    g_pid_turn_angle                         0x20000764   Data          32  pid.o(.bss)
    g_pid_line                               0x20000784   Data          32  pid.o(.bss)
    g_pid_straight                           0x200007a4   Data          32  pid.o(.bss)
    __initial_sp                             0x20000bd0   Data           0  startup_stm32f103xb.o(STACK)



==============================================================================

Memory Map of the image

  Image Entry point : 0x080000ed

  Load Region LR_IROM1 (Base: 0x08000000, Size: 0x00006290, Max: 0x00010000, ABSOLUTE)

    Execution Region ER_IROM1 (Exec base: 0x08000000, Load base: 0x08000000, Size: 0x00006200, Max: 0x00010000, ABSOLUTE)

    Exec Addr    Load Addr    Size         Type   Attr      Idx    E Section Name        Object

    0x08000000   0x08000000   0x000000ec   Data   RO            3    RESET               startup_stm32f103xb.o
    0x080000ec   0x080000ec   0x00000000   Code   RO         3558  * .ARM.Collect$$$$00000000  mc_w.l(entry.o)
    0x080000ec   0x080000ec   0x00000004   Code   RO         3864    .ARM.Collect$$$$00000001  mc_w.l(entry2.o)
    0x080000f0   0x080000f0   0x00000004   Code   RO         3867    .ARM.Collect$$$$00000004  mc_w.l(entry5.o)
    0x080000f4   0x080000f4   0x00000000   Code   RO         3869    .ARM.Collect$$$$00000008  mc_w.l(entry7b.o)
    0x080000f4   0x080000f4   0x00000000   Code   RO         3871    .ARM.Collect$$$$0000000A  mc_w.l(entry8b.o)
    0x080000f4   0x080000f4   0x00000008   Code   RO         3872    .ARM.Collect$$$$0000000B  mc_w.l(entry9a.o)
    0x080000fc   0x080000fc   0x00000000   Code   RO         3874    .ARM.Collect$$$$0000000D  mc_w.l(entry10a.o)
    0x080000fc   0x080000fc   0x00000000   Code   RO         3876    .ARM.Collect$$$$0000000F  mc_w.l(entry11a.o)
    0x080000fc   0x080000fc   0x00000004   Code   RO         3865    .ARM.Collect$$$$00002712  mc_w.l(entry2.o)
    0x08000100   0x08000100   0x00000024   Code   RO            4    .text               startup_stm32f103xb.o
    0x08000124   0x08000124   0x00000020   Code   RO         3561    .text               mc_w.l(llushr.o)
    0x08000144   0x08000144   0x00000024   Code   RO         3563    .text               mc_w.l(memcpya.o)
    0x08000168   0x08000168   0x00000024   Code   RO         3565    .text               mc_w.l(memseta.o)
    0x0800018c   0x0800018c   0x000000b0   Code   RO         3830    .text               mf_w.l(fadd.o)
    0x0800023c   0x0800023c   0x00000064   Code   RO         3832    .text               mf_w.l(fmul.o)
    0x080002a0   0x080002a0   0x0000007c   Code   RO         3834    .text               mf_w.l(fdiv.o)
    0x0800031c   0x0800031c   0x00000018   Code   RO         3836    .text               mf_w.l(fscalb.o)
    0x08000334   0x08000334   0x0000014e   Code   RO         3838    .text               mf_w.l(dadd.o)
    0x08000482   0x08000482   0x000000e4   Code   RO         3840    .text               mf_w.l(dmul.o)
    0x08000566   0x08000566   0x000000de   Code   RO         3842    .text               mf_w.l(ddiv.o)
    0x08000644   0x08000644   0x00000012   Code   RO         3844    .text               mf_w.l(fflti.o)
    0x08000656   0x08000656   0x0000000a   Code   RO         3846    .text               mf_w.l(ffltui.o)
    0x08000660   0x08000660   0x00000022   Code   RO         3848    .text               mf_w.l(dflti.o)
    0x08000682   0x08000682   0x00000032   Code   RO         3850    .text               mf_w.l(ffixi.o)
    0x080006b4   0x080006b4   0x0000003e   Code   RO         3852    .text               mf_w.l(dfixi.o)
    0x080006f2   0x080006f2   0x00000026   Code   RO         3854    .text               mf_w.l(f2d.o)
    0x08000718   0x08000718   0x00000030   Code   RO         3856    .text               mf_w.l(cdcmple.o)
    0x08000748   0x08000748   0x00000038   Code   RO         3858    .text               mf_w.l(d2f.o)
    0x08000780   0x08000780   0x00000014   Code   RO         3860    .text               mf_w.l(cfcmple.o)
    0x08000794   0x08000794   0x00000014   Code   RO         3862    .text               mf_w.l(cfrcmple.o)
    0x080007a8   0x080007a8   0x0000002c   Code   RO         3881    .text               mc_w.l(uidiv.o)
    0x080007d4   0x080007d4   0x00000062   Code   RO         3883    .text               mc_w.l(uldiv.o)
    0x08000836   0x08000836   0x0000001e   Code   RO         3885    .text               mc_w.l(llshl.o)
    0x08000854   0x08000854   0x00000024   Code   RO         3887    .text               mc_w.l(llsshr.o)
    0x08000878   0x08000878   0x00000000   Code   RO         3889    .text               mc_w.l(iusefp.o)
    0x08000878   0x08000878   0x0000006e   Code   RO         3890    .text               mf_w.l(fepilogue.o)
    0x080008e6   0x080008e6   0x000000ba   Code   RO         3892    .text               mf_w.l(depilogue.o)
    0x080009a0   0x080009a0   0x00000030   Code   RO         3894    .text               mf_w.l(dfixul.o)
    0x080009d0   0x080009d0   0x00000030   Code   RO         3896    .text               mf_w.l(cdrcmple.o)
    0x08000a00   0x08000a00   0x00000024   Code   RO         3898    .text               mc_w.l(init.o)
    0x08000a24   0x08000a24   0x00000002   Code   RO          376    i.BusFault_Handler  stm32f1xx_it.o
    0x08000a26   0x08000a26   0x00000002   PAD
    0x08000a28   0x08000a28   0x00000010   Code   RO         3529    i.Buzz_Init         buzz.o
    0x08000a38   0x08000a38   0x00000002   Code   RO          377    i.DebugMon_Handler  stm32f1xx_it.o
    0x08000a3a   0x08000a3a   0x00000004   Code   RO           13    i.Error_Handler     main.o
    0x08000a3e   0x08000a3e   0x00000002   PAD
    0x08000a40   0x08000a40   0x00000098   Code   RO         1906    i.HAL_DMA_Abort_IT  stm32f1xx_hal_dma.o
    0x08000ad8   0x08000ad8   0x00000024   Code   RO         1533    i.HAL_Delay         stm32f1xx_hal.o
    0x08000afc   0x08000afc   0x000001cc   Code   RO         1841    i.HAL_GPIO_Init     stm32f1xx_hal_gpio.o
    0x08000cc8   0x08000cc8   0x0000000a   Code   RO         1843    i.HAL_GPIO_ReadPin  stm32f1xx_hal_gpio.o
    0x08000cd2   0x08000cd2   0x0000000a   Code   RO         1845    i.HAL_GPIO_WritePin  stm32f1xx_hal_gpio.o
    0x08000cdc   0x08000cdc   0x0000000c   Code   RO         1537    i.HAL_GetTick       stm32f1xx_hal.o
    0x08000ce8   0x08000ce8   0x00000010   Code   RO         1543    i.HAL_IncTick       stm32f1xx_hal.o
    0x08000cf8   0x08000cf8   0x00000024   Code   RO         1544    i.HAL_Init          stm32f1xx_hal.o
    0x08000d1c   0x08000d1c   0x00000040   Code   RO         1545    i.HAL_InitTick      stm32f1xx_hal.o
    0x08000d5c   0x08000d5c   0x00000044   Code   RO          493    i.HAL_MspInit       stm32f1xx_hal_msp.o
    0x08000da0   0x08000da0   0x0000001a   Code   RO         2001    i.HAL_NVIC_EnableIRQ  stm32f1xx_hal_cortex.o
    0x08000dba   0x08000dba   0x00000002   PAD
    0x08000dbc   0x08000dbc   0x00000040   Code   RO         2007    i.HAL_NVIC_SetPriority  stm32f1xx_hal_cortex.o
    0x08000dfc   0x08000dfc   0x00000024   Code   RO         2008    i.HAL_NVIC_SetPriorityGrouping  stm32f1xx_hal_cortex.o
    0x08000e20   0x08000e20   0x00000138   Code   RO         1701    i.HAL_RCC_ClockConfig  stm32f1xx_hal_rcc.o
    0x08000f58   0x08000f58   0x00000020   Code   RO         1708    i.HAL_RCC_GetPCLK1Freq  stm32f1xx_hal_rcc.o
    0x08000f78   0x08000f78   0x00000020   Code   RO         1709    i.HAL_RCC_GetPCLK2Freq  stm32f1xx_hal_rcc.o
    0x08000f98   0x08000f98   0x0000006c   Code   RO         1710    i.HAL_RCC_GetSysClockFreq  stm32f1xx_hal_rcc.o
    0x08001004   0x08001004   0x00000318   Code   RO         1713    i.HAL_RCC_OscConfig  stm32f1xx_hal_rcc.o
    0x0800131c   0x0800131c   0x00000028   Code   RO         2012    i.HAL_SYSTICK_Config  stm32f1xx_hal_cortex.o
    0x08001344   0x08001344   0x00000002   Code   RO         1259    i.HAL_TIMEx_BreakCallback  stm32f1xx_hal_tim_ex.o
    0x08001346   0x08001346   0x00000002   Code   RO         1260    i.HAL_TIMEx_CommutCallback  stm32f1xx_hal_tim_ex.o
    0x08001348   0x08001348   0x00000054   Code   RO         1262    i.HAL_TIMEx_ConfigBreakDeadTime  stm32f1xx_hal_tim_ex.o
    0x0800139c   0x0800139c   0x00000068   Code   RO         1278    i.HAL_TIMEx_MasterConfigSynchronization  stm32f1xx_hal_tim_ex.o
    0x08001404   0x08001404   0x0000005a   Code   RO          555    i.HAL_TIM_Base_Init  stm32f1xx_hal_tim.o
    0x0800145e   0x0800145e   0x00000002   PAD
    0x08001460   0x08001460   0x0000003c   Code   RO          239    i.HAL_TIM_Base_MspInit  tim.o
    0x0800149c   0x0800149c   0x00000058   Code   RO          560    i.HAL_TIM_Base_Start_IT  stm32f1xx_hal_tim.o
    0x080014f4   0x080014f4   0x000000d6   Code   RO          564    i.HAL_TIM_ConfigClockSource  stm32f1xx_hal_tim.o
    0x080015ca   0x080015ca   0x000000a4   Code   RO          576    i.HAL_TIM_Encoder_Init  stm32f1xx_hal_tim.o
    0x0800166e   0x0800166e   0x00000002   PAD
    0x08001670   0x08001670   0x000000a8   Code   RO          241    i.HAL_TIM_Encoder_MspInit  tim.o
    0x08001718   0x08001718   0x00000092   Code   RO          579    i.HAL_TIM_Encoder_Start  stm32f1xx_hal_tim.o
    0x080017aa   0x080017aa   0x00000002   Code   RO          589    i.HAL_TIM_IC_CaptureCallback  stm32f1xx_hal_tim.o
    0x080017ac   0x080017ac   0x00000166   Code   RO          603    i.HAL_TIM_IRQHandler  stm32f1xx_hal_tim.o
    0x08001912   0x08001912   0x00000002   PAD
    0x08001914   0x08001914   0x0000004c   Code   RO          242    i.HAL_TIM_MspPostInit  tim.o
    0x08001960   0x08001960   0x00000002   Code   RO          606    i.HAL_TIM_OC_DelayElapsedCallback  stm32f1xx_hal_tim.o
    0x08001962   0x08001962   0x000000c6   Code   RO          627    i.HAL_TIM_PWM_ConfigChannel  stm32f1xx_hal_tim.o
    0x08001a28   0x08001a28   0x0000005a   Code   RO          630    i.HAL_TIM_PWM_Init  stm32f1xx_hal_tim.o
    0x08001a82   0x08001a82   0x00000002   PAD
    0x08001a84   0x08001a84   0x00000028   Code   RO          244    i.HAL_TIM_PWM_MspInit  tim.o
    0x08001aac   0x08001aac   0x00000002   Code   RO          633    i.HAL_TIM_PWM_PulseFinishedCallback  stm32f1xx_hal_tim.o
    0x08001aae   0x08001aae   0x00000002   PAD
    0x08001ab0   0x08001ab0   0x000000a0   Code   RO          635    i.HAL_TIM_PWM_Start  stm32f1xx_hal_tim.o
    0x08001b50   0x08001b50   0x00000070   Code   RO          638    i.HAL_TIM_PWM_Stop  stm32f1xx_hal_tim.o
    0x08001bc0   0x08001bc0   0x000003a8   Code   RO         3198    i.HAL_TIM_PeriodElapsedCallback  control.o
    0x08001f68   0x08001f68   0x00000002   Code   RO          646    i.HAL_TIM_TriggerCallback  stm32f1xx_hal_tim.o
    0x08001f6a   0x08001f6a   0x00000002   Code   RO         2522    i.HAL_UART_ErrorCallback  stm32f1xx_hal_uart.o
    0x08001f6c   0x08001f6c   0x0000015c   Code   RO         2525    i.HAL_UART_IRQHandler  stm32f1xx_hal_uart.o
    0x080020c8   0x080020c8   0x00000062   Code   RO         2526    i.HAL_UART_Init     stm32f1xx_hal_uart.o
    0x0800212a   0x0800212a   0x00000002   PAD
    0x0800212c   0x0800212c   0x000000d8   Code   RO          329    i.HAL_UART_MspInit  usart.o
    0x08002204   0x08002204   0x00000052   Code   RO         2531    i.HAL_UART_Receive_IT  stm32f1xx_hal_uart.o
    0x08002256   0x08002256   0x00000002   PAD
    0x08002258   0x08002258   0x00000030   Code   RO          378    i.HAL_UART_RxCpltCallback  stm32f1xx_it.o
    0x08002288   0x08002288   0x00000002   Code   RO         2537    i.HAL_UART_TxCpltCallback  stm32f1xx_hal_uart.o
    0x0800228a   0x0800228a   0x00000002   Code   RO          379    i.HardFault_Handler  stm32f1xx_it.o
    0x0800228c   0x0800228c   0x00000044   Code   RO         2860    i.I2C_Start         oled.o
    0x080022d0   0x080022d0   0x00000034   Code   RO         2861    i.I2C_Stop          oled.o
    0x08002304   0x08002304   0x00000038   Code   RO         2862    i.I2C_WaitAck       oled.o
    0x0800233c   0x0800233c   0x0000000a   Code   RO         2863    i.IIC_delay         oled.o
    0x08002346   0x08002346   0x00000002   PAD
    0x08002348   0x08002348   0x00000138   Code   RO          210    i.MX_GPIO_Init      gpio.o
    0x08002480   0x08002480   0x000000b0   Code   RO          245    i.MX_TIM1_Init      tim.o
    0x08002530   0x08002530   0x00000068   Code   RO          246    i.MX_TIM2_Init      tim.o
    0x08002598   0x08002598   0x00000068   Code   RO          247    i.MX_TIM3_Init      tim.o
    0x08002600   0x08002600   0x0000006c   Code   RO          248    i.MX_TIM4_Init      tim.o
    0x0800266c   0x0800266c   0x00000038   Code   RO          330    i.MX_USART1_UART_Init  usart.o
    0x080026a4   0x080026a4   0x00000038   Code   RO          331    i.MX_USART2_UART_Init  usart.o
    0x080026dc   0x080026dc   0x00000002   Code   RO          380    i.MemManage_Handler  stm32f1xx_it.o
    0x080026de   0x080026de   0x00000002   Code   RO          381    i.NMI_Handler       stm32f1xx_it.o
    0x080026e0   0x080026e0   0x0000002c   Code   RO         2864    i.OLED_Clear        oled.o
    0x0800270c   0x0800270c   0x00000016   Code   RO         2865    i.OLED_ColorTurn    oled.o
    0x08002722   0x08002722   0x0000002c   Code   RO         2868    i.OLED_DisplayTurn  oled.o
    0x0800274e   0x0800274e   0x00000002   PAD
    0x08002750   0x08002750   0x0000002c   Code   RO         2871    i.OLED_DrawPoint    oled.o
    0x0800277c   0x0800277c   0x000000e0   Code   RO         2872    i.OLED_Init         oled.o
    0x0800285c   0x0800285c   0x00000064   Code   RO         2874    i.OLED_Refresh      oled.o
    0x080028c0   0x080028c0   0x000000dc   Code   RO         2876    i.OLED_ShowChar     oled.o
    0x0800299c   0x0800299c   0x0000003c   Code   RO         2880    i.OLED_ShowString   oled.o
    0x080029d8   0x080029d8   0x00000036   Code   RO         2881    i.OLED_WR_Byte      oled.o
    0x08002a0e   0x08002a0e   0x00000002   Code   RO          382    i.PendSV_Handler    stm32f1xx_it.o
    0x08002a10   0x08002a10   0x00000002   Code   RO          383    i.SVC_Handler       stm32f1xx_it.o
    0x08002a12   0x08002a12   0x00000002   PAD
    0x08002a14   0x08002a14   0x00000054   Code   RO         2882    i.Send_Byte         oled.o
    0x08002a68   0x08002a68   0x00000004   Code   RO          384    i.SysTick_Handler   stm32f1xx_it.o
    0x08002a6c   0x08002a6c   0x0000005c   Code   RO           14    i.SystemClock_Config  main.o
    0x08002ac8   0x08002ac8   0x00000002   Code   RO         2823    i.SystemInit        system_stm32f1xx.o
    0x08002aca   0x08002aca   0x00000002   PAD
    0x08002acc   0x08002acc   0x0000000c   Code   RO          385    i.TIM2_IRQHandler   stm32f1xx_it.o
    0x08002ad8   0x08002ad8   0x0000000c   Code   RO          386    i.TIM3_IRQHandler   stm32f1xx_it.o
    0x08002ae4   0x08002ae4   0x0000000c   Code   RO          387    i.TIM4_IRQHandler   stm32f1xx_it.o
    0x08002af0   0x08002af0   0x0000006c   Code   RO          648    i.TIM_Base_SetConfig  stm32f1xx_hal_tim.o
    0x08002b5c   0x08002b5c   0x0000001a   Code   RO          649    i.TIM_CCxChannelCmd  stm32f1xx_hal_tim.o
    0x08002b76   0x08002b76   0x00000014   Code   RO          659    i.TIM_ETR_SetConfig  stm32f1xx_hal_tim.o
    0x08002b8a   0x08002b8a   0x00000010   Code   RO          660    i.TIM_ITRx_SetConfig  stm32f1xx_hal_tim.o
    0x08002b9a   0x08002b9a   0x00000002   PAD
    0x08002b9c   0x08002b9c   0x00000058   Code   RO          661    i.TIM_OC1_SetConfig  stm32f1xx_hal_tim.o
    0x08002bf4   0x08002bf4   0x0000005c   Code   RO          662    i.TIM_OC2_SetConfig  stm32f1xx_hal_tim.o
    0x08002c50   0x08002c50   0x00000058   Code   RO          663    i.TIM_OC3_SetConfig  stm32f1xx_hal_tim.o
    0x08002ca8   0x08002ca8   0x00000044   Code   RO          664    i.TIM_OC4_SetConfig  stm32f1xx_hal_tim.o
    0x08002cec   0x08002cec   0x00000022   Code   RO          666    i.TIM_TI1_ConfigInputStage  stm32f1xx_hal_tim.o
    0x08002d0e   0x08002d0e   0x00000024   Code   RO          668    i.TIM_TI2_ConfigInputStage  stm32f1xx_hal_tim.o
    0x08002d32   0x08002d32   0x00000010   Code   RO         2539    i.UART_DMAAbortOnError  stm32f1xx_hal_uart.o
    0x08002d42   0x08002d42   0x0000001c   Code   RO         2549    i.UART_EndRxTransfer  stm32f1xx_hal_uart.o
    0x08002d5e   0x08002d5e   0x0000008c   Code   RO         2551    i.UART_Receive_IT   stm32f1xx_hal_uart.o
    0x08002dea   0x08002dea   0x00000002   PAD
    0x08002dec   0x08002dec   0x000000b8   Code   RO         2552    i.UART_SetConfig    stm32f1xx_hal_uart.o
    0x08002ea4   0x08002ea4   0x0000000c   Code   RO          388    i.USART1_IRQHandler  stm32f1xx_it.o
    0x08002eb0   0x08002eb0   0x0000000c   Code   RO          389    i.USART2_IRQHandler  stm32f1xx_it.o
    0x08002ebc   0x08002ebc   0x00000002   Code   RO          390    i.UsageFault_Handler  stm32f1xx_it.o
    0x08002ebe   0x08002ebe   0x00000002   PAD
    0x08002ec0   0x08002ec0   0x00000028   Code   RO         3804    i.__0sprintf        mc_w.l(printfa.o)
    0x08002ee8   0x08002ee8   0x00000020   Code   RO         2014    i.__NVIC_SetPriority  stm32f1xx_hal_cortex.o
    0x08002f08   0x08002f08   0x0000000e   Code   RO         3904    i.__scatterload_copy  mc_w.l(handlers.o)
    0x08002f16   0x08002f16   0x00000002   Code   RO         3905    i.__scatterload_null  mc_w.l(handlers.o)
    0x08002f18   0x08002f18   0x0000000e   Code   RO         3906    i.__scatterload_zeroinit  mc_w.l(handlers.o)
    0x08002f26   0x08002f26   0x00000002   PAD
    0x08002f28   0x08002f28   0x00000184   Code   RO         3809    i._fp_digits        mc_w.l(printfa.o)
    0x080030ac   0x080030ac   0x000006dc   Code   RO         3810    i._printf_core      mc_w.l(printfa.o)
    0x08003788   0x08003788   0x00000024   Code   RO         3811    i._printf_post_padding  mc_w.l(printfa.o)
    0x080037ac   0x080037ac   0x0000002e   Code   RO         3812    i._printf_pre_padding  mc_w.l(printfa.o)
    0x080037da   0x080037da   0x0000000a   Code   RO         3814    i._sputc            mc_w.l(printfa.o)
    0x080037e4   0x080037e4   0x00000080   Code   RO         3199    i.car_go            control.o
    0x08003864   0x08003864   0x0000007c   Code   RO         3201    i.car_spin          control.o
    0x080038e0   0x080038e0   0x0000000e   Code   RO         3203    i.car_stop          control.o
    0x080038ee   0x080038ee   0x00000002   PAD
    0x080038f0   0x080038f0   0x00000080   Code   RO         3474    i.detect_line       line.o
    0x08003970   0x08003970   0x00000008   Code   RO         3033    i.find_abs          motor.o
    0x08003978   0x08003978   0x00000080   Code   RO         3385    i.jy61p_ReceiveData  jy61p.o
    0x080039f8   0x080039f8   0x00000078   Code   RO         3418    i.key_scan          key.o
    0x08003a70   0x08003a70   0x0000002a   Code   RO         3034    i.limit_motor_pwm   motor.o
    0x08003a9a   0x08003a9a   0x00000002   PAD
    0x08003a9c   0x08003a9c   0x00000108   Code   RO         3475    i.line_err          line.o
    0x08003ba4   0x08003ba4   0x00000010   Code   RO         3204    i.line_pid_control  control.o
    0x08003bb4   0x08003bb4   0x00000074   Code   RO         3476    i.line_pid_realize  line.o
    0x08003c28   0x08003c28   0x0000007c   Code   RO         3035    i.load_motor_pwm    motor.o
    0x08003ca4   0x08003ca4   0x00000034   Code   RO         3206    i.location1_pid_control  control.o
    0x08003cd8   0x08003cd8   0x00000034   Code   RO         3207    i.location2_pid_control  control.o
    0x08003d0c   0x08003d0c   0x00000052   Code   RO         3127    i.location_pid_realize  pid.o
    0x08003d5e   0x08003d5e   0x00000002   PAD
    0x08003d60   0x08003d60   0x00000064   Code   RO         3208    i.location_speed_control  control.o
    0x08003dc4   0x08003dc4   0x000001b4   Code   RO           15    i.main              main.o
    0x08003f78   0x08003f78   0x000000bc   Code   RO         3128    i.pid_param_init    pid.o
    0x08004034   0x08004034   0x0000000c   Code   RO         3099    i.read_pluse        encoder.o
    0x08004040   0x08004040   0x00000018   Code   RO         3036    i.set_motor1_disable  motor.o
    0x08004058   0x08004058   0x00000018   Code   RO         3037    i.set_motor1_enable  motor.o
    0x08004070   0x08004070   0x00000018   Code   RO         3038    i.set_motor2_disable  motor.o
    0x08004088   0x08004088   0x00000018   Code   RO         3039    i.set_motor2_enable  motor.o
    0x080040a0   0x080040a0   0x00000004   Code   RO         3130    i.set_pid_target    pid.o
    0x080040a4   0x080040a4   0x0000004c   Code   RO         3209    i.speed1_pid_control  control.o
    0x080040f0   0x080040f0   0x0000004c   Code   RO         3210    i.speed2_pid_control  control.o
    0x0800413c   0x0800413c   0x00000078   Code   RO         3131    i.speed_pid_realize  pid.o
    0x080041b4   0x080041b4   0x000000b0   Code   RO         3132    i.straight_pid_realize  pid.o
    0x08004264   0x08004264   0x00000038   Code   RO         3211    i.turn_angle_pid_control  control.o
    0x0800429c   0x0800429c   0x00000098   Code   RO         3133    i.turn_angle_pid_realize  pid.o
    0x08004334   0x08004334   0x00000064   Code   RO         3212    i.turn_angle_speed_control  control.o
    0x08004398   0x08004398   0x00000010   Data   RO         2824    .constdata          system_stm32f1xx.o
    0x080043a8   0x080043a8   0x00000008   Data   RO         2825    .constdata          system_stm32f1xx.o
    0x080043b0   0x080043b0   0x00001e10   Data   RO         2884    .constdata          oled.o
    0x080061c0   0x080061c0   0x00000020   Data   RO         3479    .constdata          line.o
    0x080061e0   0x080061e0   0x00000020   Data   RO         3902    Region$$Table       anon$$obj.o


    Execution Region RW_IRAM1 (Exec base: 0x20000000, Load base: 0x08006200, Size: 0x00000bd0, Max: 0x00005000, ABSOLUTE)

    Exec Addr    Load Addr    Size         Type   Attr      Idx    E Section Name        Object

    0x20000000   0x08006200   0x00000001   Data   RW           19    .data               main.o
    0x20000001   0x08006201   0x00000003   PAD
    0x20000004   0x08006204   0x00000004   Data   RW           20    .data               main.o
    0x20000008   0x08006208   0x00000001   Data   RW          391    .data               stm32f1xx_it.o
    0x20000009   0x08006209   0x00000003   PAD
    0x2000000c   0x0800620c   0x0000000c   Data   RW         1551    .data               stm32f1xx_hal.o
    0x20000018   0x08006218   0x00000004   Data   RW         2826    .data               system_stm32f1xx.o
    0x2000001c   0x0800621c   0x00000002   Data   RW         3040    .data               motor.o
    0x2000001e   0x0800621e   0x00000002   PAD
    0x20000020   0x08006220   0x0000005c   Data   RW         3213    .data               control.o
    0x2000007c   0x0800627c   0x00000008   Data   RW         3387    .data               jy61p.o
    0x20000084   0x08006284   0x00000001   Data   RW         3419    .data               key.o
    0x20000085   0x08006285   0x00000003   PAD
    0x20000088   0x08006288   0x00000008   Data   RW         3480    .data               line.o
    0x20000090        -       0x00000032   Zero   RW           16    .bss                main.o
    0x200000c2   0x08006290   0x00000002   PAD
    0x200000c4        -       0x00000120   Zero   RW          249    .bss                tim.o
    0x200001e4        -       0x00000080   Zero   RW          332    .bss                usart.o
    0x20000264        -       0x00000480   Zero   RW         2883    .bss                oled.o
    0x200006e4        -       0x000000e0   Zero   RW         3134    .bss                pid.o
    0x200007c4        -       0x0000000b   Zero   RW         3386    .bss                jy61p.o
    0x200007cf   0x08006290   0x00000001   PAD
    0x200007d0        -       0x00000400   Zero   RW            1    STACK               startup_stm32f103xb.o


==============================================================================

Image component sizes


      Code (inc. data)   RO Data    RW Data    ZI Data      Debug   Object Name

        16          6          0          0          0        368   buzz.o
      1730        276          0         92          0      10597   control.o
        12          0          0          0          0        837   encoder.o
       312         18          0          0          0       1007   gpio.o
       128         12          0          8         11       1370   jy61p.o
       120          8          0          1          0        623   key.o
       508         56         32          8          0       2268   line.o
       532         66          0          5         50     427187   main.o
       270         48          0          2          0       4048   motor.o
      1082         52       7696          0       1152       9656   oled.o
       722         90          0          0        224       4856   pid.o
        36          8        236          0       1024        792   startup_stm32f103xb.o
       164         28          0         12          0       5825   stm32f1xx_hal.o
       198         14          0          0          0      28851   stm32f1xx_hal_cortex.o
       152          4          0          0          0       1083   stm32f1xx_hal_dma.o
       480         34          0          0          0       3435   stm32f1xx_hal_gpio.o
        68         10          0          0          0        854   stm32f1xx_hal_msp.o
      1276        100          0          0          0       5288   stm32f1xx_hal_rcc.o
      2204         62          0          0          0      18394   stm32f1xx_hal_tim.o
       192         12          0          0          0       3201   stm32f1xx_hal_tim_ex.o
       900         10          0          0          0       6839   stm32f1xx_hal_uart.o
       128         44          0          1          0       7234   stm32f1xx_it.o
         2          0         24          4          0       1091   system_stm32f1xx.o
       836         80          0          0        288       5419   tim.o
       328         34          0          0        128       2315   usart.o

    ----------------------------------------------------------------------
     12436       1072       8020        144       2880     553438   Object Totals
         0          0         32          0          0          0   (incl. Generated)
        40          0          0         11          3          0   (incl. Padding)

    ----------------------------------------------------------------------

      Code (inc. data)   RO Data    RW Data    ZI Data      Debug   Library Member Name

         0          0          0          0          0          0   entry.o
         0          0          0          0          0          0   entry10a.o
         0          0          0          0          0          0   entry11a.o
         8          4          0          0          0          0   entry2.o
         4          0          0          0          0          0   entry5.o
         0          0          0          0          0          0   entry7b.o
         0          0          0          0          0          0   entry8b.o
         8          4          0          0          0          0   entry9a.o
        30          0          0          0          0          0   handlers.o
        36          8          0          0          0         68   init.o
         0          0          0          0          0          0   iusefp.o
        30          0          0          0          0         68   llshl.o
        36          0          0          0          0         68   llsshr.o
        32          0          0          0          0         68   llushr.o
        36          0          0          0          0         68   memcpya.o
        36          0          0          0          0        108   memseta.o
      2276         86          0          0          0        520   printfa.o
        44          0          0          0          0         80   uidiv.o
        98          0          0          0          0         92   uldiv.o
        48          0          0          0          0         68   cdcmple.o
        48          0          0          0          0         68   cdrcmple.o
        20          0          0          0          0         68   cfcmple.o
        20          0          0          0          0         68   cfrcmple.o
        56          0          0          0          0         88   d2f.o
       334          0          0          0          0        148   dadd.o
       222          0          0          0          0        100   ddiv.o
       186          0          0          0          0        176   depilogue.o
        62          0          0          0          0         80   dfixi.o
        48          0          0          0          0         68   dfixul.o
        34          0          0          0          0         76   dflti.o
       228          0          0          0          0         96   dmul.o
        38          0          0          0          0         68   f2d.o
       176          0          0          0          0        140   fadd.o
       124          0          0          0          0         88   fdiv.o
       110          0          0          0          0        168   fepilogue.o
        50          0          0          0          0         68   ffixi.o
        18          0          0          0          0         68   fflti.o
        10          0          0          0          0         68   ffltui.o
       100          0          0          0          0         76   fmul.o
        24          0          0          0          0         68   fscalb.o

    ----------------------------------------------------------------------
      4632        102          0          0          0       3056   Library Totals
         2          0          0          0          0          0   (incl. Padding)

    ----------------------------------------------------------------------

      Code (inc. data)   RO Data    RW Data    ZI Data      Debug   Library Name

      2674        102          0          0          0       1140   mc_w.l
      1956          0          0          0          0       1916   mf_w.l

    ----------------------------------------------------------------------
      4632        102          0          0          0       3056   Library Totals

    ----------------------------------------------------------------------

==============================================================================


      Code (inc. data)   RO Data    RW Data    ZI Data      Debug   

     17068       1174       8020        144       2880     548170   Grand Totals
     17068       1174       8020        144       2880     548170   ELF Image Totals
     17068       1174       8020        144          0          0   ROM Totals

==============================================================================

    Total RO  Size (Code + RO Data)                25088 (  24.50kB)
    Total RW  Size (RW Data + ZI Data)              3024 (   2.95kB)
    Total ROM Size (Code + RO Data + RW Data)      25232 (  24.64kB)

==============================================================================

