<html>
<body>
<pre>
<h1>�Vision Build Log</h1>
<h2>Tool Versions:</h2>
IDE-Version: ��Vision V5.37.0.0
Copyright (C) 2022 ARM Ltd and ARM Germany GmbH. All rights reserved.
License Information: 123456 Lenovo, 132456, LIC=FYKYW-QEAP7-HLMCL-0B2J6-ERB7M-37X9U
 
Tool Versions:
Toolchain:       MDK-ARM Plus  Version: 5.37.0.0
Toolchain Path:  D:\Users\Lenovo\Desktop\HAl-keil5\keil5\core\ARM\ARMCC\Bin
C Compiler:      Armcc.exe V5.06 update 7 (build 960)
Assembler:       Armasm.exe V5.06 update 7 (build 960)
Linker/Locator:  ArmLink.exe V5.06 update 7 (build 960)
Library Manager: ArmAr.exe V5.06 update 7 (build 960)
Hex Converter:   FromElf.exe V5.06 update 7 (build 960)
CPU DLL:         SARMCM3.DLL V5.37.0.0
Dialog DLL:      DCM.DLL V1.17.5.0
Target DLL:      STLink\ST-LINKIII-KEIL_SWO.dll V3.0.9.0
Dialog DLL:      TCM.DLL V1.56.1.0
 
<h2>Project:</h2>
d:\Users\Lenovo\Desktop\HAl-keil5\��������\line_car_2025\MDK-ARM\f103c8t6_test.uvprojx
Project File Date:  07/23/2025

<h2>Output:</h2>
*** Using Compiler 'V5.06 update 7 (build 960)', folder: 'D:\Users\Lenovo\Desktop\HAl-keil5\keil5\core\ARM\ARMCC\Bin'
Build target 'f103c8t6_test'
compiling main.c...
compiling control.c...
..\HARDWARE\CONTROL\control.c(188): warning:  #177-D: variable "count1"  was declared but never referenced
                  int count1 = 0;
..\HARDWARE\CONTROL\control.c(227): warning:  #177-D: variable "g_Line_Flag"  was declared but never referenced
      uint8_t g_Line_Flag = 0;         // 巡线标志�?,0不巡�?,1巡线
..\HARDWARE\CONTROL\control.c(228): warning:  #177-D: variable "g_Stop_Flag"  was declared but never referenced
      uint8_t g_Stop_Flag = 1;         // 停止标志�?,0行驶,1停止
..\HARDWARE\CONTROL\control.c(229): warning:  #177-D: variable "g_Spin_Start_Flag"  was declared but never referenced
      uint8_t g_Spin_Start_Flag = 0;   // 转向开始标志位
..\HARDWARE\CONTROL\control.c(230): warning:  #177-D: variable "g_Spin_Succeed_Flag"  was declared but never referenced
      uint8_t g_Spin_Succeed_Flag = 0; // 转向结束标志�?
..\HARDWARE\CONTROL\control.c(231): warning:  #177-D: variable "g_Turn_Flag"  was declared but never referenced
      uint8_t g_Turn_Flag = 0;         // 转向标志�?,好像没用�?
..\HARDWARE\CONTROL\control.c(232): warning:  #177-D: variable "g_Angle_Flag"  was declared but never referenced
      uint8_t g_Angle_Flag = 0;        // 角度环调试标志位
..\HARDWARE\CONTROL\control.c(624): warning:  #177-D: variable "actual_speed"  was declared but never referenced
      int32_t actual_speed;
..\HARDWARE\CONTROL\control.c: 8 warnings, 0 errors
linking...
Program Size: Code=17124 RO-data=8020 RW-data=140 ZI-data=2852  
FromELF: creating hex file...
"f103c8t6_test\f103c8t6_test.axf" - 0 Error(s), 8 Warning(s).

<h2>Software Packages used:</h2>

Package Vendor: ARM
                http://www.keil.com/pack/ARM.CMSIS.5.9.0.pack
                ARM.CMSIS.5.9.0
                CMSIS (Common Microcontroller Software Interface Standard)
   * Component: CORE Version: 5.6.0

Package Vendor: Keil
                https://www.keil.com/pack/Keil.STM32F1xx_DFP.2.4.1.pack
                Keil.STM32F1xx_DFP.2.4.1
                STMicroelectronics STM32F1 Series Device Support, Drivers and Examples

<h2>Collection of Component include folders:</h2>
  ./RTE/_f103c8t6_test
  D:/Users/Lenovo/Desktop/HAl-keil5/keil5/pack/ARM/CMSIS/5.9.0/CMSIS/Core/Include
  D:/Users/Lenovo/Desktop/HAl-keil5/keil5/pack/Keil/STM32F1xx_DFP/2.4.1/Device/Include

<h2>Collection of Component Files used:</h2>

   * Component: ARM::CMSIS:CORE:5.6.0
      Include file:  CMSIS/Core/Include/tz_context.h
Build Time Elapsed:  00:00:01
</pre>
</body>
</html>
