<html>
<body>
<pre>
<h1>�Vision Build Log</h1>
<h2>Tool Versions:</h2>
IDE-Version: ��Vision V5.24.2.0
Copyright (C) 2017 ARM Ltd and ARM Germany GmbH. All rights reserved.
License Information: z Walnut, bupt, LIC=QF82M-XQDW6-IIH5V-PMFAD-P11V3-LPPMH
 
Tool Versions:
Toolchain:       MDK-ARM Plus  Version: 5.24.1
Toolchain Path:  C:\Keil_v5\ARM\ARMCC\Bin
C Compiler:      Armcc.exe V5.06 update 5 (build 528)
Assembler:       Armasm.exe V5.06 update 5 (build 528)
Linker/Locator:  ArmLink.exe V5.06 update 5 (build 528)
Library Manager: ArmAr.exe V5.06 update 5 (build 528)
Hex Converter:   FromElf.exe V5.06 update 5 (build 528)
CPU DLL:         SARMCM3.DLL V5.24.1
Dialog DLL:      DCM.DLL V1.16.0.0
Target DLL:      STLink\ST-LINKIII-KEIL_SWO.dll V3.0.1.0
Dialog DLL:      TCM.DLL V1.32.0.0
 
<h2>Project:</h2>
D:\zyk's file\stm32\car_line\line_car_2025\MDK-ARM\f103c8t6_test.uvprojx
Project File Date:  07/23/2025

<h2>Output:</h2>
*** Using Compiler 'V5.06 update 5 (build 528)', folder: 'C:\Keil_v5\ARM\ARMCC\Bin'
Build target 'f103c8t6_test'
compiling main.c...
compiling protocol.c...
compiling pid.c...
compiling control.c...
..\HARDWARE\CONTROL\control.c(258): warning:  #177-D: variable "g_Line_Flag"  was declared but never referenced
      uint8_t g_Line_Flag = 0;         // 巡线标志�?,0不巡�?,1巡线
..\HARDWARE\CONTROL\control.c(259): warning:  #177-D: variable "g_Stop_Flag"  was declared but never referenced
      uint8_t g_Stop_Flag = 0;         // 停止标志�?,0行驶,1停止
..\HARDWARE\CONTROL\control.c(260): warning:  #177-D: variable "g_Spin_Start_Flag"  was declared but never referenced
      uint8_t g_Spin_Start_Flag = 0;   // 转向开始标志位
..\HARDWARE\CONTROL\control.c(261): warning:  #177-D: variable "g_Spin_Succeed_Flag"  was declared but never referenced
      uint8_t g_Spin_Succeed_Flag = 0; // 转向结束标志�?
..\HARDWARE\CONTROL\control.c(262): warning:  #177-D: variable "g_Turn_Flag"  was declared but never referenced
      uint8_t g_Turn_Flag = 0;         // 转向标志�?,好像没用�?
..\HARDWARE\CONTROL\control.c(263): warning:  #177-D: variable "g_Angle_Flag"  was declared but never referenced
      uint8_t g_Angle_Flag = 0;        // 角度环调试标志位
..\HARDWARE\CONTROL\control.c(613): warning:  #177-D: variable "actual_speed"  was declared but never referenced
      int32_t actual_speed;
..\HARDWARE\CONTROL\control.c: 7 warnings, 0 errors
linking...
Program Size: Code=16880 RO-data=8020 RW-data=132 ZI-data=2852  
FromELF: creating hex file...
"f103c8t6_test\f103c8t6_test.axf" - 0 Error(s), 7 Warning(s).

<h2>Software Packages used:</h2>

Package Vendor: ARM
                http://www.keil.com/pack/ARM.CMSIS.5.6.0.pack
                ARM.CMSIS.5.6.0
                CMSIS (Cortex Microcontroller Software Interface Standard)
   * Component: CORE Version: 5.3.0

Package Vendor: Keil
                http://www.keil.com/pack/Keil.STM32F1xx_DFP.2.3.0.pack
                Keil.STM32F1xx_DFP.2.3.0
                STMicroelectronics STM32F1 Series Device Support, Drivers and Examples

<h2>Collection of Component include folders:</h2>
  .\RTE\_f103c8t6_test
  C:\Users\Walnut\AppData\Local\Arm\Packs\ARM\CMSIS\5.6.0\CMSIS\Core\Include
  C:\Users\Walnut\AppData\Local\Arm\Packs\Keil\STM32F1xx_DFP\2.3.0\Device\Include

<h2>Collection of Component Files used:</h2>

   * Component: ARM::CMSIS:CORE:5.3.0
Build Time Elapsed:  00:00:04
</pre>
</body>
</html>
